 marcy

 Timestamp is 57715de0 (Mon Jun 27 19:09:52 2016)

 Preferred load address is 0000000180000000

 Start         Length     Name                   Class
 0001:00000000 00005429H .text                   CODE
 0001:00005430 0005151aH .text$mn                CODE
 0001:00056950 00001016H .text$mn$00             CODE
 0001:00057970 000017ceH .text$x                 CODE
 0002:00000000 00000109H .CRT$XCA                DATA
 0002:00000110 00000109H .CRT$XCZ                DATA
 0002:00000220 00000109H .CRT$XIA                DATA
 0002:00000330 0000012dH .CRT$XIC                DATA
 0002:00000460 00000109H .CRT$XIZ                DATA
 0002:00000570 00000109H .CRT$XPA                DATA
 0002:00000680 0000011bH .CRT$XPX                DATA
 0002:000007a0 00000109H .CRT$XPXA               DATA
 0002:000008b0 00000109H .CRT$XPZ                DATA
 0002:000009c0 00000109H .CRT$XTA                DATA
 0002:00000ad0 00000109H .CRT$XTZ                DATA
 0002:00000be0 0000bafcH .rdata                  DATA
 0002:0000c6e0 000004ecH .rdata$r                DATA
 0002:0000cbd0 00000113H .rdata$zETW0            DATA
 0002:0000cce3 0000018eH .rdata$zETW1            DATA
 0002:0000ce71 00000134H .rdata$zETW2            DATA
 0002:0000cfa5 00000101H .rdata$zETW9            DATA
 0002:0000d0a8 00000156H .rdata$zzzdbg           DATA
 0002:0000d200 00000109H .rtc$IAA                DATA
 0002:0000d310 00000109H .rtc$IZZ                DATA
 0002:0000d420 00000109H .rtc$TAA                DATA
 0002:0000d530 00000109H .rtc$TZZ                DATA
 0002:0000d640 0000559aH .xdata                  DATA
 0002:00012bda 00000000H .edata                  DATA
 0003:00000000 00000ce5H .data                   DATA
 0003:00000ce8 00000223H .data$r                 DATA
 0003:00000f10 00001c61H .bss                    DATA
 0004:00000000 00004434H .pdata                  DATA
 0005:00000000 000003a8H .idata$5                DATA
 0005:000003a8 00000028H .idata$2                DATA
 0005:000003d0 00000014H .idata$3                DATA
 0005:000003e8 000003a8H .idata$4                DATA
 0005:00000790 000007c5H .idata$6                DATA
 0006:00000000 0000020cH .gfids$x                DATA
 0006:0000020c 000001afH .gfids$y                DATA
 0007:00000000 0000011bH .00cfg                  DATA

  Address         Publics by Value              Rva+Base               Lib:Object

 0000:00000000       __guard_iat_table          0000000000000000     <absolute>
 0000:00000000       ___safe_se_handler_table   0000000000000000     <absolute>
 0000:00000000       __guard_fids_count         0000000000000000     <absolute>
 0000:00000000       __guard_iat_count          0000000000000000     <absolute>
 0000:00000000       __guard_longjmp_table      0000000000000000     <absolute>
 0000:00000000       __guard_longjmp_count      0000000000000000     <absolute>
 0000:00000000       ___safe_se_handler_count   0000000000000000     <absolute>
 0000:00000000       __guard_fids_table         0000000000000000     <absolute>
 0000:00000100       __guard_flags              0000000000000100     <absolute>
 0000:00000000       __ImageBase                0000000180000000     <linker-defined>
 0001:000050e4       ?TraceLoggingRegister@__vcrt_trace_logging_provider@@YAJPEBU_TlgProvider_t@1@PEBU_GUID@@P6AX1KE_K2PEAU_EVENT_FILTER_DESCRIPTOR@@PEAX@Z4@Z 00000001800060e4 f i libvcruntime:telemetry.obj
 0001:0000517c       ?TraceLoggingSetInformation@__vcrt_trace_logging_provider@@YAJPEBU_TlgProvider_t@1@W4_EVENT_INFO_CLASS@@PEAXK@Z 000000018000617c f i libvcruntime:telemetry.obj
 0001:000051a8       ?TraceLoggingUnregister@__vcrt_trace_logging_provider@@YAXPEBU_TlgProvider_t@1@@Z 00000001800061a8 f i libvcruntime:telemetry.obj
 0001:000051cc       ?_TlgCreateSz@__vcrt_trace_logging_provider@@YAXPEAU_EVENT_DATA_DESCRIPTOR@@PEBD@Z 00000001800061cc f i libvcruntime:telemetry.obj
 0001:00005204       ?_TlgCreateWsz@__vcrt_trace_logging_provider@@YAXPEAU_EVENT_DATA_DESCRIPTOR@@PEB_W@Z 0000000180006204 f i libvcruntime:telemetry.obj
 0001:00005248       ?_TlgEnableCallback@__vcrt_trace_logging_provider@@YAXPEBU_GUID@@KE_K1PEAU_EVENT_FILTER_DESCRIPTOR@@PEAX@Z 0000000180006248 f i libvcruntime:telemetry.obj
 0001:0000533c       ?_TlgKeywordOn@__vcrt_trace_logging_provider@@YAEPEBU_TlgProvider_t@1@_K@Z 000000018000633c f i libvcruntime:telemetry.obj
 0001:00005368       ?_TlgWrite@__vcrt_trace_logging_provider@@YAJPEBU_TlgProvider_t@1@PEFBXPEBU_GUID@@2IPEAU_EVENT_DATA_DESCRIPTOR@@@Z 0000000180006368 f i libvcruntime:telemetry.obj
 0001:00005430       ?UpdateAndRenderStub@@YAXPEAUmemory@@PEAUinput@@PEAUoffscreen_buffer@@@Z 0000000180006430 f   marcy.obj
 0001:00005550       ?UpdateAndRender@@YAXPEAUmemory@@PEAUinput@@PEAUoffscreen_buffer@@@Z 0000000180006550 f   marcy.obj
 0001:00005c48       _CRT_INIT                  0000000180006c48 f   LIBCMT:dll_dllmain.obj
 0001:00005c50       _DllMainCRTStartup         0000000180006c50 f   LIBCMT:dll_dllmain.obj
 0001:00005c9c       ??$__crt_fast_decode_pointer@PEAP6AXXZ@@YAPEAP6AXXZQEAP6AXXZ@Z 0000000180006c9c f i LIBCMT:utility.obj
 0001:00005cb8       ??$__crt_fast_encode_pointer@PEAP6AXXZ@@YAPEAP6AXXZQEAP6AXXZ@Z 0000000180006cb8 f i LIBCMT:utility.obj
 0001:00005ce0       ?__crt_rotate_pointer_value@@YA_K_KH@Z 0000000180006ce0 f i LIBCMT:utility.obj
 0001:00005d84       NtCurrentTeb               0000000180006d84 f i LIBCMT:utility.obj
 0001:00005d90       __scrt_acquire_startup_lock 0000000180006d90 f   LIBCMT:utility.obj
 0001:00005dd8       __scrt_dllmain_after_initialize_c 0000000180006dd8 f   LIBCMT:utility.obj
 0001:00005e00       __scrt_dllmain_before_initialize_c 0000000180006e00 f   LIBCMT:utility.obj
 0001:00005e1c       __scrt_dllmain_crt_thread_attach 0000000180006e1c f   LIBCMT:utility.obj
 0001:00005e50       __scrt_dllmain_crt_thread_detach 0000000180006e50 f   LIBCMT:utility.obj
 0001:00005e6c       __scrt_dllmain_exception_filter 0000000180006e6c f   LIBCMT:utility.obj
 0001:00005ee8       __scrt_dllmain_uninitialize_c 0000000180006ee8 f   LIBCMT:utility.obj
 0001:00005f24       __scrt_dllmain_uninitialize_critical 0000000180006f24 f   LIBCMT:utility.obj
 0001:00005f40       __scrt_initialize_crt      0000000180006f40 f   LIBCMT:utility.obj
 0001:00005f9c       __scrt_initialize_onexit_tables 0000000180006f9c f   LIBCMT:utility.obj
 0001:00006098       __scrt_is_nonwritable_in_current_image 0000000180007098 f   LIBCMT:utility.obj
 0001:0000615c       __scrt_release_startup_lock 000000018000715c f   LIBCMT:utility.obj
 0001:0000618c       __scrt_uninitialize_crt    000000018000718c f   LIBCMT:utility.obj
 0001:000061c4       _onexit                    00000001800071c4 f   LIBCMT:utility.obj
 0001:00006228       at_quick_exit              0000000180007228 f   LIBCMT:utility.obj
 0001:0000626c       atexit                     000000018000726c f   LIBCMT:utility.obj
 0001:00006288       __security_init_cookie     0000000180007288 f   LIBCMT:gs_support.obj
 0001:00006360       DllMain                    0000000180007360 f   LIBCMT:dll_dllmain_stub.obj
 0001:00006368       ?__scrt_initialize_type_info@@YAXXZ 0000000180007368 f   LIBCMT:tncleanup.obj
 0001:0000637c       ?__scrt_uninitialize_type_info@@YAXXZ 000000018000737c f   LIBCMT:tncleanup.obj
 0001:0000638c       __local_stdio_printf_options 000000018000738c f i LIBCMT:default_local_stdio_options.obj
 0001:00006398       __local_stdio_scanf_options 0000000180007398 f i LIBCMT:default_local_stdio_options.obj
 0001:000063a4       __scrt_initialize_default_local_stdio_options 00000001800073a4 f   LIBCMT:default_local_stdio_options.obj
 0001:000063c8       __scrt_get_dyn_tls_init_callback 00000001800073c8 f   LIBCMT:dyn_tls_init.obj
 0001:000063d4       __crt_debugger_hook        00000001800073d4 f   LIBCMT:utility_desktop.obj
 0001:000063e0       __scrt_fastfail            00000001800073e0 f   LIBCMT:utility_desktop.obj
 0001:00006578       __scrt_get_show_window_mode 0000000180007578 f   LIBCMT:utility_desktop.obj
 0001:000065c8       __scrt_initialize_winrt    00000001800075c8 f   LIBCMT:utility_desktop.obj
 0001:000065cc       __scrt_is_managed_app      00000001800075cc f   LIBCMT:utility_desktop.obj
 0001:00006638       __scrt_set_unhandled_exception_filter 0000000180007638 f   LIBCMT:utility_desktop.obj
 0001:0000664c       __scrt_unhandled_exception_filter 000000018000764c f   LIBCMT:utility_desktop.obj
 0001:00006694       _RTC_Initialize            0000000180007694 f   LIBCMT:_initsect_.obj
 0001:000066f0       _RTC_Terminate             00000001800076f0 f   LIBCMT:_initsect_.obj
 0001:0000674c       _guard_check_icall         000000018000774c f i LIBCMT:checkcfg.obj
 0001:00006754       __isa_available_init       0000000180007754 f   LIBCMT:_cpu_disp_.obj
 0001:00006988       __scrt_is_ucrt_dll_in_use  0000000180007988 f   LIBCMT:ucrt_detection.obj
 0001:00006998       _guard_check_icall_nop     0000000180007998 f i LIBCMT:guard_support.obj
 0001:0000699c       _guard_icall_checks_enforced 000000018000799c f i LIBCMT:guard_support.obj
 0001:000069c0       QueryPerformanceCounter    00000001800079c0 f   kernel32:KERNEL32.dll
 0001:000069c6       GetCurrentProcessId        00000001800079c6 f   kernel32:KERNEL32.dll
 0001:000069cc       GetCurrentThreadId         00000001800079cc f   kernel32:KERNEL32.dll
 0001:000069d2       GetSystemTimeAsFileTime    00000001800079d2 f   kernel32:KERNEL32.dll
 0001:000069d8       InitializeSListHead        00000001800079d8 f   kernel32:KERNEL32.dll
 0001:000069de       RtlCaptureContext          00000001800079de f   kernel32:KERNEL32.dll
 0001:000069e4       RtlLookupFunctionEntry     00000001800079e4 f   kernel32:KERNEL32.dll
 0001:000069ea       RtlVirtualUnwind           00000001800079ea f   kernel32:KERNEL32.dll
 0001:000069f0       IsDebuggerPresent          00000001800079f0 f   kernel32:KERNEL32.dll
 0001:000069f6       UnhandledExceptionFilter   00000001800079f6 f   kernel32:KERNEL32.dll
 0001:000069fc       SetUnhandledExceptionFilter 00000001800079fc f   kernel32:KERNEL32.dll
 0001:00006a02       GetStartupInfoW            0000000180007a02 f   kernel32:KERNEL32.dll
 0001:00006a08       IsProcessorFeaturePresent  0000000180007a08 f   kernel32:KERNEL32.dll
 0001:00006a0e       GetModuleHandleW           0000000180007a0e f   kernel32:KERNEL32.dll
 0001:00006a78       EventDataDescCreate        0000000180007a78 f i libvcruntime:telemetry.obj
 0001:00006a88       HRESULT_FROM_WIN32         0000000180007a88 f i libvcruntime:telemetry.obj
 0001:00006a9c       __telemetry_main_invoke_trigger 0000000180007a9c f   libvcruntime:telemetry.obj
 0001:00006bfc       __telemetry_main_return_trigger 0000000180007bfc f   libvcruntime:telemetry.obj
 0001:00006d5c       __vcrt_initialize_telemetry_provider 0000000180007d5c f   libvcruntime:telemetry.obj
 0001:00006d78       __vcrt_uninitialize_telemetry_provider 0000000180007d78 f   libvcruntime:telemetry.obj
 0001:00006d9c       __C_specific_handler       0000000180007d9c f   libvcruntime:_chandler_.obj
 0001:00007008       __vcrt_initialize          0000000180008008 f   libvcruntime:initialization.obj
 0001:0000704c       __vcrt_thread_attach       000000018000804c f   libvcruntime:initialization.obj
 0001:00007068       __vcrt_thread_detach       0000000180008068 f   libvcruntime:initialization.obj
 0001:00007080       __vcrt_uninitialize        0000000180008080 f   libvcruntime:initialization.obj
 0001:000070b4       __vcrt_uninitialize_critical 00000001800080b4 f   libvcruntime:initialization.obj
 0001:000070dc       ??$?RD@__crt_internal_free_policy@@QEBAXQEBD@Z 00000001800080dc f i libvcruntime:std_type_info.obj
 0001:000070e8       ??$?RX@__crt_internal_free_policy@@QEBAXQEBX@Z 00000001800080e8 f i libvcruntime:std_type_info.obj
 0001:000070f4       ??$__crt_interlocked_compare_exchange_pointer@$$CBD$$T$$T@@YAPEBDPEDSEBD$$T1@Z 00000001800080f4 f i libvcruntime:std_type_info.obj
 0001:00007100       ??$__crt_interlocked_compare_exchange_pointer@$$CBDPEAD$$T@@YAPEBDPEDSEBDQEAD$$T@Z 0000000180008100 f i libvcruntime:std_type_info.obj
 0001:0000710c       ??$__crt_interlocked_read_pointer@$$CBD@@YAPEBDPEDSEBD@Z 000000018000810c f i libvcruntime:std_type_info.obj
 0001:00007118       ??0?$__crt_unique_heap_ptr@DU__crt_internal_free_policy@@@@QEAA@QEAD@Z 0000000180008118 f i libvcruntime:std_type_info.obj
 0001:00007120       ??0?$__crt_unique_heap_ptr@XU__crt_internal_free_policy@@@@QEAA@QEAX@Z 0000000180008120 f i libvcruntime:std_type_info.obj
 0001:00007128       ??1?$__crt_unique_heap_ptr@DU__crt_internal_free_policy@@@@QEAA@XZ 0000000180008128 f i libvcruntime:std_type_info.obj
 0001:0000714c       ??1?$__crt_unique_heap_ptr@XU__crt_internal_free_policy@@@@QEAA@XZ 000000018000814c f i libvcruntime:std_type_info.obj
 0001:00007188       ??B?$__crt_unique_heap_ptr@DU__crt_internal_free_policy@@@@QEBA_NXZ 0000000180008188 f i libvcruntime:std_type_info.obj
 0001:00007194       ??B?$__crt_unique_heap_ptr@XU__crt_internal_free_policy@@@@QEBA_NXZ 0000000180008194 f i libvcruntime:std_type_info.obj
 0001:000071b8       ?detach@?$__crt_unique_heap_ptr@XU__crt_internal_free_policy@@@@QEAAPEAXXZ 00000001800081b8 f i libvcruntime:std_type_info.obj
 0001:000071c4       ?get@?$__crt_unique_heap_ptr@DU__crt_internal_free_policy@@@@QEBAPEADXZ 00000001800081c4 f i libvcruntime:std_type_info.obj
 0001:000071c8       ?get@?$__crt_unique_heap_ptr@XU__crt_internal_free_policy@@@@QEBAPEAXXZ 00000001800081c8 f i libvcruntime:std_type_info.obj
 0001:000071cc       ?is_valid@?$__crt_unique_heap_ptr@DU__crt_internal_free_policy@@@@QEBA_NXZ 00000001800081cc f i libvcruntime:std_type_info.obj
 0001:000071d8       ?is_valid@?$__crt_unique_heap_ptr@XU__crt_internal_free_policy@@@@QEBA_NXZ 00000001800081d8 f i libvcruntime:std_type_info.obj
 0001:000071e4       ?release@?$__crt_unique_heap_ptr@DU__crt_internal_free_policy@@@@QEAAXXZ 00000001800081e4 f i libvcruntime:std_type_info.obj
 0001:00007208       ?release@?$__crt_unique_heap_ptr@XU__crt_internal_free_policy@@@@QEAAXXZ 0000000180008208 f i libvcruntime:std_type_info.obj
 0001:0000722c       __std_type_info_compare    000000018000822c f   libvcruntime:std_type_info.obj
 0001:0000725c       __std_type_info_destroy_list 000000018000825c f   libvcruntime:std_type_info.obj
 0001:00007290       __std_type_info_hash       0000000180008290 f   libvcruntime:std_type_info.obj
 0001:000072dc       __std_type_info_name       00000001800082dc f   libvcruntime:std_type_info.obj
 0001:00007450       memset                     0000000180008450 f   libvcruntime:memset.obj
 0001:0000765c       ??$?BX@__crt_fast_encoded_nullptr_t@@QEBAPEAXXZ 000000018000865c f i libvcruntime:winapi_downlevel.obj
 0001:00007680       ??$__crt_fast_decode_pointer@PEAX@@YAPEAXQEAX@Z 0000000180008680 f i libvcruntime:winapi_downlevel.obj
 0001:0000769c       ??$__crt_fast_encode_pointer@PEAX@@YAPEAXQEAX@Z 000000018000869c f i libvcruntime:winapi_downlevel.obj
 0001:000076c4       ??$__crt_interlocked_compare_exchange_pointer@UHINSTANCE__@@$$T$$T@@YAPEAUHINSTANCE__@@PEDSEAU0@$$T1@Z 00000001800086c4 f i libvcruntime:winapi_downlevel.obj
 0001:000076d0       ??$__crt_interlocked_compare_exchange_pointer@X$$T$$T@@YAPEAXPEDSEAX$$T1@Z 00000001800086d0 f i libvcruntime:winapi_downlevel.obj
 0001:000076dc       ??$__crt_interlocked_exchange_pointer@UHINSTANCE__@@PEAU1@@@YAPEAUHINSTANCE__@@PEDSEAU0@QEAU0@@Z 00000001800086dc f i libvcruntime:winapi_downlevel.obj
 0001:000076e4       ??$__crt_interlocked_exchange_pointer@UHINSTANCE__@@PEAX@@YAPEAUHINSTANCE__@@PEDSEAU0@QEAX@Z 00000001800086e4 f i libvcruntime:winapi_downlevel.obj
 0001:000076ec       ??$__crt_interlocked_exchange_pointer@XPEAX@@YAPEAXPEDSEAXQEAX@Z 00000001800086ec f i libvcruntime:winapi_downlevel.obj
 0001:000076f4       ??$__crt_interlocked_read_pointer@UHINSTANCE__@@@@YAPEAUHINSTANCE__@@PEDSEAU0@@Z 00000001800086f4 f i libvcruntime:winapi_downlevel.obj
 0001:00007700       ??$__crt_interlocked_read_pointer@X@@YAPEAXPEDSEAX@Z 0000000180008700 f i libvcruntime:winapi_downlevel.obj
 0001:0000770c       ?__crt_fast_encode_pointer@@YA?AU__crt_fast_encoded_nullptr_t@@$$T@Z 000000018000870c f i libvcruntime:winapi_downlevel.obj
 0001:00007e90       __vcrt_EventRegister       0000000180008e90 f   libvcruntime:winapi_downlevel.obj
 0001:00007f34       __vcrt_EventSetInformation 0000000180008f34 f   libvcruntime:winapi_downlevel.obj
 0001:00007fd8       __vcrt_EventUnregister     0000000180008fd8 f   libvcruntime:winapi_downlevel.obj
 0001:00008040       __vcrt_EventWriteTransfer  0000000180009040 f   libvcruntime:winapi_downlevel.obj
 0001:000080fc       __vcrt_FlsAlloc            00000001800090fc f   libvcruntime:winapi_downlevel.obj
 0001:00008168       __vcrt_FlsFree             0000000180009168 f   libvcruntime:winapi_downlevel.obj
 0001:000081d4       __vcrt_FlsGetValue         00000001800091d4 f   libvcruntime:winapi_downlevel.obj
 0001:00008240       __vcrt_FlsSetValue         0000000180009240 f   libvcruntime:winapi_downlevel.obj
 0001:000082c0       __vcrt_InitializeCriticalSectionEx 00000001800092c0 f   libvcruntime:winapi_downlevel.obj
 0001:00008354       __vcrt_initialize_winapi_thunks 0000000180009354 f   libvcruntime:winapi_downlevel.obj
 0001:00008398       __vcrt_uninitialize_winapi_thunks 0000000180009398 f   libvcruntime:winapi_downlevel.obj
 0001:00008400       _local_unwind              0000000180009400 f   libvcruntime:_jmpuwind_.obj
 0001:00008430       _NLG_Notify                0000000180009430 f   libvcruntime:_jmpuwind_.obj
 0001:00008450       __NLG_Dispatch2            0000000180009450 f   libvcruntime:_jmpuwind_.obj
 0001:00008460       __NLG_Return2              0000000180009460 f   libvcruntime:_jmpuwind_.obj
 0001:00008480       __except_validate_context_record 0000000180009480 f   libvcruntime:jbcxrval.obj
 0001:00008484       __except_validate_jump_buffer 0000000180009484 f   libvcruntime:jbcxrval.obj
 0001:00008488       ??$?RU__vcrt_ptd@@@__crt_internal_free_policy@@QEBAXQEBU__vcrt_ptd@@@Z 0000000180009488 f i libvcruntime:per_thread_data.obj
 0001:00008494       ??0?$__crt_unique_heap_ptr@U__vcrt_ptd@@U__crt_internal_free_policy@@@@QEAA@QEAU__vcrt_ptd@@@Z 0000000180009494 f i libvcruntime:per_thread_data.obj
 0001:0000849c       ??1?$__crt_unique_heap_ptr@U__vcrt_ptd@@U__crt_internal_free_policy@@@@QEAA@XZ 000000018000949c f i libvcruntime:per_thread_data.obj
 0001:000084c0       ??B?$__crt_unique_heap_ptr@U__vcrt_ptd@@U__crt_internal_free_policy@@@@QEBA_NXZ 00000001800094c0 f i libvcruntime:per_thread_data.obj
 0001:000084cc       ?detach@?$__crt_unique_heap_ptr@U__vcrt_ptd@@U__crt_internal_free_policy@@@@QEAAPEAU__vcrt_ptd@@XZ 00000001800094cc f i libvcruntime:per_thread_data.obj
 0001:000084d8       ?get@?$__crt_unique_heap_ptr@U__vcrt_ptd@@U__crt_internal_free_policy@@@@QEBAPEAU__vcrt_ptd@@XZ 00000001800094d8 f i libvcruntime:per_thread_data.obj
 0001:000084dc       ?is_valid@?$__crt_unique_heap_ptr@U__vcrt_ptd@@U__crt_internal_free_policy@@@@QEBA_NXZ 00000001800094dc f i libvcruntime:per_thread_data.obj
 0001:000084e8       ?release@?$__crt_unique_heap_ptr@U__vcrt_ptd@@U__crt_internal_free_policy@@@@QEAAXXZ 00000001800094e8 f i libvcruntime:per_thread_data.obj
 0001:00008530       __vcrt_freefls             0000000180009530 f   libvcruntime:per_thread_data.obj
 0001:00008558       __vcrt_freeptd             0000000180009558 f   libvcruntime:per_thread_data.obj
 0001:000085b8       __vcrt_getptd              00000001800095b8 f   libvcruntime:per_thread_data.obj
 0001:000085d8       __vcrt_getptd_noexit       00000001800095d8 f   libvcruntime:per_thread_data.obj
 0001:000086a8       __vcrt_initialize_ptd      00000001800096a8 f   libvcruntime:per_thread_data.obj
 0001:000086f8       __vcrt_uninitialize_ptd    00000001800096f8 f   libvcruntime:per_thread_data.obj
 0001:00008724       __vcrt_initialize_locks    0000000180009724 f   libvcruntime:locks.obj
 0001:0000877c       __vcrt_lock                000000018000977c f   libvcruntime:locks.obj
 0001:0000879c       __vcrt_uninitialize_locks  000000018000979c f   libvcruntime:locks.obj
 0001:000087e0       __vcrt_unlock              00000001800097e0 f   libvcruntime:locks.obj
 0001:00008800       ??$?B$$A6AXXZ@__crt_fast_encoded_nullptr_t@@QEBAP6AXXZXZ 0000000180009800 f i libvcruntime:purevirt_data.obj
 0001:00008824       ??$__crt_fast_encode_pointer@P6AXXZ@@YAP6AXXZQ6AXXZ@Z 0000000180009824 f i libvcruntime:purevirt_data.obj
 0001:0000884c       __vcrt_initialize_pure_virtual_call_handler 000000018000984c f   libvcruntime:purevirt_data.obj
 0001:00008878       ??$__vcrt_va_start_verify_argument_type@QEBD@@YAXXZ 0000000180009878 f i libvcruntime:undname.obj
 0001:0000887c       ??0Block@_HeapManager@@QEAA@XZ 000000018000987c f i libvcruntime:undname.obj
 0001:00008888       ??0DName@@QEAA@AEAPEBDD@Z  0000000180009888 f   libvcruntime:undname.obj
 0001:000089a0       ??0DName@@QEAA@AEBV0@@Z    00000001800099a0 f i libvcruntime:undname.obj
 0001:000089b0       ??0DName@@QEAA@D@Z         00000001800099b0 f   libvcruntime:undname.obj
 0001:000089f8       ??0DName@@QEAA@PEAV0@@Z    00000001800099f8 f   libvcruntime:undname.obj
 0001:00008aa0       ??0DName@@QEAA@PEBD@Z      0000000180009aa0 f   libvcruntime:undname.obj
 0001:00008af8       ??0DName@@QEAA@W4DNameStatus@@@Z 0000000180009af8 f   libvcruntime:undname.obj
 0001:00008b5c       ??0DName@@QEAA@XZ          0000000180009b5c f i libvcruntime:undname.obj
 0001:00008b74       ??0DName@@QEAA@_J@Z        0000000180009b74 f   libvcruntime:undname.obj
 0001:00008c48       ??0DName@@QEAA@_K@Z        0000000180009c48 f   libvcruntime:undname.obj
 0001:00008cfc       ??0DNameNode@@IEAA@XZ      0000000180009cfc f   libvcruntime:undname.obj
 0001:00008d10       ??0DNameStatusNode@@AEAA@W4DNameStatus@@@Z 0000000180009d10 f   libvcruntime:undname.obj
 0001:00008d3c       ??0Replicator@@QEAA@XZ     0000000180009d3c f i libvcruntime:undname.obj
 0001:00008d44       ??0UnDecorator@@QEAA@PEADPEBDHP6APEADJ@ZK@Z 0000000180009d44 f i libvcruntime:undname.obj
 0001:00008dd4       ??0charNode@@QEAA@D@Z      0000000180009dd4 f   libvcruntime:undname.obj
 0001:00008dec       ??0pDNameNode@@QEAA@PEAVDName@@@Z 0000000180009dec f   libvcruntime:undname.obj
 0001:00008e1c       ??0pairNode@@QEAA@PEAVDNameNode@@0@Z 0000000180009e1c f   libvcruntime:undname.obj
 0001:00008e3c       ??0pcharNode@@QEAA@PEBDH@Z 0000000180009e3c f   libvcruntime:undname.obj
 0001:00008ee8       ??2@YAPEAX_KAEAV_HeapManager@@H@Z 0000000180009ee8 f i libvcruntime:undname.obj
 0001:00008efc       ??4DName@@QEAAAEAV0@AEBV0@@Z 0000000180009efc f   libvcruntime:undname.obj
 0001:00008f0c       ??4DName@@QEAAAEAV0@D@Z    0000000180009f0c f i libvcruntime:undname.obj
 0001:00008f54       ??4DName@@QEAAAEAV0@PEAV0@@Z 0000000180009f54 f   libvcruntime:undname.obj
 0001:00008ffc       ??4DName@@QEAAAEAV0@PEBD@Z 0000000180009ffc f   libvcruntime:undname.obj
 0001:00009048       ??4DName@@QEAAAEAV0@W4DNameStatus@@@Z 000000018000a048 f   libvcruntime:undname.obj
 0001:00009094       ??AReplicator@@QEBA?AVDName@@H@Z 000000018000a094 f   libvcruntime:undname.obj
 0001:000090ec       ??BUnDecorator@@QEAAPEADXZ 000000018000a0ec f i libvcruntime:undname.obj
 0001:00009388       ??H@YA?AVDName@@DAEBV0@@Z  000000018000a388 f i libvcruntime:undname.obj
 0001:000093d0       ??H@YA?AVDName@@PEBDAEBV0@@Z 000000018000a3d0 f i libvcruntime:undname.obj
 0001:00009418       ??H@YA?AVDName@@W4DNameStatus@@AEBV0@@Z 000000018000a418 f i libvcruntime:undname.obj
 0001:00009460       ??HDName@@QEBA?AV0@AEBV0@@Z 000000018000a460 f   libvcruntime:undname.obj
 0001:00009490       ??HDName@@QEBA?AV0@D@Z     000000018000a490 f   libvcruntime:undname.obj
 0001:000094c0       ??HDName@@QEBA?AV0@PEAV0@@Z 000000018000a4c0 f   libvcruntime:undname.obj
 0001:000094f0       ??HDName@@QEBA?AV0@PEBD@Z  000000018000a4f0 f   libvcruntime:undname.obj
 0001:00009520       ??HDName@@QEBA?AV0@W4DNameStatus@@@Z 000000018000a520 f   libvcruntime:undname.obj
 0001:00009550       ??YDName@@QEAAAEAV0@AEBV0@@Z 000000018000a550 f   libvcruntime:undname.obj
 0001:000095a0       ??YDName@@QEAAAEAV0@D@Z    000000018000a5a0 f   libvcruntime:undname.obj
 0001:00009648       ??YDName@@QEAAAEAV0@PEAV0@@Z 000000018000a648 f   libvcruntime:undname.obj
 0001:00009704       ??YDName@@QEAAAEAV0@PEBD@Z 000000018000a704 f   libvcruntime:undname.obj
 0001:000097b0       ??YDName@@QEAAAEAV0@W4DNameStatus@@@Z 000000018000a7b0 f   libvcruntime:undname.obj
 0001:00009804       ??YReplicator@@QEAAAEAV0@AEBVDName@@@Z 000000018000a804 f   libvcruntime:undname.obj
 0001:0000987c       ??_5DName@@QEAAAEAV0@AEBV0@@Z 000000018000a87c f   libvcruntime:undname.obj
 0001:00009898       ?Constructor@_HeapManager@@QEAAXP6APEAX_K@ZP6AXPEAX@Z@Z 000000018000a898 f i libvcruntime:undname.obj
 0001:000098b4       ?Destructor@_HeapManager@@QEAAXXZ 000000018000a8b4 f i libvcruntime:undname.obj
 0001:0000991c       ?UScore@UnDecorator@@SAPEBDW4Tokens@@@Z 000000018000a91c f   libvcruntime:undname.obj
 0001:00009944       ?append@DName@@AEAAXPEAVDNameNode@@@Z 000000018000a944 f   libvcruntime:undname.obj
 0001:000099c0       ?composeDeclaration@UnDecorator@@CA?AVDName@@AEBV2@@Z 000000018000a9c0 f i libvcruntime:undname.obj
 0001:0000aa94       ?doAccessSpecifiers@UnDecorator@@SAHXZ 000000018000ba94 f i libvcruntime:undname.obj
 0001:0000aaa8       ?doAllocationLanguage@UnDecorator@@SAHXZ 000000018000baa8 f i libvcruntime:undname.obj
 0001:0000aabc       ?doAllocationModel@UnDecorator@@SAHXZ 000000018000babc f i libvcruntime:undname.obj
 0001:0000aad0       ?doEcsu@UnDecorator@@SAHXZ 000000018000bad0 f i libvcruntime:undname.obj
 0001:0000aae4       ?doEllipsis@UnDecorator@@SAHXZ 000000018000bae4 f i libvcruntime:undname.obj
 0001:0000aaf8       ?doFunctionReturns@UnDecorator@@SAHXZ 000000018000baf8 f i libvcruntime:undname.obj
 0001:0000ab0c       ?doMSKeywords@UnDecorator@@SAHXZ 000000018000bb0c f i libvcruntime:undname.obj
 0001:0000ab20       ?doMemberTypes@UnDecorator@@SAHXZ 000000018000bb20 f i libvcruntime:undname.obj
 0001:0000ab34       ?doNameOnly@UnDecorator@@SAHXZ 000000018000bb34 f i libvcruntime:undname.obj
 0001:0000ab44       ?doNoIdentCharCheck@UnDecorator@@SAHXZ 000000018000bb44 f i libvcruntime:undname.obj
 0001:0000ab54       ?doPchar@DName@@AEAAXPEBDH@Z 000000018000bb54 f   libvcruntime:undname.obj
 0001:0000ac2c       ?doPtr64@UnDecorator@@SAHXZ 000000018000bc2c f i libvcruntime:undname.obj
 0001:0000ac40       ?doRestrictionSpec@UnDecorator@@SAHXZ 000000018000bc40 f i libvcruntime:undname.obj
 0001:0000ac54       ?doThisTypes@UnDecorator@@SAHXZ 000000018000bc54 f i libvcruntime:undname.obj
 0001:0000ac6c       ?doThrowTypes@UnDecorator@@SAHXZ 000000018000bc6c f i libvcruntime:undname.obj
 0001:0000ac80       ?doTypeOnly@UnDecorator@@SAHXZ 000000018000bc80 f i libvcruntime:undname.obj
 0001:0000ac90       ?doUnderScore@UnDecorator@@SAHXZ 000000018000bc90 f i libvcruntime:undname.obj
 0001:0000aca0       ?getArgumentList@UnDecorator@@CA?AVDName@@XZ 000000018000bca0 f   libvcruntime:undname.obj
 0001:0000ae34       ?getArgumentTypes@UnDecorator@@CA?AVDName@@XZ 000000018000be34 f   libvcruntime:undname.obj
 0001:0000af70       ?getArrayType@UnDecorator@@CA?AVDName@@AEBV2@@Z 000000018000bf70 f i libvcruntime:undname.obj
 0001:0000b23c       ?getBasedType@UnDecorator@@CA?AVDName@@XZ 000000018000c23c f   libvcruntime:undname.obj
 0001:0000b328       ?getBasicDataType@UnDecorator@@CA?AVDName@@AEBV2@@Z 000000018000c328 f   libvcruntime:undname.obj
 0001:0000b86c       ?getCallIndex@UnDecorator@@CA?AVDName@@XZ 000000018000c86c f i libvcruntime:undname.obj
 0001:0000b88c       ?getCallingConvention@UnDecorator@@CA?AVDName@@XZ 000000018000c88c f   libvcruntime:undname.obj
 0001:0000b9cc       ?getDataIndirectType@UnDecorator@@CA?AVDName@@AEBV2@PEBD0H@Z 000000018000c9cc f   libvcruntime:undname.obj
 0001:0000c2d4       ?getDataIndirectType@UnDecorator@@CA?AVDName@@XZ 000000018000d2d4 f i libvcruntime:undname.obj
 0001:0000c32c       ?getDataType@UnDecorator@@CA?AVDName@@PEAV2@@Z 000000018000d32c f   libvcruntime:undname.obj
 0001:0000c448       ?getDecoratedName@UnDecorator@@CA?AVDName@@XZ 000000018000d448 f   libvcruntime:undname.obj
 0001:0000c758       ?getDimension@UnDecorator@@CA?AVDName@@_N@Z 000000018000d758 f   libvcruntime:undname.obj
 0001:0000c90c       ?getDispatchTarget@UnDecorator@@CA?AVDName@@XZ 000000018000d90c f   libvcruntime:undname.obj
 0001:0000c988       ?getDisplacement@UnDecorator@@CA?AVDName@@XZ 000000018000d988 f i libvcruntime:undname.obj
 0001:0000c9a8       ?getECSUDataType@UnDecorator@@CA?AVDName@@XZ 000000018000d9a8 f   libvcruntime:undname.obj
 0001:0000cb64       ?getECSUName@UnDecorator@@CA?AVDName@@XZ 000000018000db64 f i libvcruntime:undname.obj
 0001:0000cb80       ?getEnumType@UnDecorator@@CA?AVDName@@XZ 000000018000db80 f i libvcruntime:undname.obj
 0001:0000cca0       ?getExtendedDataIndirectType@UnDecorator@@CA?AVDName@@AEAPEBDAEA_NH@Z 000000018000dca0 f   libvcruntime:undname.obj
 0001:0000cf78       ?getExternalDataType@UnDecorator@@CA?AVDName@@AEBV2@@Z 000000018000df78 f i libvcruntime:undname.obj
 0001:0000d080       ?getFunctionIndirectType@UnDecorator@@CA?AVDName@@AEBV2@@Z 000000018000e080 f   libvcruntime:undname.obj
 0001:0000d6e8       ?getGuardNumber@UnDecorator@@CA?AVDName@@XZ 000000018000e6e8 f i libvcruntime:undname.obj
 0001:0000d708       ?getLastChar@DName@@QEBADXZ 000000018000e708 f i libvcruntime:undname.obj
 0001:0000d74c       ?getLastChar@DNameStatusNode@@UEBADXZ 000000018000e74c f i libvcruntime:undname.obj
 0001:0000d75c       ?getLastChar@charNode@@UEBADXZ 000000018000e75c f i libvcruntime:undname.obj
 0001:0000d760       ?getLastChar@pDNameNode@@UEBADXZ 000000018000e760 f i libvcruntime:undname.obj
 0001:0000d7ac       ?getLastChar@pairNode@@UEBADXZ 000000018000e7ac f i libvcruntime:undname.obj
 0001:0000d818       ?getLastChar@pcharNode@@UEBADXZ 000000018000e818 f i libvcruntime:undname.obj
 0001:0000d834       ?getLexicalFrame@UnDecorator@@CA?AVDName@@XZ 000000018000e834 f i libvcruntime:undname.obj
 0001:0000d8ac       ?getMemory@_HeapManager@@QEAAPEAX_KH@Z 000000018000e8ac f   libvcruntime:undname.obj
 0001:0000d998       ?getNumberOfDimensions@UnDecorator@@CAHXZ 000000018000e998 f   libvcruntime:undname.obj
 0001:0000da28       ?getOperatorName@UnDecorator@@CA?AVDName@@_NPEA_N@Z 000000018000ea28 f i libvcruntime:undname.obj
 0001:0000e358       ?getPointerType@UnDecorator@@CA?AVDName@@AEBV2@0@Z 000000018000f358 f i libvcruntime:undname.obj
 0001:0000e380       ?getPointerTypeArray@UnDecorator@@CA?AVDName@@AEBV2@0@Z 000000018000f380 f i libvcruntime:undname.obj
 0001:0000e3a8       ?getPrimaryDataType@UnDecorator@@CA?AVDName@@AEBV2@@Z 000000018000f3a8 f   libvcruntime:undname.obj
 0001:0000e67c       ?getPtrRefDataType@UnDecorator@@CA?AVDName@@AEBV2@H@Z 000000018000f67c f   libvcruntime:undname.obj
 0001:0000e7ec       ?getPtrRefType@UnDecorator@@CA?AVDName@@AEBV2@0PEBD@Z 000000018000f7ec f   libvcruntime:undname.obj
 0001:0000e96c       ?getReferenceType@UnDecorator@@CA?AVDName@@AEBV2@0PEBD@Z 000000018000f96c f i libvcruntime:undname.obj
 0001:0000e988       ?getRestrictionSpec@UnDecorator@@CA?AVDName@@XZ 000000018000f988 f   libvcruntime:undname.obj
 0001:0000eafc       ?getReturnType@UnDecorator@@CA?AVDName@@PEAV2@@Z 000000018000fafc f   libvcruntime:undname.obj
 0001:0000eb40       ?getScope@UnDecorator@@CA?AVDName@@XZ 000000018000fb40 f   libvcruntime:undname.obj
 0001:0000f114       ?getScopedName@UnDecorator@@CA?AVDName@@XZ 0000000180010114 f   libvcruntime:undname.obj
 0001:0000f274       ?getSignedDimension@UnDecorator@@CA?AVDName@@XZ 0000000180010274 f   libvcruntime:undname.obj
 0001:0000f310       ?getStorageConvention@UnDecorator@@CA?AVDName@@XZ 0000000180010310 f i libvcruntime:undname.obj
 0001:0000f368       ?getString@DName@@QEBAPEADPEAD0@Z 0000000180010368 f i libvcruntime:undname.obj
 0001:0000f3d4       ?getString@DName@@QEBAPEADPEADH@Z 00000001800103d4 f i libvcruntime:undname.obj
 0001:0000f4b0       ?getString@DNameStatusNode@@UEBAPEADPEAD0@Z 00000001800104b0 f i libvcruntime:undname.obj
 0001:0000f508       ?getString@charNode@@UEBAPEADPEAD0@Z 0000000180010508 f i libvcruntime:undname.obj
 0001:0000f520       ?getString@pDNameNode@@UEBAPEADPEAD0@Z 0000000180010520 f i libvcruntime:undname.obj
 0001:0000f598       ?getString@pairNode@@UEBAPEADPEAD0@Z 0000000180010598 f i libvcruntime:undname.obj
 0001:0000f63c       ?getString@pcharNode@@UEBAPEADPEAD0@Z 000000018001063c f i libvcruntime:undname.obj
 0001:0000f680       ?getStringEncoding@UnDecorator@@CA?AVDName@@PEADH@Z 0000000180010680 f   libvcruntime:undname.obj
 0001:0000f770       ?getStringHelper@@YAPEADPEAD00H@Z 0000000180010770 f i libvcruntime:undname.obj
 0001:0000f7a8       ?getSymbolName@UnDecorator@@CA?AVDName@@XZ 00000001800107a8 f i libvcruntime:undname.obj
 0001:0000f808       ?getTemplateArgumentList@UnDecorator@@CA?AVDName@@XZ 0000000180010808 f   libvcruntime:undname.obj
 0001:0000fb98       ?getTemplateConstant@UnDecorator@@CA?AVDName@@XZ 0000000180010b98 f   libvcruntime:undname.obj
 0001:00010028       ?getTemplateName@UnDecorator@@CA?AVDName@@_N@Z 0000000180011028 f   libvcruntime:undname.obj
 0001:00010278       ?getThisType@UnDecorator@@CA?AVDName@@XZ 0000000180011278 f i libvcruntime:undname.obj
 0001:000102d0       ?getThrowTypes@UnDecorator@@CA?AVDName@@XZ 00000001800112d0 f   libvcruntime:undname.obj
 0001:000103c4       ?getTypeEncoding@UnDecorator@@CAHXZ 00000001800113c4 f i libvcruntime:undname.obj
 0001:000109e8       ?getVCallThunkType@UnDecorator@@CA?AVDName@@XZ 00000001800119e8 f i libvcruntime:undname.obj
 0001:00010a48       ?getVbTableType@UnDecorator@@CA?AVDName@@AEBV2@@Z 0000000180011a48 f i libvcruntime:undname.obj
 0001:00010a64       ?getVdispMapType@UnDecorator@@CA?AVDName@@AEBV2@@Z 0000000180011a64 f i libvcruntime:undname.obj
 0001:00010ad4       ?getVfTableType@UnDecorator@@CA?AVDName@@AEBV2@@Z 0000000180011ad4 f i libvcruntime:undname.obj
 0001:00010d14       ?getZName@UnDecorator@@CA?AVDName@@_N0@Z 0000000180011d14 f   libvcruntime:undname.obj
 0001:00011058       ?haveTemplateParameters@UnDecorator@@SAHXZ 0000000180012058 f i libvcruntime:undname.obj
 0001:00011068       ?isArray@DName@@QEBAHXZ    0000000180012068 f i libvcruntime:undname.obj
 0001:00011074       ?isComArray@DName@@QEBAHXZ 0000000180012074 f i libvcruntime:undname.obj
 0001:00011080       ?isEmpty@DName@@QEBAHXZ    0000000180012080 f i libvcruntime:undname.obj
 0001:0001108c       ?isFull@Replicator@@QEBAHXZ 000000018001208c f i libvcruntime:undname.obj
 0001:00011098       ?isNoTE@DName@@QEBAHXZ     0000000180012098 f i libvcruntime:undname.obj
 0001:000110a4       ?isPinPtr@DName@@QEBAHXZ   00000001800120a4 f i libvcruntime:undname.obj
 0001:000110b0       ?isPtrRef@DName@@QEBAHXZ   00000001800120b0 f i libvcruntime:undname.obj
 0001:000110bc       ?isUDC@DName@@QEBAHXZ      00000001800120bc f i libvcruntime:undname.obj
 0001:000110d8       ?isUDTThunk@DName@@QEBAHXZ 00000001800120d8 f i libvcruntime:undname.obj
 0001:000110f4       ?isVCallThunk@DName@@QEBAHXZ 00000001800120f4 f i libvcruntime:undname.obj
 0001:00011100       ?isValid@DName@@QEBAHXZ    0000000180012100 f i libvcruntime:undname.obj
 0001:0001110c       ?length@DName@@QEBAHXZ     000000018001210c f i libvcruntime:undname.obj
 0001:00011150       ?length@DNameStatusNode@@UEBAHXZ 0000000180012150 f i libvcruntime:undname.obj
 0001:00011154       ?length@charNode@@UEBAHXZ  0000000180012154 f i libvcruntime:undname.obj
 0001:0001115c       ?length@pDNameNode@@UEBAHXZ 000000018001215c f i libvcruntime:undname.obj
 0001:000111a8       ?length@pairNode@@UEBAHXZ  00000001800121a8 f i libvcruntime:undname.obj
 0001:0001122c       ?length@pcharNode@@UEBAHXZ 000000018001222c f i libvcruntime:undname.obj
 0001:00011230       ?make@DNameStatusNode@@SAPEAV1@W4DNameStatus@@@Z 0000000180012230 f i libvcruntime:undname.obj
 0001:000112dc       ?setIsArray@DName@@QEAAXXZ 00000001800122dc f i libvcruntime:undname.obj
 0001:000112e4       ?setIsComArray@DName@@QEAAXXZ 00000001800122e4 f i libvcruntime:undname.obj
 0001:000112ec       ?setIsNoTE@DName@@QEAAXXZ  00000001800122ec f i libvcruntime:undname.obj
 0001:000112f4       ?setIsPinPtr@DName@@QEAAXXZ 00000001800122f4 f i libvcruntime:undname.obj
 0001:000112fc       ?setIsUDC@DName@@QEAAXXZ   00000001800122fc f i libvcruntime:undname.obj
 0001:0001130c       ?setIsVCallThunk@DName@@QEAAXXZ 000000018001230c f i libvcruntime:undname.obj
 0001:00011314       ?setPtrRef@DName@@QEAAAEAV1@XZ 0000000180012314 f i libvcruntime:undname.obj
 0001:00011320       ?status@DName@@QEBA?AW4DNameStatus@@XZ 0000000180012320 f i libvcruntime:undname.obj
 0001:00011398       __unDName                  0000000180012398 f   libvcruntime:undname.obj
 0001:000114cc       __unDNameEx                00000001800124cc f   libvcruntime:undname.obj
 0001:00011608       _vsprintf_s_l              0000000180012608 f i libvcruntime:undname.obj
 0001:00011684       sprintf_s                  0000000180012684 f i libvcruntime:undname.obj
 0001:000116ec       ??$__crt_fast_decode_pointer@P6AXXZ@@YAP6AXXZQ6AXXZ@Z 00000001800126ec f i libvcruntime:purevirt.obj
 0001:00011708       ??$__crt_interlocked_compare_exchange_pointer@$$A6AXXZ$$T$$T@@YAP6AXXZPEDS6AXXZ$$T1@Z 0000000180012708 f i libvcruntime:purevirt.obj
 0001:00011714       ??$__crt_interlocked_exchange_pointer@$$A6AXXZP6AXXZ@@YAP6AXXZPEDS6AXXZQ6AXXZ@Z 0000000180012714 f i libvcruntime:purevirt.obj
 0001:0001171c       ??$__crt_interlocked_read_pointer@$$A6AXXZ@@YAP6AXXZPEDS6AXXZ@Z 000000018001271c f i libvcruntime:purevirt.obj
 0001:00011728       _get_purecall_handler      0000000180012728 f   libvcruntime:purevirt.obj
 0001:00011750       _purecall                  0000000180012750 f   libvcruntime:purevirt.obj
 0001:00011798       _set_purecall_handler      0000000180012798 f   libvcruntime:purevirt.obj
 0001:000117dc       _initterm                  00000001800127dc f   libucrt:initterm.obj
 0001:00011870       _initterm_e                0000000180012870 f   libucrt:initterm.obj
 0001:000118f4       _seh_filter_dll            00000001800128f4 f   libucrt:exception_filter.obj
 0001:0001190c       _seh_filter_exe            000000018001290c f   libucrt:exception_filter.obj
 0001:00011afc       ??$?B$$A6AXPEAXK0@Z@__crt_fast_encoded_nullptr_t@@QEBAP6AXPEAXK0@ZXZ 0000000180012afc f i libucrt:exit.obj
 0001:00011b20       ??$__crt_fast_decode_pointer@P6AXPEAXK0@Z@@YAP6AXPEAXK0@ZQ6AX0K0@Z@Z 0000000180012b20 f i libucrt:exit.obj
 0001:00011b3c       ??$__crt_fast_encode_pointer@P6AXPEAXK0@Z@@YAP6AXPEAXK0@ZQ6AX0K0@Z@Z 0000000180012b3c f i libucrt:exit.obj
 0001:00011b64       ??$__crt_get_proc_address@P6AXI@Z@@YAP6AXI@ZQEAUHINSTANCE__@@QEBD@Z 0000000180012b64 f i libucrt:exit.obj
 0001:00011b6c       ??$__crt_interlocked_read@J@@YAJPEDJ@Z 0000000180012b6c f i libucrt:exit.obj
 0001:00011b70       ??0?$__crt_unique_handle_t@U__crt_hmodule_traits@@@@QEAA@QEAUHINSTANCE__@@@Z 0000000180012b70 f i libucrt:exit.obj
 0001:00011b78       ??1?$__crt_unique_handle_t@U__crt_hmodule_traits@@@@QEAA@XZ 0000000180012b78 f i libucrt:exit.obj
 0001:00011ba4       ?__crt_interlocked_read_32@@YAHPEDH@Z 0000000180012ba4 f i libucrt:exit.obj
 0001:00011bb8       ?close@?$__crt_unique_handle_t@U__crt_hmodule_traits@@@@QEAAXXZ 0000000180012bb8 f i libucrt:exit.obj
 0001:00011be4       ?close@__crt_hmodule_traits@@SA_NPEAUHINSTANCE__@@@Z 0000000180012be4 f i libucrt:exit.obj
 0001:00011e24       ?get@?$__crt_unique_handle_t@U__crt_hmodule_traits@@@@QEBAPEAUHINSTANCE__@@XZ 0000000180012e24 f i libucrt:exit.obj
 0001:00011e28       ?get_address_of@?$__crt_unique_handle_t@U__crt_hmodule_traits@@@@QEAAPEAPEAUHINSTANCE__@@XZ 0000000180012e28 f i libucrt:exit.obj
 0001:00011e2c       ?get_invalid_value@__crt_hmodule_traits@@SAPEAUHINSTANCE__@@XZ 0000000180012e2c f i libucrt:exit.obj
 0001:00011f58       _Exit                      0000000180012f58 f   libucrt:exit.obj
 0001:00011f68       __acrt_initialize_thread_local_exit_callback 0000000180012f68 f   libucrt:exit.obj
 0001:00011f74       _c_exit                    0000000180012f74 f   libucrt:exit.obj
 0001:00011f88       _cexit                     0000000180012f88 f   libucrt:exit.obj
 0001:00011f98       _exit                      0000000180012f98 f   libucrt:exit.obj
 0001:00011fa8       _is_c_termination_complete 0000000180012fa8 f   libucrt:exit.obj
 0001:00011fb0       _register_thread_local_exe_atexit_callback 0000000180012fb0 f   libucrt:exit.obj
 0001:00012008       exit                       0000000180013008 f   libucrt:exit.obj
 0001:00012014       quick_exit                 0000000180013014 f   libucrt:exit.obj
 0001:00012024       ??$?RPEAD@__crt_internal_free_policy@@QEBAXQEBQEAD@Z 0000000180013024 f i libucrt:environment_initialization.obj
 0001:00012030       ??$?RPEA_W@__crt_internal_free_policy@@QEBAXQEBQEA_W@Z 0000000180013030 f i libucrt:environment_initialization.obj
 0001:0001203c       ??$?R_W@__crt_internal_free_policy@@QEBAXQEB_W@Z 000000018001303c f i libucrt:environment_initialization.obj
 0001:000125e8       ??$get_environment_from_os@$$$V@?$__crt_char_traits@D@@SAPEADXZ 00000001800135e8 f i libucrt:environment_initialization.obj
 0001:000125f0       ??$get_environment_from_os@$$$V@?$__crt_char_traits@_W@@SAPEA_WXZ 00000001800135f0 f i libucrt:environment_initialization.obj
 0001:000127dc       ??$set_variable_in_environment_nolock@PEADH@?$__crt_char_traits@D@@SAH$$QEAPEAD$$QEAH@Z 00000001800137dc f i libucrt:environment_initialization.obj
 0001:000127e8       ??$set_variable_in_environment_nolock@PEA_WH@?$__crt_char_traits@_W@@SAH$$QEAPEA_W$$QEAH@Z 00000001800137e8 f i libucrt:environment_initialization.obj
 0001:000127f4       ??$tcscpy_s@PEADAEB_KAEAPEAD@?$__crt_char_traits@D@@SAH$$QEAPEADAEB_KAEAPEAD@Z 00000001800137f4 f i libucrt:environment_initialization.obj
 0001:00012808       ??$tcscpy_s@PEA_WAEB_KAEAPEA_W@?$__crt_char_traits@_W@@SAH$$QEAPEA_WAEB_KAEAPEA_W@Z 0000000180013808 f i libucrt:environment_initialization.obj
 0001:0001281c       ??$tcslen@AEAPEAD@?$__crt_char_traits@D@@SA_KAEAPEAD@Z 000000018001381c f i libucrt:environment_initialization.obj
 0001:00012834       ??$tcslen@AEAPEA_W@?$__crt_char_traits@_W@@SA_KAEAPEA_W@Z 0000000180013834 f i libucrt:environment_initialization.obj
 0001:0001284c       ??$uninitialize@A6AXAEAPEAPEAD@Z@?$dual_state_global@PEAPEAD@__crt_state_management@@QEAAXA6AXAEAPEAPEAD@Z@Z 000000018001384c f i libucrt:environment_initialization.obj
 0001:000128a4       ??$uninitialize@A6AXAEAPEAPEA_W@Z@?$dual_state_global@PEAPEA_W@__crt_state_management@@QEAAXA6AXAEAPEAPEA_W@Z@Z 00000001800138a4 f i libucrt:environment_initialization.obj
 0001:0001293c       ??0?$__crt_unique_heap_ptr@PEADU__crt_internal_free_policy@@@@QEAA@QEAPEAD@Z 000000018001393c f i libucrt:environment_initialization.obj
 0001:00012944       ??0?$__crt_unique_heap_ptr@PEA_WU__crt_internal_free_policy@@@@QEAA@QEAPEA_W@Z 0000000180013944 f i libucrt:environment_initialization.obj
 0001:0001294c       ??0?$__crt_unique_heap_ptr@_WU__crt_internal_free_policy@@@@QEAA@QEA_W@Z 000000018001394c f i libucrt:environment_initialization.obj
 0001:00012954       ??1?$__crt_unique_heap_ptr@PEADU__crt_internal_free_policy@@@@QEAA@XZ 0000000180013954 f i libucrt:environment_initialization.obj
 0001:00012978       ??1?$__crt_unique_heap_ptr@PEA_WU__crt_internal_free_policy@@@@QEAA@XZ 0000000180013978 f i libucrt:environment_initialization.obj
 0001:0001299c       ??1?$__crt_unique_heap_ptr@_WU__crt_internal_free_policy@@@@QEAA@XZ 000000018001399c f i libucrt:environment_initialization.obj
 0001:000129c0       ??B?$__crt_unique_heap_ptr@PEADU__crt_internal_free_policy@@@@QEBA_NXZ 00000001800139c0 f i libucrt:environment_initialization.obj
 0001:000129cc       ??B?$__crt_unique_heap_ptr@PEA_WU__crt_internal_free_policy@@@@QEBA_NXZ 00000001800139cc f i libucrt:environment_initialization.obj
 0001:000129d8       ??B?$__crt_unique_heap_ptr@_WU__crt_internal_free_policy@@@@QEBA_NXZ 00000001800139d8 f i libucrt:environment_initialization.obj
 0001:000129e4       ?__crt_compute_required_transform_buffer_count@@YA_KIQEBD@Z 00000001800139e4 f i libucrt:environment_initialization.obj
 0001:00012a14       ?__crt_compute_required_transform_buffer_count@@YA_KIQEB_W@Z 0000000180013a14 f i libucrt:environment_initialization.obj
 0001:00012a50       ?__crt_transform_string@@YA_KIQEBDQEA_W_K@Z 0000000180013a50 f i libucrt:environment_initialization.obj
 0001:00012a80       ?__crt_transform_string@@YA_KIQEB_WQEAD_K@Z 0000000180013a80 f i libucrt:environment_initialization.obj
 0001:00012abc       ?detach@?$__crt_unique_heap_ptr@DU__crt_internal_free_policy@@@@QEAAPEADXZ 0000000180013abc f i libucrt:environment_initialization.obj
 0001:00012ac8       ?detach@?$__crt_unique_heap_ptr@PEADU__crt_internal_free_policy@@@@QEAAPEAPEADXZ 0000000180013ac8 f i libucrt:environment_initialization.obj
 0001:00012ad4       ?detach@?$__crt_unique_heap_ptr@PEA_WU__crt_internal_free_policy@@@@QEAAPEAPEA_WXZ 0000000180013ad4 f i libucrt:environment_initialization.obj
 0001:00012ae0       ?detach@?$__crt_unique_heap_ptr@_WU__crt_internal_free_policy@@@@QEAAPEA_WXZ 0000000180013ae0 f i libucrt:environment_initialization.obj
 0001:00012aec       ?get@?$__crt_unique_heap_ptr@PEADU__crt_internal_free_policy@@@@QEBAPEAPEADXZ 0000000180013aec f i libucrt:environment_initialization.obj
 0001:00012af0       ?get@?$__crt_unique_heap_ptr@PEA_WU__crt_internal_free_policy@@@@QEBAPEAPEA_WXZ 0000000180013af0 f i libucrt:environment_initialization.obj
 0001:00012af4       ?get@?$__crt_unique_heap_ptr@_WU__crt_internal_free_policy@@@@QEBAPEA_WXZ 0000000180013af4 f i libucrt:environment_initialization.obj
 0001:00012af8       ?get_current_state_index@__crt_state_management@@YA_KXZ 0000000180013af8 f i libucrt:environment_initialization.obj
 0001:00012b44       ?initialize@?$dual_state_global@PEAPEAD@__crt_state_management@@QEAAXQEAPEAD@Z 0000000180013b44 f i libucrt:environment_initialization.obj
 0001:00012b84       ?initialize@?$dual_state_global@PEAPEA_W@__crt_state_management@@QEAAXQEAPEA_W@Z 0000000180013b84 f i libucrt:environment_initialization.obj
 0001:00012bc4       ?is_valid@?$__crt_unique_heap_ptr@PEADU__crt_internal_free_policy@@@@QEBA_NXZ 0000000180013bc4 f i libucrt:environment_initialization.obj
 0001:00012bd0       ?is_valid@?$__crt_unique_heap_ptr@PEA_WU__crt_internal_free_policy@@@@QEBA_NXZ 0000000180013bd0 f i libucrt:environment_initialization.obj
 0001:00012bdc       ?is_valid@?$__crt_unique_heap_ptr@_WU__crt_internal_free_policy@@@@QEBA_NXZ 0000000180013bdc f i libucrt:environment_initialization.obj
 0001:00012bf4       ?release@?$__crt_unique_heap_ptr@PEADU__crt_internal_free_policy@@@@QEAAXXZ 0000000180013bf4 f i libucrt:environment_initialization.obj
 0001:00012c18       ?release@?$__crt_unique_heap_ptr@PEA_WU__crt_internal_free_policy@@@@QEAAXXZ 0000000180013c18 f i libucrt:environment_initialization.obj
 0001:00012c3c       ?release@?$__crt_unique_heap_ptr@_WU__crt_internal_free_policy@@@@QEAAXXZ 0000000180013c3c f i libucrt:environment_initialization.obj
 0001:00012c60       ?value@?$dual_state_global@PEAPEAD@__crt_state_management@@QEAAAEAPEAPEADXZ 0000000180013c60 f i libucrt:environment_initialization.obj
 0001:00012c64       ?value@?$dual_state_global@PEAPEA_W@__crt_state_management@@QEAAAEAPEAPEA_WXZ 0000000180013c64 f i libucrt:environment_initialization.obj
 0001:00012c68       __dcrt_get_or_create_narrow_environment_nolock 0000000180013c68 f   libucrt:environment_initialization.obj
 0001:00012c70       __dcrt_get_or_create_wide_environment_nolock 0000000180013c70 f   libucrt:environment_initialization.obj
 0001:00012c78       __dcrt_uninitialize_environments_nolock 0000000180013c78 f   libucrt:environment_initialization.obj
 0001:00012cc0       __p__environ               0000000180013cc0 f   libucrt:environment_initialization.obj
 0001:00012ccc       __p__wenviron              0000000180013ccc f   libucrt:environment_initialization.obj
 0001:00012cd8       _get_initial_narrow_environment 0000000180013cd8 f   libucrt:environment_initialization.obj
 0001:00012d04       _get_initial_wide_environment 0000000180013d04 f   libucrt:environment_initialization.obj
 0001:00012d30       _initialize_narrow_environment 0000000180013d30 f   libucrt:environment_initialization.obj
 0001:00012d38       _initialize_wide_environment 0000000180013d38 f   libucrt:environment_initialization.obj
 0001:00012d40       _invoke_watson_if_error    0000000180013d40 f i libucrt:environment_initialization.obj
 0001:00012d80       ??$?BP6AXXZ@__crt_fast_encoded_nullptr_t@@QEBAPEAP6AXXZXZ 0000000180013d80 f i libucrt:onexit.obj
 0001:00012da4       ??$?RP6AXXZ@__crt_internal_free_policy@@QEBAXQEBQ6AXXZ@Z 0000000180013da4 f i libucrt:onexit.obj
 0001:00012db0       ??$?RV<lambda_b8c45f8f788dd370798f47cfe8ac3a86>@@AEAV<lambda_4e60a939b0d047cfe11ddc22648dfba9>@@V<lambda_332c3edc96d0294ec56c57d38c1cdfd5>@@@?$__crt_seh_guarded_call@H@@QEAAH$$QEAV<lambda_b8c45f8f788dd370798f47cfe8ac3a86>@@AEAV<lambda_4e60a939b0d047cfe11ddc22648dfba9>@@$$QEAV<lambda_332c3edc96d0294ec56c57d38c1cdfd5>@@@Z 0000000180013db0 f i libucrt:onexit.obj
 0001:00012dfc       ??$?RV<lambda_e24bbb7b643b32fcea6fa61b31d4c984>@@AEAV<lambda_275893d493268fdec8709772e3fcec0e>@@V<lambda_9d71df4d7cf3f480f8d633942495c3b0>@@@?$__crt_seh_guarded_call@H@@QEAAH$$QEAV<lambda_e24bbb7b643b32fcea6fa61b31d4c984>@@AEAV<lambda_275893d493268fdec8709772e3fcec0e>@@$$QEAV<lambda_9d71df4d7cf3f480f8d633942495c3b0>@@@Z 0000000180013dfc f i libucrt:onexit.obj
 0001:00013004       ??$__acrt_lock_and_call@V<lambda_275893d493268fdec8709772e3fcec0e>@@@@YAHW4__acrt_lock_id@@$$QEAV<lambda_275893d493268fdec8709772e3fcec0e>@@@Z 0000000180014004 f i libucrt:onexit.obj
 0001:00013034       ??$__acrt_lock_and_call@V<lambda_4e60a939b0d047cfe11ddc22648dfba9>@@@@YAHW4__acrt_lock_id@@$$QEAV<lambda_4e60a939b0d047cfe11ddc22648dfba9>@@@Z 0000000180014034 f i libucrt:onexit.obj
 0001:00013064       ??$__crt_fast_encode_pointer@P6AHXZ@@YAP6AHXZQ6AHXZ@Z 0000000180014064 f i libucrt:onexit.obj
 0001:000130d4       ??0?$__crt_unique_heap_ptr@P6AXXZU__crt_internal_free_policy@@@@QEAA@QEAP6AXXZ@Z 00000001800140d4 f i libucrt:onexit.obj
 0001:000130dc       ??1?$__crt_unique_heap_ptr@P6AXXZU__crt_internal_free_policy@@@@QEAA@XZ 00000001800140dc f i libucrt:onexit.obj
 0001:00013514       ?detach@?$__crt_unique_heap_ptr@P6AXXZU__crt_internal_free_policy@@@@QEAAPEAP6AXXZXZ 0000000180014514 f i libucrt:onexit.obj
 0001:00013520       ?release@?$__crt_unique_heap_ptr@P6AXXZU__crt_internal_free_policy@@@@QEAAXXZ 0000000180014520 f i libucrt:onexit.obj
 0001:00013544       _crt_at_quick_exit         0000000180014544 f   libucrt:onexit.obj
 0001:00013558       _crt_atexit                0000000180014558 f   libucrt:onexit.obj
 0001:0001356c       _execute_onexit_table      000000018001456c f   libucrt:onexit.obj
 0001:000135b4       _initialize_onexit_table   00000001800145b4 f   libucrt:onexit.obj
 0001:00013604       _register_onexit_function  0000000180014604 f   libucrt:onexit.obj
 0001:000137f0       ?initialize@?$dual_state_global@PEAU__crt_locale_data@@@__crt_state_management@@QEAAXQEAU__crt_locale_data@@@Z 00000001800147f0 f i libucrt:initialization.obj
 0001:00013830       __acrt_initialize          0000000180014830 f   libucrt:initialization.obj
 0001:00013848       __acrt_thread_attach       0000000180014848 f   libucrt:initialization.obj
 0001:00013864       __acrt_thread_detach       0000000180014864 f   libucrt:initialization.obj
 0001:00013878       __acrt_uninitialize        0000000180014878 f   libucrt:initialization.obj
 0001:00013890       __acrt_uninitialize_critical 0000000180014890 f   libucrt:initialization.obj
 0001:000138bc       _get_terminate             00000001800148bc f   libucrt:terminate.obj
 0001:000138e8       set_terminate              00000001800148e8 f   libucrt:terminate.obj
 0001:00013920       terminate                  0000000180014920 f   libucrt:terminate.obj
 0001:00013950       ??$__crt_interlocked_exchange_pointer@X$$T@@YAPEAXPEDSEAX$$T@Z 0000000180014950 f i libucrt:free_base.obj
 0001:00013958       ?__crt_interlocked_read_64@@YA_JPED_J@Z 0000000180014958 f i libucrt:free_base.obj
 0001:00013968       __acrt_get_msvcrt_heap_handle 0000000180014968 f   libucrt:free_base.obj
 0001:000139f0       _free_base                 00000001800149f0 f   libucrt:free_base.obj
 0001:00013a3c       _malloc_base               0000000180014a3c f   libucrt:malloc_base.obj
 0001:00013b30       strcpy_s                   0000000180014b30 f   libucrt:strcpy_s.obj
 0001:00013ba8       _set_abort_behavior        0000000180014ba8 f   libucrt:abort.obj
 0001:00013bcc       abort                      0000000180014bcc f   libucrt:abort.obj
 0001:00013c38       _calloc_base               0000000180014c38 f   libucrt:calloc_base.obj
 0001:00013ccc       ??$?0AEBV?$stream_output_adapter@D@__crt_stdio_output@@AEB_KAEBQEBDAEBQEAU__crt_locale_pointers@@AEBQEAD@?$format_validation_base@DV?$stream_output_adapter@D@__crt_stdio_output@@@__crt_stdio_output@@IEAA@AEBV?$stream_output_adapter@D@1@AEB_KAEBQEBDAEBQEAU__crt_locale_pointers@@AEBQEAD@Z 0000000180014ccc f i libucrt:output.obj
 0001:00013d70       ??$?0AEBV?$stream_output_adapter@D@__crt_stdio_output@@AEB_KAEBQEBDAEBQEAU__crt_locale_pointers@@AEBQEAD@?$positional_parameter_base@DV?$stream_output_adapter@D@__crt_stdio_output@@@__crt_stdio_output@@IEAA@AEBV?$stream_output_adapter@D@1@AEB_KAEBQEBDAEBQEAU__crt_locale_pointers@@AEBQEAD@Z 0000000180014d70 f i libucrt:output.obj
 0001:00013e38       ??$?0AEBV?$stream_output_adapter@D@__crt_stdio_output@@AEB_KAEBQEBDAEBQEAU__crt_locale_pointers@@AEBQEAD@?$standard_base@DV?$stream_output_adapter@D@__crt_stdio_output@@@__crt_stdio_output@@IEAA@AEBV?$stream_output_adapter@D@1@AEB_KAEBQEBDAEBQEAU__crt_locale_pointers@@AEBQEAD@Z 0000000180014e38 f i libucrt:output.obj
 0001:00013edc       ??$?0AEBV?$stream_output_adapter@_W@__crt_stdio_output@@AEB_KAEBQEB_WAEBQEAU__crt_locale_pointers@@AEBQEAD@?$format_validation_base@_WV?$stream_output_adapter@_W@__crt_stdio_output@@@__crt_stdio_output@@IEAA@AEBV?$stream_output_adapter@_W@1@AEB_KAEBQEB_WAEBQEAU__crt_locale_pointers@@AEBQEAD@Z 0000000180014edc f i libucrt:output.obj
 0001:00013f84       ??$?0AEBV?$stream_output_adapter@_W@__crt_stdio_output@@AEB_KAEBQEB_WAEBQEAU__crt_locale_pointers@@AEBQEAD@?$positional_parameter_base@_WV?$stream_output_adapter@_W@__crt_stdio_output@@@__crt_stdio_output@@IEAA@AEBV?$stream_output_adapter@_W@1@AEB_KAEBQEB_WAEBQEAU__crt_locale_pointers@@AEBQEAD@Z 0000000180014f84 f i libucrt:output.obj
 0001:00014050       ??$?0AEBV?$stream_output_adapter@_W@__crt_stdio_output@@AEB_KAEBQEB_WAEBQEAU__crt_locale_pointers@@AEBQEAD@?$standard_base@_WV?$stream_output_adapter@_W@__crt_stdio_output@@@__crt_stdio_output@@IEAA@AEBV?$stream_output_adapter@_W@1@AEB_KAEBQEB_WAEBQEAU__crt_locale_pointers@@AEBQEAD@Z 0000000180015050 f i libucrt:output.obj
 0001:000140f8       ??$?0AEBV?$string_output_adapter@D@__crt_stdio_output@@AEB_KAEBQEBDAEBQEAU__crt_locale_pointers@@AEBQEAD@?$format_validation_base@DV?$string_output_adapter@D@__crt_stdio_output@@@__crt_stdio_output@@IEAA@AEBV?$string_output_adapter@D@1@AEB_KAEBQEBDAEBQEAU__crt_locale_pointers@@AEBQEAD@Z 00000001800150f8 f i libucrt:output.obj
 0001:0001419c       ??$?0AEBV?$string_output_adapter@D@__crt_stdio_output@@AEB_KAEBQEBDAEBQEAU__crt_locale_pointers@@AEBQEAD@?$positional_parameter_base@DV?$string_output_adapter@D@__crt_stdio_output@@@__crt_stdio_output@@IEAA@AEBV?$string_output_adapter@D@1@AEB_KAEBQEBDAEBQEAU__crt_locale_pointers@@AEBQEAD@Z 000000018001519c f i libucrt:output.obj
 0001:00014264       ??$?0AEBV?$string_output_adapter@D@__crt_stdio_output@@AEB_KAEBQEBDAEBQEAU__crt_locale_pointers@@AEBQEAD@?$standard_base@DV?$string_output_adapter@D@__crt_stdio_output@@@__crt_stdio_output@@IEAA@AEBV?$string_output_adapter@D@1@AEB_KAEBQEBDAEBQEAU__crt_locale_pointers@@AEBQEAD@Z 0000000180015264 f i libucrt:output.obj
 0001:00014308       ??$?0AEBV?$string_output_adapter@_W@__crt_stdio_output@@AEB_KAEBQEB_WAEBQEAU__crt_locale_pointers@@AEBQEAD@?$format_validation_base@_WV?$string_output_adapter@_W@__crt_stdio_output@@@__crt_stdio_output@@IEAA@AEBV?$string_output_adapter@_W@1@AEB_KAEBQEB_WAEBQEAU__crt_locale_pointers@@AEBQEAD@Z 0000000180015308 f i libucrt:output.obj
 0001:000143b0       ??$?0AEBV?$string_output_adapter@_W@__crt_stdio_output@@AEB_KAEBQEB_WAEBQEAU__crt_locale_pointers@@AEBQEAD@?$positional_parameter_base@_WV?$string_output_adapter@_W@__crt_stdio_output@@@__crt_stdio_output@@IEAA@AEBV?$string_output_adapter@_W@1@AEB_KAEBQEB_WAEBQEAU__crt_locale_pointers@@AEBQEAD@Z 00000001800153b0 f i libucrt:output.obj
 0001:0001447c       ??$?0AEBV?$string_output_adapter@_W@__crt_stdio_output@@AEB_KAEBQEB_WAEBQEAU__crt_locale_pointers@@AEBQEAD@?$standard_base@_WV?$string_output_adapter@_W@__crt_stdio_output@@@__crt_stdio_output@@IEAA@AEBV?$string_output_adapter@_W@1@AEB_KAEBQEB_WAEBQEAU__crt_locale_pointers@@AEBQEAD@Z 000000018001547c f i libucrt:output.obj
 0001:00014524       ??$?RV<lambda_2647abb55a408a205467c4169a724277>@@AEAV<lambda_576477a770bb5ab586b2d9569451c7f7>@@V<lambda_c2b006f504a10a4cf14b9a1fbce2a01e>@@@?$__crt_seh_guarded_call@H@@QEAAH$$QEAV<lambda_2647abb55a408a205467c4169a724277>@@AEAV<lambda_576477a770bb5ab586b2d9569451c7f7>@@$$QEAV<lambda_c2b006f504a10a4cf14b9a1fbce2a01e>@@@Z 0000000180015524 f i libucrt:output.obj
 0001:00014570       ??$?RV<lambda_2b8ba55cb2a29189d70f882b678c7350>@@AEAV<lambda_ab9668973a2a61b07c64846465621f55>@@V<lambda_748afda9c1ab82b4e15f74dcdf75db74>@@@?$__crt_seh_guarded_call@H@@QEAAH$$QEAV<lambda_2b8ba55cb2a29189d70f882b678c7350>@@AEAV<lambda_ab9668973a2a61b07c64846465621f55>@@$$QEAV<lambda_748afda9c1ab82b4e15f74dcdf75db74>@@@Z 0000000180015570 f i libucrt:output.obj
 0001:000145bc       ??$?RV<lambda_4942f9dcb8a83a0b649775421cdab7f2>@@AEAV<lambda_9fdeb54d99e6c7e515b8c19e0613d470>@@V<lambda_f61bc4569557b8ad96931f67d51af400>@@@?$__crt_seh_guarded_call@H@@QEAAH$$QEAV<lambda_4942f9dcb8a83a0b649775421cdab7f2>@@AEAV<lambda_9fdeb54d99e6c7e515b8c19e0613d470>@@$$QEAV<lambda_f61bc4569557b8ad96931f67d51af400>@@@Z 00000001800155bc f i libucrt:output.obj
 0001:00014608       ??$?RV<lambda_7b91131dde12e1c3dfc74ff76b3f2eac>@@AEAV<lambda_dd75445284c072d0bd3768540cc698fa>@@V<lambda_16bc4ecb55b4718497c16bceaea2ceaf>@@@?$__crt_seh_guarded_call@H@@QEAAH$$QEAV<lambda_7b91131dde12e1c3dfc74ff76b3f2eac>@@AEAV<lambda_dd75445284c072d0bd3768540cc698fa>@@$$QEAV<lambda_16bc4ecb55b4718497c16bceaea2ceaf>@@@Z 0000000180015608 f i libucrt:output.obj
 0001:00014654       ??$?RV<lambda_aa279a7bcb127014629d5b1d62c7325d>@@AEAV<lambda_0a64b6a4deda75c01876f29c44fc5eb3>@@V<lambda_3323e69fbefe9d1a11713e670d47cdfa>@@@?$__crt_seh_guarded_call@H@@QEAAH$$QEAV<lambda_aa279a7bcb127014629d5b1d62c7325d>@@AEAV<lambda_0a64b6a4deda75c01876f29c44fc5eb3>@@$$QEAV<lambda_3323e69fbefe9d1a11713e670d47cdfa>@@@Z 0000000180015654 f i libucrt:output.obj
 0001:000146a0       ??$?RV<lambda_c232a0c49490a30f399a8430f51b50ba>@@AEAV<lambda_7b6c652cce95ef5b7c2ff34f92bf0578>@@V<lambda_c415c6f6d9d103d7e93818ef66b8cc8a>@@@?$__crt_seh_guarded_call@H@@QEAAH$$QEAV<lambda_c232a0c49490a30f399a8430f51b50ba>@@AEAV<lambda_7b6c652cce95ef5b7c2ff34f92bf0578>@@$$QEAV<lambda_c415c6f6d9d103d7e93818ef66b8cc8a>@@@Z 00000001800156a0 f i libucrt:output.obj
 0001:000146ec       ??$__acrt_lock_stream_and_call@V<lambda_0a64b6a4deda75c01876f29c44fc5eb3>@@@@YAHQEAU_iobuf@@$$QEAV<lambda_0a64b6a4deda75c01876f29c44fc5eb3>@@@Z 00000001800156ec f i libucrt:output.obj
 0001:00014720       ??$__acrt_lock_stream_and_call@V<lambda_576477a770bb5ab586b2d9569451c7f7>@@@@YAHQEAU_iobuf@@$$QEAV<lambda_576477a770bb5ab586b2d9569451c7f7>@@@Z 0000000180015720 f i libucrt:output.obj
 0001:00014754       ??$__acrt_lock_stream_and_call@V<lambda_7b6c652cce95ef5b7c2ff34f92bf0578>@@@@YAHQEAU_iobuf@@$$QEAV<lambda_7b6c652cce95ef5b7c2ff34f92bf0578>@@@Z 0000000180015754 f i libucrt:output.obj
 0001:00014788       ??$__acrt_lock_stream_and_call@V<lambda_9fdeb54d99e6c7e515b8c19e0613d470>@@@@YAHQEAU_iobuf@@$$QEAV<lambda_9fdeb54d99e6c7e515b8c19e0613d470>@@@Z 0000000180015788 f i libucrt:output.obj
 0001:000147bc       ??$__acrt_lock_stream_and_call@V<lambda_ab9668973a2a61b07c64846465621f55>@@@@YAHQEAU_iobuf@@$$QEAV<lambda_ab9668973a2a61b07c64846465621f55>@@@Z 00000001800157bc f i libucrt:output.obj
 0001:000147f0       ??$__acrt_lock_stream_and_call@V<lambda_dd75445284c072d0bd3768540cc698fa>@@@@YAHQEAU_iobuf@@$$QEAV<lambda_dd75445284c072d0bd3768540cc698fa>@@@Z 00000001800157f0 f i libucrt:output.obj
 0001:00015cf8       ??$count@D@formatting_buffer@__crt_stdio_output@@QEBA_KXZ 0000000180016cf8 f i libucrt:output.obj
 0001:00015d1c       ??$data@D@formatting_buffer@__crt_stdio_output@@QEAAPEADXZ 0000000180016d1c f i libucrt:output.obj
 0001:00015d30       ??$data@_W@formatting_buffer@__crt_stdio_output@@QEAAPEA_WXZ 0000000180016d30 f i libucrt:output.obj
 0001:00015d44       ??$ensure_buffer_is_big_enough@D@formatting_buffer@__crt_stdio_output@@QEAA_N_K@Z 0000000180016d44 f i libucrt:output.obj
 0001:00015e1c       ??$extract_argument_from_va_list@C_J@?$positional_parameter_base@DV?$stream_output_adapter@D@__crt_stdio_output@@@__crt_stdio_output@@IEAA_NAEA_J@Z 0000000180016e1c f i libucrt:output.obj
 0001:00015f10       ??$extract_argument_from_va_list@C_J@?$positional_parameter_base@DV?$string_output_adapter@D@__crt_stdio_output@@@__crt_stdio_output@@IEAA_NAEA_J@Z 0000000180016f10 f i libucrt:output.obj
 0001:00016004       ??$extract_argument_from_va_list@C_J@?$positional_parameter_base@_WV?$stream_output_adapter@_W@__crt_stdio_output@@@__crt_stdio_output@@IEAA_NAEA_J@Z 0000000180017004 f i libucrt:output.obj
 0001:000160fc       ??$extract_argument_from_va_list@C_J@?$positional_parameter_base@_WV?$string_output_adapter@_W@__crt_stdio_output@@@__crt_stdio_output@@IEAA_NAEA_J@Z 00000001800170fc f i libucrt:output.obj
 0001:000161f4       ??$extract_argument_from_va_list@C_J@?$standard_base@DV?$stream_output_adapter@D@__crt_stdio_output@@@__crt_stdio_output@@IEAA_NAEA_J@Z 00000001800171f4 f i libucrt:output.obj
 0001:00016210       ??$extract_argument_from_va_list@C_J@?$standard_base@DV?$string_output_adapter@D@__crt_stdio_output@@@__crt_stdio_output@@IEAA_NAEA_J@Z 0000000180017210 f i libucrt:output.obj
 0001:0001622c       ??$extract_argument_from_va_list@C_J@?$standard_base@_WV?$stream_output_adapter@_W@__crt_stdio_output@@@__crt_stdio_output@@IEAA_NAEA_J@Z 000000018001722c f i libucrt:output.obj
 0001:00016248       ??$extract_argument_from_va_list@C_J@?$standard_base@_WV?$string_output_adapter@_W@__crt_stdio_output@@@__crt_stdio_output@@IEAA_NAEA_J@Z 0000000180017248 f i libucrt:output.obj
 0001:00016264       ??$extract_argument_from_va_list@E_J@?$positional_parameter_base@DV?$stream_output_adapter@D@__crt_stdio_output@@@__crt_stdio_output@@IEAA_NAEA_J@Z 0000000180017264 f i libucrt:output.obj
 0001:00016358       ??$extract_argument_from_va_list@E_J@?$positional_parameter_base@DV?$string_output_adapter@D@__crt_stdio_output@@@__crt_stdio_output@@IEAA_NAEA_J@Z 0000000180017358 f i libucrt:output.obj
 0001:0001644c       ??$extract_argument_from_va_list@E_J@?$positional_parameter_base@_WV?$stream_output_adapter@_W@__crt_stdio_output@@@__crt_stdio_output@@IEAA_NAEA_J@Z 000000018001744c f i libucrt:output.obj
 0001:00016544       ??$extract_argument_from_va_list@E_J@?$positional_parameter_base@_WV?$string_output_adapter@_W@__crt_stdio_output@@@__crt_stdio_output@@IEAA_NAEA_J@Z 0000000180017544 f i libucrt:output.obj
 0001:0001663c       ??$extract_argument_from_va_list@E_J@?$standard_base@DV?$stream_output_adapter@D@__crt_stdio_output@@@__crt_stdio_output@@IEAA_NAEA_J@Z 000000018001763c f i libucrt:output.obj
 0001:00016654       ??$extract_argument_from_va_list@E_J@?$standard_base@DV?$string_output_adapter@D@__crt_stdio_output@@@__crt_stdio_output@@IEAA_NAEA_J@Z 0000000180017654 f i libucrt:output.obj
 0001:0001666c       ??$extract_argument_from_va_list@E_J@?$standard_base@_WV?$stream_output_adapter@_W@__crt_stdio_output@@@__crt_stdio_output@@IEAA_NAEA_J@Z 000000018001766c f i libucrt:output.obj
 0001:00016684       ??$extract_argument_from_va_list@E_J@?$standard_base@_WV?$string_output_adapter@_W@__crt_stdio_output@@@__crt_stdio_output@@IEAA_NAEA_J@Z 0000000180017684 f i libucrt:output.obj
 0001:0001669c       ??$extract_argument_from_va_list@F_J@?$positional_parameter_base@DV?$stream_output_adapter@D@__crt_stdio_output@@@__crt_stdio_output@@IEAA_NAEA_J@Z 000000018001769c f i libucrt:output.obj
 0001:00016790       ??$extract_argument_from_va_list@F_J@?$positional_parameter_base@DV?$string_output_adapter@D@__crt_stdio_output@@@__crt_stdio_output@@IEAA_NAEA_J@Z 0000000180017790 f i libucrt:output.obj
 0001:00016884       ??$extract_argument_from_va_list@F_J@?$positional_parameter_base@_WV?$stream_output_adapter@_W@__crt_stdio_output@@@__crt_stdio_output@@IEAA_NAEA_J@Z 0000000180017884 f i libucrt:output.obj
 0001:0001697c       ??$extract_argument_from_va_list@F_J@?$positional_parameter_base@_WV?$string_output_adapter@_W@__crt_stdio_output@@@__crt_stdio_output@@IEAA_NAEA_J@Z 000000018001797c f i libucrt:output.obj
 0001:00016a74       ??$extract_argument_from_va_list@F_J@?$standard_base@DV?$stream_output_adapter@D@__crt_stdio_output@@@__crt_stdio_output@@IEAA_NAEA_J@Z 0000000180017a74 f i libucrt:output.obj
 0001:00016a90       ??$extract_argument_from_va_list@F_J@?$standard_base@DV?$string_output_adapter@D@__crt_stdio_output@@@__crt_stdio_output@@IEAA_NAEA_J@Z 0000000180017a90 f i libucrt:output.obj
 0001:00016aac       ??$extract_argument_from_va_list@F_J@?$standard_base@_WV?$stream_output_adapter@_W@__crt_stdio_output@@@__crt_stdio_output@@IEAA_NAEA_J@Z 0000000180017aac f i libucrt:output.obj
 0001:00016ac8       ??$extract_argument_from_va_list@F_J@?$standard_base@_WV?$string_output_adapter@_W@__crt_stdio_output@@@__crt_stdio_output@@IEAA_NAEA_J@Z 0000000180017ac8 f i libucrt:output.obj
 0001:00016ae4       ??$extract_argument_from_va_list@GD@?$positional_parameter_base@DV?$stream_output_adapter@D@__crt_stdio_output@@@__crt_stdio_output@@IEAA_NAEAD@Z 0000000180017ae4 f i libucrt:output.obj
 0001:00016bd4       ??$extract_argument_from_va_list@GD@?$positional_parameter_base@DV?$string_output_adapter@D@__crt_stdio_output@@@__crt_stdio_output@@IEAA_NAEAD@Z 0000000180017bd4 f i libucrt:output.obj
 0001:00016cc4       ??$extract_argument_from_va_list@GD@?$standard_base@DV?$stream_output_adapter@D@__crt_stdio_output@@@__crt_stdio_output@@IEAA_NAEAD@Z 0000000180017cc4 f i libucrt:output.obj
 0001:00016cdc       ??$extract_argument_from_va_list@GD@?$standard_base@DV?$string_output_adapter@D@__crt_stdio_output@@@__crt_stdio_output@@IEAA_NAEAD@Z 0000000180017cdc f i libucrt:output.obj
 0001:00016cf4       ??$extract_argument_from_va_list@G_J@?$positional_parameter_base@DV?$stream_output_adapter@D@__crt_stdio_output@@@__crt_stdio_output@@IEAA_NAEA_J@Z 0000000180017cf4 f i libucrt:output.obj
 0001:00016de8       ??$extract_argument_from_va_list@G_J@?$positional_parameter_base@DV?$string_output_adapter@D@__crt_stdio_output@@@__crt_stdio_output@@IEAA_NAEA_J@Z 0000000180017de8 f i libucrt:output.obj
 0001:00016edc       ??$extract_argument_from_va_list@G_J@?$positional_parameter_base@_WV?$stream_output_adapter@_W@__crt_stdio_output@@@__crt_stdio_output@@IEAA_NAEA_J@Z 0000000180017edc f i libucrt:output.obj
 0001:00016fd4       ??$extract_argument_from_va_list@G_J@?$positional_parameter_base@_WV?$string_output_adapter@_W@__crt_stdio_output@@@__crt_stdio_output@@IEAA_NAEA_J@Z 0000000180017fd4 f i libucrt:output.obj
 0001:000170cc       ??$extract_argument_from_va_list@G_J@?$standard_base@DV?$stream_output_adapter@D@__crt_stdio_output@@@__crt_stdio_output@@IEAA_NAEA_J@Z 00000001800180cc f i libucrt:output.obj
 0001:000170e4       ??$extract_argument_from_va_list@G_J@?$standard_base@DV?$string_output_adapter@D@__crt_stdio_output@@@__crt_stdio_output@@IEAA_NAEA_J@Z 00000001800180e4 f i libucrt:output.obj
 0001:000170fc       ??$extract_argument_from_va_list@G_J@?$standard_base@_WV?$stream_output_adapter@_W@__crt_stdio_output@@@__crt_stdio_output@@IEAA_NAEA_J@Z 00000001800180fc f i libucrt:output.obj
 0001:00017114       ??$extract_argument_from_va_list@G_J@?$standard_base@_WV?$string_output_adapter@_W@__crt_stdio_output@@@__crt_stdio_output@@IEAA_NAEA_J@Z 0000000180018114 f i libucrt:output.obj
 0001:0001712c       ??$extract_argument_from_va_list@H_J@?$positional_parameter_base@DV?$stream_output_adapter@D@__crt_stdio_output@@@__crt_stdio_output@@IEAA_NAEA_J@Z 000000018001812c f i libucrt:output.obj
 0001:00017220       ??$extract_argument_from_va_list@H_J@?$positional_parameter_base@DV?$string_output_adapter@D@__crt_stdio_output@@@__crt_stdio_output@@IEAA_NAEA_J@Z 0000000180018220 f i libucrt:output.obj
 0001:00017314       ??$extract_argument_from_va_list@H_J@?$positional_parameter_base@_WV?$stream_output_adapter@_W@__crt_stdio_output@@@__crt_stdio_output@@IEAA_NAEA_J@Z 0000000180018314 f i libucrt:output.obj
 0001:00017408       ??$extract_argument_from_va_list@H_J@?$positional_parameter_base@_WV?$string_output_adapter@_W@__crt_stdio_output@@@__crt_stdio_output@@IEAA_NAEA_J@Z 0000000180018408 f i libucrt:output.obj
 0001:000174fc       ??$extract_argument_from_va_list@H_J@?$standard_base@DV?$stream_output_adapter@D@__crt_stdio_output@@@__crt_stdio_output@@IEAA_NAEA_J@Z 00000001800184fc f i libucrt:output.obj
 0001:00017514       ??$extract_argument_from_va_list@H_J@?$standard_base@DV?$string_output_adapter@D@__crt_stdio_output@@@__crt_stdio_output@@IEAA_NAEA_J@Z 0000000180018514 f i libucrt:output.obj
 0001:0001752c       ??$extract_argument_from_va_list@H_J@?$standard_base@_WV?$stream_output_adapter@_W@__crt_stdio_output@@@__crt_stdio_output@@IEAA_NAEA_J@Z 000000018001852c f i libucrt:output.obj
 0001:00017544       ??$extract_argument_from_va_list@H_J@?$standard_base@_WV?$string_output_adapter@_W@__crt_stdio_output@@@__crt_stdio_output@@IEAA_NAEA_J@Z 0000000180018544 f i libucrt:output.obj
 0001:0001755c       ??$extract_argument_from_va_list@I_J@?$positional_parameter_base@DV?$stream_output_adapter@D@__crt_stdio_output@@@__crt_stdio_output@@IEAA_NAEA_J@Z 000000018001855c f i libucrt:output.obj
 0001:0001764c       ??$extract_argument_from_va_list@I_J@?$positional_parameter_base@DV?$string_output_adapter@D@__crt_stdio_output@@@__crt_stdio_output@@IEAA_NAEA_J@Z 000000018001864c f i libucrt:output.obj
 0001:0001773c       ??$extract_argument_from_va_list@I_J@?$positional_parameter_base@_WV?$stream_output_adapter@_W@__crt_stdio_output@@@__crt_stdio_output@@IEAA_NAEA_J@Z 000000018001873c f i libucrt:output.obj
 0001:00017830       ??$extract_argument_from_va_list@I_J@?$positional_parameter_base@_WV?$string_output_adapter@_W@__crt_stdio_output@@@__crt_stdio_output@@IEAA_NAEA_J@Z 0000000180018830 f i libucrt:output.obj
 0001:00017924       ??$extract_argument_from_va_list@I_J@?$standard_base@DV?$stream_output_adapter@D@__crt_stdio_output@@@__crt_stdio_output@@IEAA_NAEA_J@Z 0000000180018924 f i libucrt:output.obj
 0001:0001793c       ??$extract_argument_from_va_list@I_J@?$standard_base@DV?$string_output_adapter@D@__crt_stdio_output@@@__crt_stdio_output@@IEAA_NAEA_J@Z 000000018001893c f i libucrt:output.obj
 0001:00017954       ??$extract_argument_from_va_list@I_J@?$standard_base@_WV?$stream_output_adapter@_W@__crt_stdio_output@@@__crt_stdio_output@@IEAA_NAEA_J@Z 0000000180018954 f i libucrt:output.obj
 0001:0001796c       ??$extract_argument_from_va_list@I_J@?$standard_base@_WV?$string_output_adapter@_W@__crt_stdio_output@@@__crt_stdio_output@@IEAA_NAEA_J@Z 000000018001896c f i libucrt:output.obj
 0001:00017984       ??$extract_argument_from_va_list@PEADPEAD@?$positional_parameter_base@DV?$stream_output_adapter@D@__crt_stdio_output@@@__crt_stdio_output@@IEAA_NAEAPEAD@Z 0000000180018984 f i libucrt:output.obj
 0001:00017a78       ??$extract_argument_from_va_list@PEADPEAD@?$positional_parameter_base@DV?$string_output_adapter@D@__crt_stdio_output@@@__crt_stdio_output@@IEAA_NAEAPEAD@Z 0000000180018a78 f i libucrt:output.obj
 0001:00017b6c       ??$extract_argument_from_va_list@PEADPEAD@?$positional_parameter_base@_WV?$stream_output_adapter@_W@__crt_stdio_output@@@__crt_stdio_output@@IEAA_NAEAPEAD@Z 0000000180018b6c f i libucrt:output.obj
 0001:00017c60       ??$extract_argument_from_va_list@PEADPEAD@?$positional_parameter_base@_WV?$string_output_adapter@_W@__crt_stdio_output@@@__crt_stdio_output@@IEAA_NAEAPEAD@Z 0000000180018c60 f i libucrt:output.obj
 0001:00017d54       ??$extract_argument_from_va_list@PEADPEAD@?$standard_base@DV?$stream_output_adapter@D@__crt_stdio_output@@@__crt_stdio_output@@IEAA_NAEAPEAD@Z 0000000180018d54 f i libucrt:output.obj
 0001:00017d6c       ??$extract_argument_from_va_list@PEADPEAD@?$standard_base@DV?$string_output_adapter@D@__crt_stdio_output@@@__crt_stdio_output@@IEAA_NAEAPEAD@Z 0000000180018d6c f i libucrt:output.obj
 0001:00017d84       ??$extract_argument_from_va_list@PEADPEAD@?$standard_base@_WV?$stream_output_adapter@_W@__crt_stdio_output@@@__crt_stdio_output@@IEAA_NAEAPEAD@Z 0000000180018d84 f i libucrt:output.obj
 0001:00017d9c       ??$extract_argument_from_va_list@PEADPEAD@?$standard_base@_WV?$string_output_adapter@_W@__crt_stdio_output@@@__crt_stdio_output@@IEAA_NAEAPEAD@Z 0000000180018d9c f i libucrt:output.obj
 0001:00017db4       ??$extract_argument_from_va_list@PEAUansi_string@?1??type_case_Z@?$output_processor@DV?$stream_output_adapter@D@__crt_stdio_output@@V?$format_validation_base@DV?$stream_output_adapter@D@__crt_stdio_output@@@2@@__crt_stdio_output@@AEAA_NXZ@PEAU1?1??234@AEAA_NXZ@@?$standard_base@DV?$stream_output_adapter@D@__crt_stdio_output@@@__crt_stdio_output@@IEAA_NAEAPEAUansi_string@?1??type_case_Z@?$output_processor@DV?$stream_output_adapter@D@__crt_stdio_output@@V?$format_validation_base@DV?$stream_output_adapter@D@__crt_stdio_output@@@2@@1@AEAA_NXZ@@Z 0000000180018db4 f i libucrt:output.obj
 0001:00017dcc       ??$extract_argument_from_va_list@PEAUansi_string@?1??type_case_Z@?$output_processor@DV?$stream_output_adapter@D@__crt_stdio_output@@V?$positional_parameter_base@DV?$stream_output_adapter@D@__crt_stdio_output@@@2@@__crt_stdio_output@@AEAA_NXZ@PEAU1?1??234@AEAA_NXZ@@?$positional_parameter_base@DV?$stream_output_adapter@D@__crt_stdio_output@@@__crt_stdio_output@@IEAA_NAEAPEAUansi_string@?1??type_case_Z@?$output_processor@DV?$stream_output_adapter@D@__crt_stdio_output@@V?$positional_parameter_base@DV?$stream_output_adapter@D@__crt_stdio_output@@@2@@1@AEAA_NXZ@@Z 0000000180018dcc f i libucrt:output.obj
 0001:00017ec0       ??$extract_argument_from_va_list@PEAUansi_string@?1??type_case_Z@?$output_processor@DV?$stream_output_adapter@D@__crt_stdio_output@@V?$positional_parameter_base@DV?$stream_output_adapter@D@__crt_stdio_output@@@2@@__crt_stdio_output@@AEAA_NXZ@PEAU1?1??234@AEAA_NXZ@@?$standard_base@DV?$stream_output_adapter@D@__crt_stdio_output@@@__crt_stdio_output@@IEAA_NAEAPEAUansi_string@?1??type_case_Z@?$output_processor@DV?$stream_output_adapter@D@__crt_stdio_output@@V?$positional_parameter_base@DV?$stream_output_adapter@D@__crt_stdio_output@@@2@@1@AEAA_NXZ@@Z 0000000180018ec0 f i libucrt:output.obj
 0001:00017ed8       ??$extract_argument_from_va_list@PEAUansi_string@?1??type_case_Z@?$output_processor@DV?$stream_output_adapter@D@__crt_stdio_output@@V?$standard_base@DV?$stream_output_adapter@D@__crt_stdio_output@@@2@@__crt_stdio_output@@AEAA_NXZ@PEAU1?1??234@AEAA_NXZ@@?$standard_base@DV?$stream_output_adapter@D@__crt_stdio_output@@@__crt_stdio_output@@IEAA_NAEAPEAUansi_string@?1??type_case_Z@?$output_processor@DV?$stream_output_adapter@D@__crt_stdio_output@@V?$standard_base@DV?$stream_output_adapter@D@__crt_stdio_output@@@2@@1@AEAA_NXZ@@Z 0000000180018ed8 f i libucrt:output.obj
 0001:00017ef0       ??$extract_argument_from_va_list@PEAUansi_string@?1??type_case_Z@?$output_processor@DV?$string_output_adapter@D@__crt_stdio_output@@V?$format_validation_base@DV?$string_output_adapter@D@__crt_stdio_output@@@2@@__crt_stdio_output@@AEAA_NXZ@PEAU1?1??234@AEAA_NXZ@@?$standard_base@DV?$string_output_adapter@D@__crt_stdio_output@@@__crt_stdio_output@@IEAA_NAEAPEAUansi_string@?1??type_case_Z@?$output_processor@DV?$string_output_adapter@D@__crt_stdio_output@@V?$format_validation_base@DV?$string_output_adapter@D@__crt_stdio_output@@@2@@1@AEAA_NXZ@@Z 0000000180018ef0 f i libucrt:output.obj
 0001:00017f08       ??$extract_argument_from_va_list@PEAUansi_string@?1??type_case_Z@?$output_processor@DV?$string_output_adapter@D@__crt_stdio_output@@V?$positional_parameter_base@DV?$string_output_adapter@D@__crt_stdio_output@@@2@@__crt_stdio_output@@AEAA_NXZ@PEAU1?1??234@AEAA_NXZ@@?$positional_parameter_base@DV?$string_output_adapter@D@__crt_stdio_output@@@__crt_stdio_output@@IEAA_NAEAPEAUansi_string@?1??type_case_Z@?$output_processor@DV?$string_output_adapter@D@__crt_stdio_output@@V?$positional_parameter_base@DV?$string_output_adapter@D@__crt_stdio_output@@@2@@1@AEAA_NXZ@@Z 0000000180018f08 f i libucrt:output.obj
 0001:00017ffc       ??$extract_argument_from_va_list@PEAUansi_string@?1??type_case_Z@?$output_processor@DV?$string_output_adapter@D@__crt_stdio_output@@V?$positional_parameter_base@DV?$string_output_adapter@D@__crt_stdio_output@@@2@@__crt_stdio_output@@AEAA_NXZ@PEAU1?1??234@AEAA_NXZ@@?$standard_base@DV?$string_output_adapter@D@__crt_stdio_output@@@__crt_stdio_output@@IEAA_NAEAPEAUansi_string@?1??type_case_Z@?$output_processor@DV?$string_output_adapter@D@__crt_stdio_output@@V?$positional_parameter_base@DV?$string_output_adapter@D@__crt_stdio_output@@@2@@1@AEAA_NXZ@@Z 0000000180018ffc f i libucrt:output.obj
 0001:00018014       ??$extract_argument_from_va_list@PEAUansi_string@?1??type_case_Z@?$output_processor@DV?$string_output_adapter@D@__crt_stdio_output@@V?$standard_base@DV?$string_output_adapter@D@__crt_stdio_output@@@2@@__crt_stdio_output@@AEAA_NXZ@PEAU1?1??234@AEAA_NXZ@@?$standard_base@DV?$string_output_adapter@D@__crt_stdio_output@@@__crt_stdio_output@@IEAA_NAEAPEAUansi_string@?1??type_case_Z@?$output_processor@DV?$string_output_adapter@D@__crt_stdio_output@@V?$standard_base@DV?$string_output_adapter@D@__crt_stdio_output@@@2@@1@AEAA_NXZ@@Z 0000000180019014 f i libucrt:output.obj
 0001:0001802c       ??$extract_argument_from_va_list@PEAUansi_string@?1??type_case_Z@?$output_processor@_WV?$stream_output_adapter@_W@__crt_stdio_output@@V?$format_validation_base@_WV?$stream_output_adapter@_W@__crt_stdio_output@@@2@@__crt_stdio_output@@AEAA_NXZ@PEAU1?1??234@AEAA_NXZ@@?$standard_base@_WV?$stream_output_adapter@_W@__crt_stdio_output@@@__crt_stdio_output@@IEAA_NAEAPEAUansi_string@?1??type_case_Z@?$output_processor@_WV?$stream_output_adapter@_W@__crt_stdio_output@@V?$format_validation_base@_WV?$stream_output_adapter@_W@__crt_stdio_output@@@2@@1@AEAA_NXZ@@Z 000000018001902c f i libucrt:output.obj
 0001:00018044       ??$extract_argument_from_va_list@PEAUansi_string@?1??type_case_Z@?$output_processor@_WV?$stream_output_adapter@_W@__crt_stdio_output@@V?$positional_parameter_base@_WV?$stream_output_adapter@_W@__crt_stdio_output@@@2@@__crt_stdio_output@@AEAA_NXZ@PEAU1?1??234@AEAA_NXZ@@?$positional_parameter_base@_WV?$stream_output_adapter@_W@__crt_stdio_output@@@__crt_stdio_output@@IEAA_NAEAPEAUansi_string@?1??type_case_Z@?$output_processor@_WV?$stream_output_adapter@_W@__crt_stdio_output@@V?$positional_parameter_base@_WV?$stream_output_adapter@_W@__crt_stdio_output@@@2@@1@AEAA_NXZ@@Z 0000000180019044 f i libucrt:output.obj
[...]
 0002:0000c150       _load_config_used          0000000180067150     LIBCMT:loadcfg.obj
 0002:0000c6e0       ??_R4DNameNode@@6B@        00000001800676e0     libvcruntime:undname.obj
 0002:0000c710       ??_R3DNameNode@@8          0000000180067710     libvcruntime:undname.obj
 0002:0000c728       ??_R2DNameNode@@8          0000000180067728     libvcruntime:undname.obj
 0002:0000c738       ??_R1A@?0A@EA@DNameNode@@8 0000000180067738     libvcruntime:undname.obj
 0002:0000c768       ??_R4charNode@@6B@         0000000180067768     libvcruntime:undname.obj
 0002:0000c798       ??_R3charNode@@8           0000000180067798     libvcruntime:undname.obj
 0002:0000c7b0       ??_R2charNode@@8           00000001800677b0     libvcruntime:undname.obj
 0002:0000c7c8       ??_R1A@?0A@EA@charNode@@8  00000001800677c8     libvcruntime:undname.obj
 0002:0000c7f8       ??_R4pcharNode@@6B@        00000001800677f8     libvcruntime:undname.obj
 0002:0000c828       ??_R3pcharNode@@8          0000000180067828     libvcruntime:undname.obj
 0002:0000c840       ??_R2pcharNode@@8          0000000180067840     libvcruntime:undname.obj
 0002:0000c858       ??_R1A@?0A@EA@pcharNode@@8 0000000180067858     libvcruntime:undname.obj
 0002:0000c888       ??_R4pDNameNode@@6B@       0000000180067888     libvcruntime:undname.obj
 0002:0000c8b8       ??_R3pDNameNode@@8         00000001800678b8     libvcruntime:undname.obj
 0002:0000c8d0       ??_R2pDNameNode@@8         00000001800678d0     libvcruntime:undname.obj
 0002:0000c8e8       ??_R1A@?0A@EA@pDNameNode@@8 00000001800678e8     libvcruntime:undname.obj
 0002:0000c918       ??_R4DNameStatusNode@@6B@  0000000180067918     libvcruntime:undname.obj
 0002:0000c948       ??_R3DNameStatusNode@@8    0000000180067948     libvcruntime:undname.obj
 0002:0000c960       ??_R2DNameStatusNode@@8    0000000180067960     libvcruntime:undname.obj
 0002:0000c978       ??_R1A@?0A@EA@DNameStatusNode@@8 0000000180067978     libvcruntime:undname.obj
 0002:0000c9a8       ??_R4pairNode@@6B@         00000001800679a8     libvcruntime:undname.obj
 0002:0000c9d8       ??_R3pairNode@@8           00000001800679d8     libvcruntime:undname.obj
 0002:0000c9f0       ??_R2pairNode@@8           00000001800679f0     libvcruntime:undname.obj
 0002:0000ca08       ??_R1A@?0A@EA@pairNode@@8  0000000180067a08     libvcruntime:undname.obj
 0002:0000ca38       ??_R4type_info@@6B@        0000000180067a38     LIBCMT:std_type_info_static.obj
 0002:0000ca68       ??_R3type_info@@8          0000000180067a68     LIBCMT:std_type_info_static.obj
 0002:0000ca80       ??_R2type_info@@8          0000000180067a80     LIBCMT:std_type_info_static.obj
 0002:0000ca90       ??_R1A@?0A@EA@type_info@@8 0000000180067a90     LIBCMT:std_type_info_static.obj
 0002:0000cbd0       ?_TraceLoggingMetadata@?1??_TlgWrite@__vcrt_trace_logging_provider@@YAJPEBU_TlgProvider_t@2@PEFBXPEBU_GUID@@2IPEAU_EVENT_DATA_DESCRIPTOR@@@Z@4U_TraceLoggingMetadata_t@2@B 0000000180067bd0     libvcruntime:telemetry.obj
 0002:0000cfa5       ?_TraceLoggingMetadataEnd@?1??_TlgWrite@__vcrt_trace_logging_provider@@YAJPEBU_TlgProvider_t@2@PEFBXPEBU_GUID@@2IPEAU_EVENT_DATA_DESCRIPTOR@@@Z@4EB 0000000180067fa5     libvcruntime:telemetry.obj
 0002:0000d200       __rtc_iaa                  0000000180068200     LIBCMT:_initsect_.obj
 0002:0000d310       __rtc_izz                  0000000180068310     LIBCMT:_initsect_.obj
 0002:0000d420       __rtc_taa                  0000000180068420     LIBCMT:_initsect_.obj
 0002:0000d530       __rtc_tzz                  0000000180068530     LIBCMT:_initsect_.obj
 0003:00000000       __scrt_native_dllmain_reason 000000018006e000     LIBCMT:utility.obj
 0003:00000008       __isa_available            000000018006e008     LIBCMT:_cpu_disp_.obj
 0003:0000000c       __isa_enabled              000000018006e00c     LIBCMT:_cpu_disp_.obj
 0003:00000010       __memcpy_nt_iters          000000018006e010     LIBCMT:_cpu_disp_.obj
 0003:00000020       __security_cookie          000000018006e020     LIBCMT:gs_cookie.obj
 0003:00000028       __security_cookie_complement 000000018006e028     LIBCMT:gs_cookie.obj
 0003:000000b4       __abort_behavior           000000018006e0b4     libucrt:abort.obj
 0003:000000c0       __acrt_initial_multibyte_data 000000018006e0c0     libucrt:mbctype.obj
 0003:00000358       __acrt_current_multibyte_data 000000018006e358     libucrt:mbctype.obj
 0003:00000490       _mbctype                   000000018006e490     libucrt:mbctype.obj
 0003:000005d0       _mbcasemap                 000000018006e5d0     libucrt:mbctype.obj
 0003:00000710       __badioinfo                000000018006e710     libucrt:ioinit.obj
 0003:00000760       __acrt_initial_locale_data 000000018006e760     libucrt:nlsdata.obj
 0003:00000900       __acrt_initial_locale_pointers 000000018006e900     libucrt:nlsdata.obj
 0003:00000914       __acrt_wide_c_locale_string 000000018006e914     libucrt:nlsdata.obj
 0003:00000918       __mb_cur_max               000000018006e918     libucrt:nlsdata.obj
 0003:00000930       _iob                       000000018006e930     libucrt:_file.obj
 0003:00000a80       _pctype                    000000018006ea80     libucrt:ctype.obj
 0003:00000a90       _pwctype                   000000018006ea90     libucrt:ctype.obj
 0003:00000a9c       __globallocalestatus       000000018006ea9c     libucrt:glstatus.obj
 0003:00000aa0       __acrt_lconv_c             000000018006eaa0     libucrt:localeconv.obj
 0003:00000b58       __acrt_lconv               000000018006eb58     libucrt:localeconv.obj
 0003:00000b64       __acrt_lconv_static_decimal 000000018006eb64     libucrt:localeconv.obj
 0003:00000b68       __acrt_lconv_static_W_decimal 000000018006eb68     libucrt:localeconv.obj
 0003:00000b80       __dcrt_lowio_console_output_handle 000000018006eb80     libucrt:initcon.obj
 0003:00000ba0       _fltused                   000000018006eba0     LIBCMT:fltused.obj
 0003:00000ce8       ??_R0?AVDNameNode@@@8      000000018006ece8     libvcruntime:undname.obj
 0003:00000d10       ??_R0?AVcharNode@@@8       000000018006ed10     libvcruntime:undname.obj
 0003:00000d38       ??_R0?AVpcharNode@@@8      000000018006ed38     libvcruntime:undname.obj
 0003:00000d60       ??_R0?AVpDNameNode@@@8     000000018006ed60     libvcruntime:undname.obj
 0003:00000d88       ??_R0?AVDNameStatusNode@@@8 000000018006ed88     libvcruntime:undname.obj
 0003:00000db8       ??_R0?AVpairNode@@@8       000000018006edb8     libvcruntime:undname.obj
 0003:00000de0       ??_R0?AVtype_info@@@8      000000018006ede0     LIBCMT:std_type_info_static.obj
 0003:00000f18       __scrt_current_native_startup_state 000000018006ef18     LIBCMT:utility.obj
 0003:00000f20       __scrt_native_startup_lock 000000018006ef20     LIBCMT:utility.obj
 0003:00000f70       ?__type_info_root_node@@3U__type_info_node@@A 000000018006ef70     LIBCMT:tncleanup.obj
 0003:00000f88       ?_OptionsStorage@?1??__local_stdio_printf_options@@9@4_KA 000000018006ef88     LIBCMT:default_local_stdio_options.obj
 0003:00000f98       ?_OptionsStorage@?1??__local_stdio_scanf_options@@9@4_KA 000000018006ef98     LIBCMT:default_local_stdio_options.obj
 0003:00000fa4       __scrt_debugger_hook_flag  000000018006efa4     LIBCMT:utility_desktop.obj
 0003:00000fa8       __favor                    000000018006efa8     LIBCMT:_cpu_disp_.obj
 0003:000010f8       __pPurecall                000000018006f0f8     libvcruntime:purevirt_data.obj
 0003:00001108       ?pArgList@UnDecorator@@0PEAVReplicator@@EA 000000018006f108     libvcruntime:undname.obj
 0003:00001110       ?pZNameList@UnDecorator@@0PEAVReplicator@@EA 000000018006f110     libvcruntime:undname.obj
 0003:00001118       ?pTemplateArgList@UnDecorator@@0PEAVReplicator@@EA 000000018006f118     libvcruntime:undname.obj
 0003:00001120       ?gName@UnDecorator@@0PEBDEB 000000018006f120     libvcruntime:undname.obj
 0003:00001128       ?name@UnDecorator@@0PEBDEB 000000018006f128     libvcruntime:undname.obj
 0003:00001130       ?outputString@UnDecorator@@0PEADEA 000000018006f130     libvcruntime:undname.obj
 0003:00001138       ?maxStringLength@UnDecorator@@0HA 000000018006f138     libvcruntime:undname.obj
 0003:0000113c       ?disableFlags@UnDecorator@@0KA 000000018006f13c     libvcruntime:undname.obj
 0003:00001140       ?fExplicitTemplateParams@UnDecorator@@0_NA 000000018006f140     libvcruntime:undname.obj
 0003:00001141       ?fGetTemplateArgumentList@UnDecorator@@0_NA 000000018006f141     libvcruntime:undname.obj
 0003:00001148       ?m_pGetParameter@UnDecorator@@0P6APEADJ@ZEA 000000018006f148     libvcruntime:undname.obj
 0003:00001190       ?nodes@?1??make@DNameStatusNode@@SAPEAV2@W4DNameStatus@@@Z@4PAV2@A 000000018006f190     libvcruntime:undname.obj
 0003:000011dc       ??_B?1??make@DNameStatusNode@@SAPEAV1@W4DNameStatus@@@Z@51 000000018006f1dc     libvcruntime:undname.obj
 0003:000011f8       _environ_table             000000018006f1f8     libucrt:environment_initialization.obj
 0003:00001200       _wenviron_table            000000018006f200     libucrt:environment_initialization.obj
 0003:00001210       __dcrt_initial_wide_environment 000000018006f210     libucrt:environment_initialization.obj
 0003:00001220       __dcrt_initial_narrow_environment 000000018006f220     libucrt:environment_initialization.obj
 0003:00001230       __acrt_atexit_table        000000018006f230     libucrt:onexit.obj
 0003:00001250       __acrt_at_quick_exit_table 000000018006f250     libucrt:onexit.obj
 0003:00001704       __mbcodepage               000000018006f704     libucrt:mbctype.obj
 0003:00001708       __ismbcodepage             000000018006f708     libucrt:mbctype.obj
 0003:00001710       __mbulinfo                 000000018006f710     libucrt:mbctype.obj
 0003:00001728       __mblocalename             000000018006f728     libucrt:mbctype.obj
 0003:00001738       __acrt_heap                000000018006f738     libucrt:heap_handle.obj
 0003:00001750       __pioinfo                  000000018006f750     libucrt:ioinit.obj
 0003:00001c1c       _nhandle                   000000018006fc1c     libucrt:ioinit.obj
 0003:00001c20       __argc                     000000018006fc20     libucrt:argv_data.obj
 0003:00001c28       __argv                     000000018006fc28     libucrt:argv_data.obj
 0003:00001c38       __wargv                    000000018006fc38     libucrt:argv_data.obj
 0003:00001c48       _acmdln                    000000018006fc48     libucrt:argv_data.obj
 0003:00001c58       _wcmdln                    000000018006fc58     libucrt:argv_data.obj
 0003:00001c68       _pgmptr                    000000018006fc68     libucrt:argv_data.obj
 0003:00001c78       _wpgmptr                   000000018006fc78     libucrt:argv_data.obj
 0003:00001cd0       __acrt_current_locale_data 000000018006fcd0     libucrt:nlsdata.obj
 0003:00001ce0       __acrt_stdout_buffer       000000018006fce0     libucrt:_sftbuf.obj
 0003:00001cf0       __acrt_stderr_buffer       000000018006fcf0     libucrt:_sftbuf.obj
 0003:00001d00       _nstream                   000000018006fd00     libucrt:_file.obj
 0003:00001d08       __piob                     000000018006fd08     libucrt:_file.obj
 0003:00001d14       _cflush                    000000018006fd14     libucrt:_file.obj
 0003:00001d24       __acrt_locale_changed_data 000000018006fd24     libucrt:wsetlocale.obj
 0003:00001d28       __acrt_lconv_static_null   000000018006fd28     libucrt:localeconv.obj
 0003:00001d2c       __acrt_lconv_static_W_null 000000018006fd2c     libucrt:localeconv.obj
 0003:000024a8       __fma3_is_available        00000001800704a8     libucrt:fma3_available.obj
 0003:000024ac       __use_fma3_lib             00000001800704ac     libucrt:fma3_available.obj
 0003:00002b38       __scrt_ucrt_dll_is_in_use  0000000180070b38     <common>
 0003:00002b48       __dyn_tls_init_callback    0000000180070b48     <common>
 0003:00002b60       _pDestructExceptionObject  0000000180070b60     <common>
 0005:00000000       __imp_SystemFunction036    0000000180076000     advapi32:ADVAPI32.dll
 0005:00000008       \177ADVAPI32_NULL_THUNK_DATA 0000000180076008     advapi32:ADVAPI32.dll
 0005:00000060       __imp_GetCurrentThreadId   0000000180076060     kernel32:KERNEL32.dll
 0005:00000068       __imp_GetSystemTimeAsFileTime 0000000180076068     kernel32:KERNEL32.dll
 0005:00000070       __imp_InitializeSListHead  0000000180076070     kernel32:KERNEL32.dll
 0005:00000078       __imp_RtlCaptureContext    0000000180076078     kernel32:KERNEL32.dll
 0005:00000080       __imp_RtlLookupFunctionEntry 0000000180076080     kernel32:KERNEL32.dll
 0005:00000088       __imp_RtlVirtualUnwind     0000000180076088     kernel32:KERNEL32.dll
 0005:00000090       __imp_IsDebuggerPresent    0000000180076090     kernel32:KERNEL32.dll
 0005:00000098       __imp_UnhandledExceptionFilter 0000000180076098     kernel32:KERNEL32.dll
 0005:000000a0       __imp_SetUnhandledExceptionFilter 00000001800760a0     kernel32:KERNEL32.dll
 0005:000000a8       __imp_GetStartupInfoW      00000001800760a8     kernel32:KERNEL32.dll
 0005:000000b0       __imp_IsProcessorFeaturePresent 00000001800760b0     kernel32:KERNEL32.dll
 0005:000000b8       __imp_GetModuleHandleW     00000001800760b8     kernel32:KERNEL32.dll
 0005:000000c0       __imp_GetLastError         00000001800760c0     kernel32:KERNEL32.dll
 0005:000000c8       __imp_GetModuleFileNameW   00000001800760c8     kernel32:KERNEL32.dll
 0005:000000d0       __imp_RtlUnwindEx          00000001800760d0     kernel32:KERNEL32.dll
 0005:000000d8       __imp_InterlockedPushEntrySList 00000001800760d8     kernel32:KERNEL32.dll
 0005:000000e0       __imp_InterlockedFlushSList 00000001800760e0     kernel32:KERNEL32.dll
 0005:000000e8       __imp_InitializeCriticalSectionAndSpinCount 00000001800760e8     kernel32:KERNEL32.dll
 0005:000000f0       __imp_TlsAlloc             00000001800760f0     kernel32:KERNEL32.dll
 0005:000000f8       __imp_TlsGetValue          00000001800760f8     kernel32:KERNEL32.dll
 0005:00000100       __imp_TlsSetValue          0000000180076100     kernel32:KERNEL32.dll
 0005:00000108       __imp_TlsFree              0000000180076108     kernel32:KERNEL32.dll
 0005:00000110       __imp_FreeLibrary          0000000180076110     kernel32:KERNEL32.dll
 0005:00000118       __imp_GetProcAddress       0000000180076118     kernel32:KERNEL32.dll
 0005:00000120       __imp_LoadLibraryExW       0000000180076120     kernel32:KERNEL32.dll
 0005:00000128       __imp_SetLastError         0000000180076128     kernel32:KERNEL32.dll
 0005:00000130       __imp_EnterCriticalSection 0000000180076130     kernel32:KERNEL32.dll
 0005:00000138       __imp_LeaveCriticalSection 0000000180076138     kernel32:KERNEL32.dll
 0005:00000140       __imp_DeleteCriticalSection 0000000180076140     kernel32:KERNEL32.dll
 0005:00000148       __imp_GetCurrentProcess    0000000180076148     kernel32:KERNEL32.dll
 0005:00000150       __imp_ExitProcess          0000000180076150     kernel32:KERNEL32.dll
 0005:00000158       __imp_TerminateProcess     0000000180076158     kernel32:KERNEL32.dll
 0005:00000160       __imp_GetModuleHandleExW   0000000180076160     kernel32:KERNEL32.dll
 0005:00000168       __imp_MultiByteToWideChar  0000000180076168     kernel32:KERNEL32.dll
 0005:00000170       __imp_WideCharToMultiByte  0000000180076170     kernel32:KERNEL32.dll
 0005:00000178       __imp_HeapFree             0000000180076178     kernel32:KERNEL32.dll
 0005:00000180       __imp_HeapAlloc            0000000180076180     kernel32:KERNEL32.dll
 0005:00000188       __imp_GetCurrentProcessId  0000000180076188     kernel32:KERNEL32.dll
 0005:00000190       __imp_GetDateFormatW       0000000180076190     kernel32:KERNEL32.dll
 0005:00000198       __imp_GetTimeFormatW       0000000180076198     kernel32:KERNEL32.dll
 0005:000001a0       __imp_CompareStringW       00000001800761a0     kernel32:KERNEL32.dll
 0005:000001a8       __imp_LCMapStringW         00000001800761a8     kernel32:KERNEL32.dll
 0005:000001b0       __imp_GetLocaleInfoW       00000001800761b0     kernel32:KERNEL32.dll
 0005:000001b8       __imp_IsValidLocale        00000001800761b8     kernel32:KERNEL32.dll
 0005:000001c0       __imp_GetUserDefaultLCID   00000001800761c0     kernel32:KERNEL32.dll
 0005:000001c8       __imp_EnumSystemLocalesW   00000001800761c8     kernel32:KERNEL32.dll
 0005:000001d0       __imp_IsValidCodePage      00000001800761d0     kernel32:KERNEL32.dll
 0005:000001d8       __imp_GetACP               00000001800761d8     kernel32:KERNEL32.dll
 0005:000001e0       __imp_GetOEMCP             00000001800761e0     kernel32:KERNEL32.dll
 0005:000001e8       __imp_GetCPInfo            00000001800761e8     kernel32:KERNEL32.dll
 0005:000001f0       __imp_GetEnvironmentStringsW 00000001800761f0     kernel32:KERNEL32.dll
 0005:000001f8       __imp_FreeEnvironmentStringsW 00000001800761f8     kernel32:KERNEL32.dll
 0005:00000200       __imp_SetEnvironmentVariableA 0000000180076200     kernel32:KERNEL32.dll
 0005:00000208       __imp_SetEnvironmentVariableW 0000000180076208     kernel32:KERNEL32.dll
 0005:00000210       __imp_GetProcessHeap       0000000180076210     kernel32:KERNEL32.dll
 0005:00000218       __imp_GetStdHandle         0000000180076218     kernel32:KERNEL32.dll
 0005:00000220       __imp_GetFileType          0000000180076220     kernel32:KERNEL32.dll
 0005:00000228       __imp_GetCommandLineA      0000000180076228     kernel32:KERNEL32.dll
 0005:00000230       __imp_GetCommandLineW      0000000180076230     kernel32:KERNEL32.dll
 0005:00000238       __imp_SetConsoleCtrlHandler 0000000180076238     kernel32:KERNEL32.dll
 0005:00000240       __imp_GetStringTypeW       0000000180076240     kernel32:KERNEL32.dll
 0005:00000248       __imp_HeapSize             0000000180076248     kernel32:KERNEL32.dll
 0005:00000250       __imp_HeapReAlloc          0000000180076250     kernel32:KERNEL32.dll
 0005:00000258       __imp_SetStdHandle         0000000180076258     kernel32:KERNEL32.dll
 0005:00000260       __imp_WriteFile            0000000180076260     kernel32:KERNEL32.dll
 0005:00000268       __imp_FlushFileBuffers     0000000180076268     kernel32:KERNEL32.dll
 0005:00000270       __imp_GetConsoleCP         0000000180076270     kernel32:KERNEL32.dll
 0005:00000278       __imp_GetConsoleMode       0000000180076278     kernel32:KERNEL32.dll
 0005:00000280       __imp_SetFilePointerEx     0000000180076280     kernel32:KERNEL32.dll
 0005:00000288       __imp_OutputDebugStringA   0000000180076288     kernel32:KERNEL32.dll
 0005:00000290       __imp_OutputDebugStringW   0000000180076290     kernel32:KERNEL32.dll
 0005:00000298       __imp_CloseHandle          0000000180076298     kernel32:KERNEL32.dll
 0005:000002a0       __imp_WaitForSingleObjectEx 00000001800762a0     kernel32:KERNEL32.dll
 0005:000002a8       __imp_CreateThread         00000001800762a8     kernel32:KERNEL32.dll
 0005:000002b0       __imp_WriteConsoleW        00000001800762b0     kernel32:KERNEL32.dll
 0005:000002b8       __imp_CreateFileW          00000001800762b8     kernel32:KERNEL32.dll
 0005:000002c0       __imp_RaiseException       00000001800762c0     kernel32:KERNEL32.dll
 0005:000002c8       __imp_GetCurrentThread     00000001800762c8     kernel32:KERNEL32.dll
 0005:000002d0       __imp_QueryPerformanceCounter 00000001800762d0     kernel32:KERNEL32.dll
 0005:000002d8       \177KERNEL32_NULL_THUNK_DATA 00000001800762d8     kernel32:KERNEL32.dll
 0005:000003a8       __IMPORT_DESCRIPTOR_KERNEL32 00000001800763a8     kernel32:KERNEL32.dll
 0005:000003bc       __IMPORT_DESCRIPTOR_ADVAPI32 00000001800763bc     advapi32:ADVAPI32.dll
 0005:000003d0       __NULL_IMPORT_DESCRIPTOR   00000001800763d0     kernel32:KERNEL32.dll
 0007:00000000       __guard_check_icall_fptr   0000000180078000     LIBCMT:guard_support.obj
 0007:00000010       __guard_dispatch_icall_fptr 0000000180078010     LIBCMT:guard_support.obj
