 win32_platform

 Timestamp is 57704166 (Sun Jun 26 22:56:06 2016)

 Preferred load address is 0000000140000000

 Start         Length     Name                   Class
 0001:00000000 000001dbH .text                   CODE
 0001:000001e0 0000ac45H .text$mn                CODE
 0001:0000ae30 00000012H .text$mn$00             CODE
 0001:0000ae50 00000210H .text$x                 CODE
 0002:00000000 000002d8H .idata$5                DATA
 0002:000002d8 00000010H .00cfg                  DATA
 0002:000002e8 00000008H .CRT$XCA                DATA
 0002:000002f0 00000008H .CRT$XCAA               DATA
 0002:000002f8 00000008H .CRT$XCZ                DATA
 0002:00000300 00000008H .CRT$XIA                DATA
 0002:00000308 00000008H .CRT$XIAA               DATA
 0002:00000310 00000008H .CRT$XIAC               DATA
 0002:00000318 00000018H .CRT$XIC                DATA
 0002:00000330 00000008H .CRT$XIZ                DATA
 0002:00000338 00000008H .CRT$XPA                DATA
 0002:00000340 00000010H .CRT$XPX                DATA
 0002:00000350 00000008H .CRT$XPXA               DATA
 0002:00000358 00000008H .CRT$XPZ                DATA
 0002:00000360 00000008H .CRT$XTA                DATA
 0002:00000368 00000008H .CRT$XTZ                DATA
 0002:00000370 000070f4H .rdata                  DATA
 0002:00007468 00000000H .rdata$r                DATA
 0002:00007468 00000010H .rdata$zETW0            DATA
 0002:00007478 00000077H .rdata$zETW1            DATA
 0002:000074ef 0000002cH .rdata$zETW2            DATA
 0002:0000751b 00000001H .rdata$zETW9            DATA
 0002:0000751c 00000368H .rdata$zzzdbg           DATA
 0002:00007888 00000008H .rtc$IAA                DATA
 0002:00007890 00000008H .rtc$IZZ                DATA
 0002:00007898 00000008H .rtc$TAA                DATA
 0002:000078a0 00000008H .rtc$TZZ                DATA
 0002:000078a8 00000a54H .xdata                  DATA
 0002:000082fc 00000000H .edata                  DATA
 0002:000082fc 00000050H .idata$2                DATA
 0002:0000834c 00000014H .idata$3                DATA
 0002:00008360 000002d8H .idata$4                DATA
 0002:00008638 0000065cH .idata$6                DATA
 0003:00000000 00000940H .data                   DATA
 0003:00000940 00000000H .data$r                 DATA
 0003:00000940 00001210H .bss                    DATA
 0004:00000000 00000cccH .pdata                  DATA
 0005:00000000 00000080H .gfids$x                DATA
 0005:00000080 00000028H .gfids$y                DATA

  Address         Publics by Value              Rva+Base               Lib:Object

 0000:00000000       __guard_iat_count          0000000000000000     <absolute>
 0000:00000000       __guard_iat_table          0000000000000000     <absolute>
 0000:00000000       __guard_longjmp_table      0000000000000000     <absolute>
 0000:00000000       __guard_longjmp_count      0000000000000000     <absolute>
 0000:00000000       __guard_fids_count         0000000000000000     <absolute>
 0000:00000000       ___safe_se_handler_table   0000000000000000     <absolute>
 0000:00000000       ___safe_se_handler_count   0000000000000000     <absolute>
 0000:00000000       __guard_fids_table         0000000000000000     <absolute>
 0000:00000100       __guard_flags              0000000000000100     <absolute>
 0000:00000000       __ImageBase                0000000140000000     <linker-defined>
 0001:00000000       ?TraceLoggingRegister@__vcrt_trace_logging_provider@@YAJPEBU_TlgProvider_t@1@PEBU_GUID@@P6AX1KE_K2PEAU_EVENT_FILTER_DESCRIPTOR@@PEAX@Z4@Z 0000000140001000 f i libvcruntime:telemetry.obj
 0001:0000007c       ?_TlgEnableCallback@__vcrt_trace_logging_provider@@YAXPEBU_GUID@@KE_K1PEAU_EVENT_FILTER_DESCRIPTOR@@PEAX@Z 000000014000107c f i libvcruntime:telemetry.obj
 0001:00000140       ?_TlgWrite@__vcrt_trace_logging_provider@@YAJPEBU_TlgProvider_t@1@PEFBXPEBU_GUID@@2IPEAU_EVENT_DATA_DESCRIPTOR@@@Z 0000000140001140 f i libvcruntime:telemetry.obj
 0001:000005c0       WinMain                    00000001400015c0 f   win32_platform.obj
 0001:00000de0       ?Debugf@@YAXPEADZZ         0000000140001de0 f   win32_platform.obj
 0001:000011f0       ??$__vcrt_va_start_verify_argument_type@PEAD@@YAXXZ 00000001400021f0 f i win32_platform.obj
 0001:00001200       ?SafeTruncateUInt64@@YAI_K@Z 0000000140002200 f i win32_platform.obj
 0001:00001238       __GSHandlerCheck           0000000140002238 f   LIBCMT:_gshandler_.obj
 0001:00001258       __GSHandlerCheckCommon     0000000140002258 f   LIBCMT:_gshandler_.obj
 0001:000012d0       __security_check_cookie    00000001400022d0 f   LIBCMT:_amdsecgs_.obj
 0001:00001550       WinMainCRTStartup          0000000140002550 f   LIBCMT:exe_winmain.obj
 0001:00001564       __raise_securityfailure    0000000140002564 f   LIBCMT:gs_report.obj
 0001:00001598       __report_gsfailure         0000000140002598 f   LIBCMT:gs_report.obj
 0001:0000166c       __report_rangecheckfailure 000000014000266c f   LIBCMT:gs_report.obj
 0001:00001680       __report_securityfailure   0000000140002680 f   LIBCMT:gs_report.obj
 0001:00001800       __scrt_acquire_startup_lock 0000000140002800 f   LIBCMT:utility.obj
 0001:0000183c       __scrt_initialize_crt      000000014000283c f   LIBCMT:utility.obj
 0001:00001888       __scrt_initialize_onexit_tables 0000000140002888 f   LIBCMT:utility.obj
 0001:00001954       __scrt_is_nonwritable_in_current_image 0000000140002954 f   LIBCMT:utility.obj
 0001:000019f0       __scrt_release_startup_lock 00000001400029f0 f   LIBCMT:utility.obj
 0001:00001a14       __scrt_uninitialize_crt    0000000140002a14 f   LIBCMT:utility.obj
 0001:00001a40       _onexit                    0000000140002a40 f   LIBCMT:utility.obj
 0001:00001a90       atexit                     0000000140002a90 f   LIBCMT:utility.obj
 0001:00001aa8       __security_init_cookie     0000000140002aa8 f   LIBCMT:gs_support.obj
 0001:00001b54       __scrt_initialize_winrt    0000000140002b54 f   LIBCMT:utility_desktop.obj
 0001:00001b54       _matherr                   0000000140002b54 f   LIBCMT:matherr.obj
 0001:00001b54       _get_startup_commit_mode   0000000140002b54 f   LIBCMT:commit_mode.obj
 0001:00001b54       _get_startup_thread_locale_mode 0000000140002b54 f   LIBCMT:thread_locale.obj
 0001:00001b54       _get_startup_new_mode      0000000140002b54 f   LIBCMT:new_mode.obj
 0001:00001b58       _get_startup_argv_mode     0000000140002b58 f   LIBCMT:argv_mode.obj
 0001:00001b60       _get_startup_file_mode     0000000140002b60 f   LIBCMT:file_mode.obj
 0001:00001b68       ?__scrt_initialize_type_info@@YAXXZ 0000000140002b68 f   LIBCMT:tncleanup.obj
 0001:00001b78       __local_stdio_printf_options 0000000140002b78 f i LIBCMT:default_local_stdio_options.obj
 0001:00001b80       __local_stdio_scanf_options 0000000140002b80 f i LIBCMT:default_local_stdio_options.obj
 0001:00001b88       __scrt_initialize_default_local_stdio_options 0000000140002b88 f   LIBCMT:default_local_stdio_options.obj
 0001:00001ba4       __scrt_is_user_matherr_present 0000000140002ba4 f   LIBCMT:matherr_detection.obj
 0001:00001bb0       __scrt_get_dyn_tls_init_callback 0000000140002bb0 f   LIBCMT:dyn_tls_init.obj
 0001:00001bb8       __scrt_get_dyn_tls_dtor_callback 0000000140002bb8 f   LIBCMT:dyn_tls_dtor.obj
 0001:00001bc0       __crt_debugger_hook        0000000140002bc0 f   LIBCMT:utility_desktop.obj
 0001:00001bc8       __scrt_fastfail            0000000140002bc8 f   LIBCMT:utility_desktop.obj
 0001:00001d10       __scrt_get_show_window_mode 0000000140002d10 f   LIBCMT:utility_desktop.obj
 0001:00001d50       __scrt_is_managed_app      0000000140002d50 f   LIBCMT:utility_desktop.obj
 0001:00001da4       __scrt_set_unhandled_exception_filter 0000000140002da4 f   LIBCMT:utility_desktop.obj
 0001:00001db4       __scrt_unhandled_exception_filter 0000000140002db4 f   LIBCMT:utility_desktop.obj
 0001:00001dec       _RTC_Initialize            0000000140002dec f   LIBCMT:_initsect_.obj
 0001:00001e38       _RTC_Terminate             0000000140002e38 f   LIBCMT:_initsect_.obj
 0001:00001e84       _guard_check_icall         0000000140002e84 f i LIBCMT:checkcfg.obj
 0001:00001e8c       __isa_available_init       0000000140002e8c f   LIBCMT:_cpu_disp_.obj
 0001:00002050       __scrt_is_ucrt_dll_in_use  0000000140003050 f   LIBCMT:ucrt_detection.obj
 0001:00002064       __telemetry_main_invoke_trigger 0000000140003064 f   libvcruntime:telemetry.obj
 0001:0000217c       __telemetry_main_return_trigger 000000014000317c f   libvcruntime:telemetry.obj
 0001:00002294       __vcrt_initialize_telemetry_provider 0000000140003294 f   libvcruntime:telemetry.obj
 0001:000022a8       __vcrt_uninitialize_telemetry_provider 00000001400032a8 f   libvcruntime:telemetry.obj
 0001:000022c8       __C_specific_handler       00000001400032c8 f   libvcruntime:_chandler_.obj
 0001:000024b8       __vcrt_initialize          00000001400034b8 f   libvcruntime:initialization.obj
 0001:000024f0       __vcrt_uninitialize        00000001400034f0 f   libvcruntime:initialization.obj
 0001:00002530       memset                     0000000140003530 f   libvcruntime:memset.obj
 0001:00002898       __vcrt_EventRegister       0000000140003898 f   libvcruntime:winapi_downlevel.obj
 0001:0000291c       __vcrt_EventSetInformation 000000014000391c f   libvcruntime:winapi_downlevel.obj
 0001:000029a0       __vcrt_EventUnregister     00000001400039a0 f   libvcruntime:winapi_downlevel.obj
 0001:000029f4       __vcrt_EventWriteTransfer  00000001400039f4 f   libvcruntime:winapi_downlevel.obj
 0001:00002a8c       __vcrt_FlsAlloc            0000000140003a8c f   libvcruntime:winapi_downlevel.obj
 0001:00002ae0       __vcrt_FlsFree             0000000140003ae0 f   libvcruntime:winapi_downlevel.obj
 0001:00002b34       __vcrt_FlsSetValue         0000000140003b34 f   libvcruntime:winapi_downlevel.obj
 0001:00002b9c       __vcrt_InitializeCriticalSectionEx 0000000140003b9c f   libvcruntime:winapi_downlevel.obj
 0001:00002c14       __vcrt_initialize_winapi_thunks 0000000140003c14 f   libvcruntime:winapi_downlevel.obj
 0001:00002c4c       __vcrt_uninitialize_winapi_thunks 0000000140003c4c f   libvcruntime:winapi_downlevel.obj
 0001:00002ca0       _local_unwind              0000000140003ca0 f   libvcruntime:_jmpuwind_.obj
 0001:00002cd0       _NLG_Notify                0000000140003cd0 f   libvcruntime:_jmpuwind_.obj
 0001:00002cf0       __NLG_Dispatch2            0000000140003cf0 f   libvcruntime:_jmpuwind_.obj
 0001:00002d00       __NLG_Return2              0000000140003d00 f   libvcruntime:_jmpuwind_.obj
 0001:00002d04       _initialize_invalid_parameter_handler 0000000140003d04 f   LIBCMT:invalid_parameter_handler.obj
 0001:00002d04       _guard_check_icall_nop     0000000140003d04 f   LIBCMT:guard_support.obj
 0001:00002d04       _initialize_denormal_control 0000000140003d04 f   LIBCMT:denormal_control.obj
 0001:00002d04       __except_validate_context_record 0000000140003d04 f   libvcruntime:jbcxrval.obj
 0001:00002d08       __vcrt_freefls             0000000140003d08 f   libvcruntime:per_thread_data.obj
 0001:00002d28       __vcrt_initialize_ptd      0000000140003d28 f   libvcruntime:per_thread_data.obj
 0001:00002d68       __vcrt_uninitialize_ptd    0000000140003d68 f   libvcruntime:per_thread_data.obj
 0001:00002d8c       __vcrt_initialize_locks    0000000140003d8c f   libvcruntime:locks.obj
 0001:00002dd4       __vcrt_uninitialize_locks  0000000140003dd4 f   libvcruntime:locks.obj
 0001:00002e0c       __vcrt_initialize_pure_virtual_call_handler 0000000140003e0c f   libvcruntime:purevirt_data.obj
 0001:00002e30       _seh_filter_exe            0000000140003e30 f   libucrt:exception_filter.obj
 0001:00002fc0       _query_app_type            0000000140003fc0 f   libucrt:report_runtime_error.obj
 0001:00002fc8       _set_app_type              0000000140003fc8 f   libucrt:report_runtime_error.obj
 0001:00002fd0       __acrt_has_user_matherr    0000000140003fd0 f   libucrt:matherr.obj
 0001:00002ff0       __acrt_initialize_user_matherr 0000000140003ff0 f   libucrt:matherr.obj
 0001:00002ff8       __acrt_invoke_user_matherr 0000000140003ff8 f   libucrt:matherr.obj
 0001:00003040       __setusermatherr           0000000140004040 f   libucrt:matherr.obj
 0001:00003224       __acrt_allocate_buffer_for_argv 0000000140004224 f   libucrt:argv_parsing.obj
 0001:00003288       _configure_narrow_argv     0000000140004288 f   libucrt:argv_parsing.obj
 0001:000035e4       __dcrt_uninitialize_environments_nolock 00000001400045e4 f   libucrt:environment_initialization.obj
 0001:0000361c       _initialize_narrow_environment 000000014000461c f   libucrt:environment_initialization.obj
 0001:00003624       _get_narrow_winmain_command_line 0000000140004624 f   libucrt:argv_winmain.obj
 0001:00003694       _initterm                  0000000140004694 f   libucrt:initterm.obj
 0001:0000370c       _initterm_e                000000014000470c f   libucrt:initterm.obj
 0001:00003988       __acrt_initialize_thread_local_exit_callback 0000000140004988 f   libucrt:exit.obj
 0001:00003990       _c_exit                    0000000140004990 f   libucrt:exit.obj
 0001:000039a0       _cexit                     00000001400049a0 f   libucrt:exit.obj
 0001:000039b0       _exit                      00000001400049b0 f   libucrt:exit.obj
 0001:000039bc       _register_thread_local_exe_atexit_callback 00000001400049bc f   libucrt:exit.obj
 0001:00003a00       exit                       0000000140004a00 f   libucrt:exit.obj
 0001:00003a0c       _set_fmode                 0000000140004a0c f   libucrt:setmode.obj
 0001:00003a4c       __acrt_set_locale_changed  0000000140004a4c f   libucrt:wsetlocale.obj
 0001:00003a58       __acrt_uninitialize_locale 0000000140004a58 f   libucrt:wsetlocale.obj
 0001:00003aa0       _configthreadlocale        0000000140004aa0 f   libucrt:wsetlocale.obj
 0001:00003b0c       _query_new_mode            0000000140004b0c f   libucrt:new_mode.obj
 0001:00003b14       _set_new_mode              0000000140004b14 f   libucrt:new_mode.obj
 0001:00003b40       __p__commode               0000000140004b40 f   libucrt:ncommode.obj
 0001:00003b48       ??$?RV<lambda_b8c45f8f788dd370798f47cfe8ac3a86>@@AEAV<lambda_4e60a939b0d047cfe11ddc22648dfba9>@@V<lambda_332c3edc96d0294ec56c57d38c1cdfd5>@@@?$__crt_seh_guarded_call@H@@QEAAH$$QEAV<lambda_b8c45f8f788dd370798f47cfe8ac3a86>@@AEAV<lambda_4e60a939b0d047cfe11ddc22648dfba9>@@$$QEAV<lambda_332c3edc96d0294ec56c57d38c1cdfd5>@@@Z 0000000140004b48 f i libucrt:onexit.obj
 0001:00003b84       ??$?RV<lambda_e24bbb7b643b32fcea6fa61b31d4c984>@@AEAV<lambda_275893d493268fdec8709772e3fcec0e>@@V<lambda_9d71df4d7cf3f480f8d633942495c3b0>@@@?$__crt_seh_guarded_call@H@@QEAAH$$QEAV<lambda_e24bbb7b643b32fcea6fa61b31d4c984>@@AEAV<lambda_275893d493268fdec8709772e3fcec0e>@@$$QEAV<lambda_9d71df4d7cf3f480f8d633942495c3b0>@@@Z 0000000140004b84 f i libucrt:onexit.obj
 0001:00003f00       _crt_atexit                0000000140004f00 f   libucrt:onexit.obj
 0001:00003f10       _execute_onexit_table      0000000140004f10 f   libucrt:onexit.obj
 0001:00003f4c       _initialize_onexit_table   0000000140004f4c f   libucrt:onexit.obj
 0001:00003f8c       _register_onexit_function  0000000140004f8c f   libucrt:onexit.obj
 0001:0000401c       __acrt_uninitialize_command_line 000000014000501c f   libucrt:argv_data.obj
 0001:0000410c       __acrt_initialize          000000014000510c f   libucrt:initialization.obj
 0001:00004120       __acrt_uninitialize        0000000140005120 f   libucrt:initialization.obj
 0001:00004134       terminate                  0000000140005134 f   libucrt:terminate.obj
 0001:0000415c       _free_base                 000000014000515c f   libucrt:free_base.obj
 0001:0000419c       _malloc_base               000000014000519c f   libucrt:malloc_base.obj
 0001:000041fc       strcpy_s                   00000001400051fc f   libucrt:strcpy_s.obj
 0001:0000425c       abort                      000000014000525c f   libucrt:abort.obj
 0001:000042b4       _calloc_base               00000001400052b4 f   libucrt:calloc_base.obj
 0001:0000432c       ??0_LocaleUpdate@@QEAA@QEAU__crt_locale_pointers@@@Z 000000014000532c f i libucrt:output.obj
 0001:000043bc       ??$?RV<lambda_46352004c1216016012b18bd6f87e700>@@AEAV<lambda_3bd07e1a1191394380780325891bf33f>@@V<lambda_334532d3f185bcaa59b5be82d7d22bff>@@@?$__crt_seh_guarded_call@X@@QEAAX$$QEAV<lambda_46352004c1216016012b18bd6f87e700>@@AEAV<lambda_3bd07e1a1191394380780325891bf33f>@@$$QEAV<lambda_334532d3f185bcaa59b5be82d7d22bff>@@@Z 00000001400053bc f i libucrt:per_thread_data.obj
 0001:0000441c       ??$?RV<lambda_5e887d1dcbef67a5eb4283622ba103bf>@@AEAV<lambda_4466841279450cc726390878d4a41900>@@V<lambda_341c25c0346d94847f1f3c463c57e077>@@@?$__crt_seh_guarded_call@X@@QEAAX$$QEAV<lambda_5e887d1dcbef67a5eb4283622ba103bf>@@AEAV<lambda_4466841279450cc726390878d4a41900>@@$$QEAV<lambda_341c25c0346d94847f1f3c463c57e077>@@@Z 000000014000541c f i libucrt:per_thread_data.obj
 0001:00004464       ??$?RV<lambda_72d1df2b273a38828b1ce30cbf4cdab5>@@AEAV<lambda_876a65b173b8412d3a47c70a915b0cf4>@@V<lambda_41932305e351933ebe8f8be3ed8bb5dc>@@@?$__crt_seh_guarded_call@X@@QEAAX$$QEAV<lambda_72d1df2b273a38828b1ce30cbf4cdab5>@@AEAV<lambda_876a65b173b8412d3a47c70a915b0cf4>@@$$QEAV<lambda_41932305e351933ebe8f8be3ed8bb5dc>@@@Z 0000000140005464 f i libucrt:per_thread_data.obj
 0001:000044a4       ??$?RV<lambda_fb3a7dec4e47f37f22dae91bb15c9095>@@AEAV<lambda_698284760c8add0bfb0756c19673e34b>@@V<lambda_dfb8eca1e75fef3034a8fb18dd509707>@@@?$__crt_seh_guarded_call@X@@QEAAX$$QEAV<lambda_fb3a7dec4e47f37f22dae91bb15c9095>@@AEAV<lambda_698284760c8add0bfb0756c19673e34b>@@$$QEAV<lambda_dfb8eca1e75fef3034a8fb18dd509707>@@@Z 00000001400054a4 f i libucrt:per_thread_data.obj
 0001:00004734       __acrt_getptd              0000000140005734 f   libucrt:per_thread_data.obj
 0001:000047c8       __acrt_getptd_noexit       00000001400057c8 f   libucrt:per_thread_data.obj
 0001:00004868       __acrt_initialize_ptd      0000000140005868 f   libucrt:per_thread_data.obj
 0001:000048a4       __acrt_uninitialize_ptd    00000001400058a4 f   libucrt:per_thread_data.obj
 0001:000048c8       __acrt_call_reportfault    00000001400058c8 f   libucrt:invalid_parameter.obj
 0001:00004a24       __acrt_initialize_invalid_parameter_handler 0000000140005a24 f   libucrt:invalid_parameter.obj
 0001:00004a2c       _invalid_parameter         0000000140005a2c f   libucrt:invalid_parameter.obj
 0001:00004ad4       _invalid_parameter_noinfo  0000000140005ad4 f   libucrt:invalid_parameter.obj
 0001:00004af4       _invoke_watson             0000000140005af4 f   libucrt:invalid_parameter.obj
 0001:00004b3c       __acrt_errno_from_os_error 0000000140005b3c f   libucrt:errno.obj
 0001:00004b84       __acrt_errno_map_os_error  0000000140005b84 f   libucrt:errno.obj
 0001:00004bd4       __doserrno                 0000000140005bd4 f   libucrt:errno.obj
 0001:00004bf4       _errno                     0000000140005bf4 f   libucrt:errno.obj
 0001:000050f0       ?expand_if_necessary@?$argument_list@D@?A0xca0879c4@@AEAAHXZ 00000001400060f0 f i libucrt:argv_wildcards.obj
 0001:000051b8       __acrt_expand_narrow_argv_wildcards 00000001400061b8 f   libucrt:argv_wildcards.obj
 0001:000051c0       ??$?RV<lambda_99476a1ad63dd22509b5d3e65b0ffc95>@@AEAV<lambda_ad1ced32f4ac17aa236e5ef05d6b3b7c>@@V<lambda_f7424dd8d45958661754dc4f2697e9c3>@@@?$__crt_seh_guarded_call@X@@QEAAX$$QEAV<lambda_99476a1ad63dd22509b5d3e65b0ffc95>@@AEAV<lambda_ad1ced32f4ac17aa236e5ef05d6b3b7c>@@$$QEAV<lambda_f7424dd8d45958661754dc4f2697e9c3>@@@Z 00000001400061c0 f i libucrt:mbctype.obj
 0001:000058bc       __acrt_initialize_multibyte 00000001400068bc f   libucrt:mbctype.obj
 0001:000058e4       __acrt_update_thread_multibyte_data 00000001400068e4 f   libucrt:mbctype.obj
 0001:000059a4       _setmbcp_nolock            00000001400069a4 f   libucrt:mbctype.obj
 0001:00005cc4       _ismbblead                 0000000140006cc4 f   libucrt:ismbbyte.obj
 0001:00005cd8       __acrt_initialize_command_line 0000000140006cd8 f   libucrt:argv_data.obj
 0001:00005d00       __dcrt_get_narrow_environment_from_os 0000000140006d00 f   libucrt:get_environment_from_os.obj
 0001:00005e04       __acrt_initialize_locks    0000000140006e04 f   libucrt:locks.obj
 0001:00005e4c       __acrt_lock                0000000140006e4c f   libucrt:locks.obj
 0001:00005e68       __acrt_uninitialize_locks  0000000140006e68 f   libucrt:locks.obj
 0001:00005ea0       __acrt_unlock              0000000140006ea0 f   libucrt:locks.obj
 0001:0000605c       __acrt_FlsAlloc            000000014000705c f   libucrt:winapi_thunks.obj
 0001:000060b4       __acrt_FlsFree             00000001400070b4 f   libucrt:winapi_thunks.obj
 0001:0000610c       __acrt_FlsGetValue         000000014000710c f   libucrt:winapi_thunks.obj
 0001:00006164       __acrt_FlsSetValue         0000000140007164 f   libucrt:winapi_thunks.obj
 0001:000061cc       __acrt_InitializeCriticalSectionEx 00000001400071cc f   libucrt:winapi_thunks.obj
 0001:00006244       __acrt_LCMapStringEx       0000000140007244 f   libucrt:winapi_thunks.obj
 0001:00006334       __acrt_LocaleNameToLCID    0000000140007334 f   libucrt:winapi_thunks.obj
 0001:0000639c       __acrt_initialize_winapi_thunks 000000014000739c f   libucrt:winapi_thunks.obj
 0001:000063d4       __acrt_is_packaged_app     00000001400073d4 f   libucrt:winapi_thunks.obj
 0001:0000645c       __acrt_uninitialize_winapi_thunks 000000014000745c f   libucrt:winapi_thunks.obj
 0001:000064a0       __acrt_lowio_create_handle_array 00000001400074a0 f   libucrt:osfinfo.obj
 0001:00006538       __acrt_lowio_destroy_handle_array 0000000140007538 f   libucrt:osfinfo.obj
 0001:00006588       __acrt_lowio_ensure_fh_exists 0000000140007588 f   libucrt:osfinfo.obj
 0001:00006640       __acrt_lowio_lock_fh       0000000140007640 f   libucrt:osfinfo.obj
 0001:00006664       __acrt_lowio_unlock_fh     0000000140007664 f   libucrt:osfinfo.obj
 0001:00006688       _free_osfhnd               0000000140007688 f   libucrt:osfinfo.obj
 0001:00006744       _get_osfhandle             0000000140007744 f   libucrt:osfinfo.obj
 0001:000069a4       __acrt_initialize_lowio    00000001400079a4 f   libucrt:ioinit.obj
 0001:000069e0       __acrt_uninitialize_lowio  00000001400079e0 f   libucrt:ioinit.obj
 0001:00006a20       __acrt_locale_free_monetary 0000000140007a20 f   libucrt:initmon.obj
 0001:00006b2c       __acrt_locale_free_numeric 0000000140007b2c f   libucrt:initnum.obj
 0001:00006bf0       __acrt_locale_free_time    0000000140007bf0 f   libucrt:inittime.obj
 0001:00006cf8       __pctype_func              0000000140007cf8 f   libucrt:ctype.obj
 0001:00006d28       __acrt_GetStringTypeA      0000000140007d28 f   libucrt:getstringtypea.obj
 0001:00006edc       __acrt_add_locale_ref      0000000140007edc f   libucrt:locale_refcounting.obj
 0001:00006f68       __acrt_free_locale         0000000140007f68 f   libucrt:locale_refcounting.obj
 0001:000070e0       __acrt_locale_add_lc_time_reference 00000001400080e0 f   libucrt:locale_refcounting.obj
 0001:00007108       __acrt_locale_free_lc_time_if_unreferenced 0000000140008108 f   libucrt:locale_refcounting.obj
 0001:00007140       __acrt_locale_release_lc_time_reference 0000000140008140 f   libucrt:locale_refcounting.obj
 0001:00007168       __acrt_release_locale_ref  0000000140008168 f   libucrt:locale_refcounting.obj
 0001:00007210       __acrt_update_thread_locale_data 0000000140008210 f   libucrt:locale_refcounting.obj
 0001:00007280       _updatetlocinfoEx_nolock   0000000140008280 f   libucrt:locale_refcounting.obj
 0001:000072e8       _recalloc                  00000001400082e8 f   libucrt:recalloc.obj
 0001:000072f0       _recalloc_base             00000001400082f0 f   libucrt:recalloc.obj
 0001:00007388       __acrt_initialize_heap     0000000140008388 f   libucrt:heap_handle.obj
 0001:000073a4       __acrt_uninitialize_heap   00000001400083a4 f   libucrt:heap_handle.obj
 0001:000073b0       __acrt_execute_initializers 00000001400083b0 f   libucrt:shared_initialization.obj
 0001:00007444       __acrt_execute_uninitializers 0000000140008444 f   libucrt:shared_initialization.obj
 0001:00007494       __acrt_initialize_new_handler 0000000140008494 f   libucrt:new_handler.obj
 0001:0000749c       _callnewh                  000000014000849c f   libucrt:new_handler.obj
 0001:000074dc       _query_new_handler         00000001400084dc f   libucrt:new_handler.obj
 0001:00007510       ??$?RV<lambda_c36588078e9f5dfd39652860aa6b3aaf>@@AEAV<lambda_ec61778202f4f5fc7e7711acc23c3bca>@@V<lambda_dc9d2797ccde5d239b4a0efae8ebd7db>@@@?$__crt_seh_guarded_call@P6AXH@Z@@QEAAP6AXH@Z$$QEAV<lambda_c36588078e9f5dfd39652860aa6b3aaf>@@AEAV<lambda_ec61778202f4f5fc7e7711acc23c3bca>@@$$QEAV<lambda_dc9d2797ccde5d239b4a0efae8ebd7db>@@@Z 0000000140008510 f i libucrt:signal.obj
 0001:00007558       __acrt_get_sigabrt_handler 0000000140008558 f   libucrt:signal.obj
 0001:00007588       __acrt_initialize_signal_handlers 0000000140008588 f   libucrt:signal.obj
 0001:000075a8       raise                      00000001400085a8 f   libucrt:signal.obj
 0001:00007844       _mbtowc_l                  0000000140008844 f   libucrt:mbtowc.obj
 0001:0000798c       mbtowc                     000000014000898c f   libucrt:mbtowc.obj
 0001:00007994       __acrt_update_locale_info  0000000140008994 f   libucrt:locale_update.obj
 0001:000079c8       __acrt_update_multibyte_info 00000001400089c8 f   libucrt:locale_update.obj
 0001:000079fc       _fileno                    00000001400089fc f   libucrt:fileno.obj
 0001:00007a24       __acrt_initialize_stdio    0000000140008a24 f   libucrt:_file.obj
 0001:00007b44       __acrt_uninitialize_stdio  0000000140008b44 f   libucrt:_file.obj
 0001:00007ba0       _lock_file                 0000000140008ba0 f   libucrt:_file.obj
 0001:00007bac       _unlock_file               0000000140008bac f   libucrt:_file.obj
 0001:00007c90       qsort                      0000000140008c90 f   libucrt:qsort.obj
 0001:00007fc4       strncpy_s                  0000000140008fc4 f   libucrt:strncpy_s.obj
 0001:00008098       strpbrk                    0000000140009098 f   libucrt:strpbrk.obj
 0001:00008138       _mbsdec                    0000000140009138 f   libucrt:mbsdec.obj
 0001:00008140       _mbsdec_l                  0000000140009140 f   libucrt:mbsdec.obj
 0001:0000854c       __acrt_LCMapStringA        000000014000954c f   libucrt:lcmapstringa.obj
 0001:000086ac       __acrt_DownlevelLocaleNameToLCID 00000001400096ac f   libucrt:lcidtoname_downlevel.obj
 0001:000086e0       _msize                     00000001400096e0 f   libucrt:msize.obj
 0001:0000871c       _realloc_base              000000014000971c f   libucrt:realloc_base.obj
 0001:000087a0       _isatty                    00000001400097a0 f   libucrt:isatty.obj
 0001:00008800       __acrt_stdio_flush_nolock  0000000140009800 f   libucrt:fflush.obj
 0001:00008878       _fflush_nolock             0000000140009878 f   libucrt:fflush.obj
 0001:000088c4       _flushall                  00000001400098c4 f   libucrt:fflush.obj
 0001:000089b4       _isleadbyte_l              00000001400099b4 f i libucrt:_wctype.obj
 0001:000089f4       _fcloseall                 00000001400099f4 f   libucrt:closeall.obj
 0001:00008aa8       __acrt_stdio_free_buffer_nolock 0000000140009aa8 f   libucrt:_freebuf.obj
 0001:00008ae8       __strncnt                  0000000140009ae8 f   libucrt:strncnt.obj
 0001:00008b00       ??$?RV<lambda_b521505b218e5242e90febf6bfebc422>@@AEAV<lambda_6978c1fb23f02e42e1d9e99668cc68aa>@@V<lambda_314360699dd331753a4119843814e9a7>@@@?$__crt_seh_guarded_call@H@@QEAAH$$QEAV<lambda_b521505b218e5242e90febf6bfebc422>@@AEAV<lambda_6978c1fb23f02e42e1d9e99668cc68aa>@@$$QEAV<lambda_314360699dd331753a4119843814e9a7>@@@Z 0000000140009b00 f i libucrt:commit.obj
 0001:00008b8c       _commit                    0000000140009b8c f   libucrt:commit.obj
 0001:000091c0       _write                     000000014000a1c0 f   libucrt:write.obj
 0001:000092ac       _write_nolock              000000014000a2ac f   libucrt:write.obj
 0001:00009590       log10                      000000014000a590 f   libucrt:log10.obj
 0001:00009bd8       _lseeki64_nolock           000000014000abd8 f   libucrt:lseek.obj
 0001:00009be0       _fclose_nolock             000000014000abe0 f   libucrt:fclose.obj
 0001:00009c64       fclose                     000000014000ac64 f   libucrt:fclose.obj
 0001:00009cd0       _putwch_nolock             000000014000acd0 f   libucrt:putwch.obj
 0001:00009e50       _handle_error              000000014000ae50 f   libucrt:libm_error.obj
 0001:00009f80       __acrt_initialize_fma3     000000014000af80 f   libucrt:fma3_available.obj
 0001:00009ff0       _log10_special             000000014000aff0 f   libucrt:log_special.obj
 0001:0000a0a8       ??$?RV<lambda_bfedae4ebbf01fab1bb6dcc6a9e276e0>@@AEAV<lambda_2fe9b910cf3cbf4a0ab98a02ba45b3ec>@@V<lambda_237c231691f317818eb88cc1d5d642d6>@@@?$__crt_seh_guarded_call@H@@QEAAH$$QEAV<lambda_bfedae4ebbf01fab1bb6dcc6a9e276e0>@@AEAV<lambda_2fe9b910cf3cbf4a0ab98a02ba45b3ec>@@$$QEAV<lambda_237c231691f317818eb88cc1d5d642d6>@@@Z 000000014000b0a8 f i libucrt:close.obj
 0001:0000a11c       _close                     000000014000b11c f   libucrt:close.obj
 0001:0000a1c0       _close_nolock              000000014000b1c0 f   libucrt:close.obj
 0001:0000a27c       ?__acrt_stdio_free_stream@@YAXV__crt_stdio_stream@@@Z 000000014000b27c f   libucrt:stream.obj
 0001:0000a2c0       __dcrt_lowio_initialize_console_output 000000014000b2c0 f   libucrt:initcon.obj
 0001:0000a2fc       __dcrt_terminate_console_output 000000014000b2fc f   libucrt:initcon.obj
 0001:0000a330       _get_fpsr                  000000014000b330 f   libucrt:fpsr.obj
 0001:0000a340       _set_fpsr                  000000014000b340 f   libucrt:fpsr.obj
 0001:0000a34a       _fclrf                     000000014000b34a f   libucrt:fpsr.obj
 0001:0000a35e       _frnd                      000000014000b35e f   libucrt:fpsr.obj
 0001:0000a380       _raise_exc                 000000014000b380 f   libucrt:fpexcept.obj
 0001:0000a3a8       _raise_exc_ex              000000014000b3a8 f   libucrt:fpexcept.obj
 0001:0000a6b0       _set_errno_from_matherr    000000014000b6b0 f   libucrt:fpexcept.obj
 0001:0000a6e0       _clrfp                     000000014000b6e0 f   libucrt:fpctrl.obj
 0001:0000a700       _ctrlfp                    000000014000b700 f   libucrt:fpctrl.obj
 0001:0000a77c       _set_statfp                000000014000b77c f   libucrt:fpctrl.obj
 0001:0000a79c       _statfp                    000000014000b79c f   libucrt:fpctrl.obj
 0001:0000a7ae       IsProcessorFeaturePresent  000000014000b7ae f   kernel32:KERNEL32.dll
 0001:0000a7b4       RtlUnwindEx                000000014000b7b4 f   kernel32:KERNEL32.dll
 0001:0000a7c0       _FindPESection             000000014000b7c0 f   LIBCMT:pesect.obj
 0001:0000a810       _IsNonwritableInCurrentImage 000000014000b810 f   LIBCMT:pesect.obj
 0001:0000a860       _ValidateImageBase         000000014000b860 f   LIBCMT:pesect.obj
 0001:0000a8a0       __chkstk                   000000014000b8a0 f   LIBCMT:_chkstk_.obj
 0001:0000a8a0       _alloca_probe              000000014000b8a0 f   LIBCMT:_chkstk_.obj
 0001:0000a8f2       SystemFunction036          000000014000b8f2 f   advapi32:ADVAPI32.dll
 0001:0000a910       memcmp                     000000014000b910 f   libvcruntime:memcmp.obj
 0001:0000a9f0       memcpy                     000000014000b9f0 f   libvcruntime:memcpy.obj
 0001:0000a9f0       memmove                    000000014000b9f0 f   libvcruntime:memcpy.obj
 0001:0000ae40       _guard_dispatch_icall_nop  000000014000be40 f   LIBCMT:_guard_dispatch_.obj
 0002:00000000       __imp_SystemFunction036    000000014000d000     advapi32:ADVAPI32.dll
 0002:00000008       \177ADVAPI32_NULL_THUNK_DATA 000000014000d008     advapi32:ADVAPI32.dll
 0002:00000010       __imp_StretchDIBits        000000014000d010     Gdi32:GDI32.dll
 0002:00000018       \177GDI32_NULL_THUNK_DATA  000000014000d018     Gdi32:GDI32.dll
 0002:00000020       __imp_OutputDebugStringA   000000014000d020     kernel32:KERNEL32.dll
 0002:00000028       __imp_CloseHandle          000000014000d028     kernel32:KERNEL32.dll
 0002:00000030       __imp_QueryPerformanceCounter 000000014000d030     kernel32:KERNEL32.dll
 0002:00000038       __imp_QueryPerformanceFrequency 000000014000d038     kernel32:KERNEL32.dll
 0002:00000040       __imp_VirtualAlloc         000000014000d040     kernel32:KERNEL32.dll
 0002:00000048       __imp_VirtualFree          000000014000d048     kernel32:KERNEL32.dll
 0002:00000050       __imp_WriteFile            000000014000d050     kernel32:KERNEL32.dll
 0002:00000058       __imp_RaiseException       000000014000d058     kernel32:KERNEL32.dll
 0002:00000060       __imp_ReadFile             000000014000d060     kernel32:KERNEL32.dll
 0002:00000068       __imp_WriteConsoleW        000000014000d068     kernel32:KERNEL32.dll
 0002:00000070       __imp_SetFilePointerEx     000000014000d070     kernel32:KERNEL32.dll
 0002:00000078       __imp_GetConsoleMode       000000014000d078     kernel32:KERNEL32.dll
 0002:00000080       __imp_GetConsoleCP         000000014000d080     kernel32:KERNEL32.dll
 0002:00000088       __imp_FlushFileBuffers     000000014000d088     kernel32:KERNEL32.dll
 0002:00000090       __imp_HeapReAlloc          000000014000d090     kernel32:KERNEL32.dll
 0002:00000098       __imp_HeapSize             000000014000d098     kernel32:KERNEL32.dll
 0002:000000a0       __imp_GetProcessHeap       000000014000d0a0     kernel32:KERNEL32.dll
 0002:000000a8       __imp_GetStringTypeW       000000014000d0a8     kernel32:KERNEL32.dll
 0002:000000b0       __imp_GetFileSizeEx        000000014000d0b0     kernel32:KERNEL32.dll
 0002:000000b8       __imp_CreateFileW          000000014000d0b8     kernel32:KERNEL32.dll
 0002:000000c0       __imp_RtlCaptureContext    000000014000d0c0     kernel32:KERNEL32.dll
 0002:000000c8       __imp_RtlLookupFunctionEntry 000000014000d0c8     kernel32:KERNEL32.dll
 0002:000000d0       __imp_RtlVirtualUnwind     000000014000d0d0     kernel32:KERNEL32.dll
 0002:000000d8       __imp_UnhandledExceptionFilter 000000014000d0d8     kernel32:KERNEL32.dll
 0002:000000e0       __imp_SetUnhandledExceptionFilter 000000014000d0e0     kernel32:KERNEL32.dll
 0002:000000e8       __imp_GetCurrentProcess    000000014000d0e8     kernel32:KERNEL32.dll
 0002:000000f0       __imp_TerminateProcess     000000014000d0f0     kernel32:KERNEL32.dll
 0002:000000f8       __imp_IsProcessorFeaturePresent 000000014000d0f8     kernel32:KERNEL32.dll
 0002:00000100       __imp_GetCurrentProcessId  000000014000d100     kernel32:KERNEL32.dll
 0002:00000108       __imp_GetCurrentThreadId   000000014000d108     kernel32:KERNEL32.dll
 0002:00000110       __imp_GetSystemTimeAsFileTime 000000014000d110     kernel32:KERNEL32.dll
 0002:00000118       __imp_InitializeSListHead  000000014000d118     kernel32:KERNEL32.dll
 0002:00000120       __imp_IsDebuggerPresent    000000014000d120     kernel32:KERNEL32.dll
 0002:00000128       __imp_GetStartupInfoW      000000014000d128     kernel32:KERNEL32.dll
 0002:00000130       __imp_GetModuleHandleW     000000014000d130     kernel32:KERNEL32.dll
 0002:00000138       __imp_GetLastError         000000014000d138     kernel32:KERNEL32.dll
 0002:00000140       __imp_GetModuleFileNameW   000000014000d140     kernel32:KERNEL32.dll
 0002:00000148       __imp_RtlUnwindEx          000000014000d148     kernel32:KERNEL32.dll
 0002:00000150       __imp_InitializeCriticalSectionAndSpinCount 000000014000d150     kernel32:KERNEL32.dll
 0002:00000158       __imp_TlsAlloc             000000014000d158     kernel32:KERNEL32.dll
 0002:00000160       __imp_TlsGetValue          000000014000d160     kernel32:KERNEL32.dll
 0002:00000168       __imp_TlsSetValue          000000014000d168     kernel32:KERNEL32.dll
 0002:00000170       __imp_TlsFree              000000014000d170     kernel32:KERNEL32.dll
 0002:00000178       __imp_FreeLibrary          000000014000d178     kernel32:KERNEL32.dll
 0002:00000180       __imp_GetProcAddress       000000014000d180     kernel32:KERNEL32.dll
 0002:00000188       __imp_LoadLibraryExW       000000014000d188     kernel32:KERNEL32.dll
 0002:00000190       __imp_SetLastError         000000014000d190     kernel32:KERNEL32.dll
 0002:00000198       __imp_EnterCriticalSection 000000014000d198     kernel32:KERNEL32.dll
 0002:000001a0       __imp_LeaveCriticalSection 000000014000d1a0     kernel32:KERNEL32.dll
 0002:000001a8       __imp_DeleteCriticalSection 000000014000d1a8     kernel32:KERNEL32.dll
 0002:000001b0       __imp_GetStdHandle         000000014000d1b0     kernel32:KERNEL32.dll
 0002:000001b8       __imp_GetModuleFileNameA   000000014000d1b8     kernel32:KERNEL32.dll
 0002:000001c0       __imp_MultiByteToWideChar  000000014000d1c0     kernel32:KERNEL32.dll
 0002:000001c8       __imp_WideCharToMultiByte  000000014000d1c8     kernel32:KERNEL32.dll
 0002:000001d0       __imp_ExitProcess          000000014000d1d0     kernel32:KERNEL32.dll
 0002:000001d8       __imp_GetModuleHandleExW   000000014000d1d8     kernel32:KERNEL32.dll
 0002:000001e0       __imp_GetACP               000000014000d1e0     kernel32:KERNEL32.dll
 0002:000001e8       __imp_HeapFree             000000014000d1e8     kernel32:KERNEL32.dll
 0002:000001f0       __imp_HeapAlloc            000000014000d1f0     kernel32:KERNEL32.dll
 0002:000001f8       __imp_FindClose            000000014000d1f8     kernel32:KERNEL32.dll
 0002:00000200       __imp_FindFirstFileExA     000000014000d200     kernel32:KERNEL32.dll
 0002:00000208       __imp_FindNextFileA        000000014000d208     kernel32:KERNEL32.dll
 0002:00000210       __imp_IsValidCodePage      000000014000d210     kernel32:KERNEL32.dll
 0002:00000218       __imp_GetOEMCP             000000014000d218     kernel32:KERNEL32.dll
 0002:00000220       __imp_GetCPInfo            000000014000d220     kernel32:KERNEL32.dll
 0002:00000228       __imp_GetCommandLineA      000000014000d228     kernel32:KERNEL32.dll
 0002:00000230       __imp_GetCommandLineW      000000014000d230     kernel32:KERNEL32.dll
 0002:00000238       __imp_GetEnvironmentStringsW 000000014000d238     kernel32:KERNEL32.dll
 0002:00000240       __imp_FreeEnvironmentStringsW 000000014000d240     kernel32:KERNEL32.dll
 0002:00000248       __imp_LCMapStringW         000000014000d248     kernel32:KERNEL32.dll
 0002:00000250       __imp_SetStdHandle         000000014000d250     kernel32:KERNEL32.dll
 0002:00000258       __imp_GetFileType          000000014000d258     kernel32:KERNEL32.dll
 0002:00000260       __imp_CreateFileA          000000014000d260     kernel32:KERNEL32.dll
 0002:00000268       \177KERNEL32_NULL_THUNK_DATA 000000014000d268     kernel32:KERNEL32.dll
 0002:00000270       __imp_GetClientRect        000000014000d270     user32:USER32.dll
 0002:00000278       __imp_EndPaint             000000014000d278     user32:USER32.dll
 0002:00000280       __imp_BeginPaint           000000014000d280     user32:USER32.dll
 0002:00000288       __imp_ReleaseDC            000000014000d288     user32:USER32.dll
 0002:00000290       __imp_GetDC                000000014000d290     user32:USER32.dll
 0002:00000298       __imp_CreateWindowExA      000000014000d298     user32:USER32.dll
 0002:000002a0       __imp_RegisterClassA       000000014000d2a0     user32:USER32.dll
 0002:000002a8       __imp_DefWindowProcA       000000014000d2a8     user32:USER32.dll
 0002:000002b0       __imp_PeekMessageA         000000014000d2b0     user32:USER32.dll
 0002:000002b8       __imp_DispatchMessageA     000000014000d2b8     user32:USER32.dll
 0002:000002c0       __imp_TranslateMessage     000000014000d2c0     user32:USER32.dll
 0002:000002c8       __imp_wvsprintfA           000000014000d2c8     user32:USER32.dll
 0002:000002d0       \177USER32_NULL_THUNK_DATA 000000014000d2d0     user32:USER32.dll
 0002:000002d8       __guard_check_icall_fptr   000000014000d2d8     LIBCMT:guard_support.obj
 0002:000002e0       __guard_dispatch_icall_fptr 000000014000d2e0     LIBCMT:guard_support.obj
 0002:000002e8       __xc_a                     000000014000d2e8     LIBCMT:initializers.obj
 0002:000002f8       __xc_z                     000000014000d2f8     LIBCMT:initializers.obj
 0002:00000300       __xi_a                     000000014000d300     LIBCMT:initializers.obj
 0002:00000318       __acrt_multibyte_initializer 000000014000d318     libucrt:multibyte_initializer.obj
 0002:00000320       __acrt_stdio_initializer   000000014000d320     libucrt:stdio_initializer.obj
 0002:00000328       __acrt_tran_fma3_initializer 000000014000d328     libucrt:fma3_initializer.obj
 0002:00000330       __xi_z                     000000014000d330     LIBCMT:initializers.obj
 0002:00000338       __xp_a                     000000014000d338     LIBCMT:initializers.obj
 0002:00000340       __acrt_locale_terminator   000000014000d340     libucrt:locale_initializer.obj
 0002:00000348       __dcrt_console_output_terminator 000000014000d348     libucrt:console_output_initializer.obj
 0002:00000350       __acrt_stdio_terminator    000000014000d350     libucrt:stdio_initializer.obj
 0002:00000358       __xp_z                     000000014000d358     LIBCMT:initializers.obj
 0002:00000360       __xt_a                     000000014000d360     LIBCMT:initializers.obj
 0002:00000368       __xt_z                     000000014000d368     LIBCMT:initializers.obj
 0002:00000470       _Microsoft_CRTProvider     000000014000d470     libvcruntime:telemetry.obj
 0002:00000478       ??_C@_00CNPNBAHC@?$AA@     000000014000d478     libvcruntime:telemetry.obj
 0002:0000047c       ??_C@_11LOCGONAA@?$AA?$AA@ 000000014000d47c     libvcruntime:telemetry.obj
 0002:00000480       ??_C@_0O@JEOPJOMI@Main?5Invoked?4?$AA@ 000000014000d480     libvcruntime:telemetry.obj
 0002:00000490       ??_C@_0P@NEAEIBDO@Main?5Returned?4?$AA@ 000000014000d490     libvcruntime:telemetry.obj
 0002:000004c0       ??_C@_1BC@DNHGCMLG@?$AAa?$AAd?$AAv?$AAa?$AAp?$AAi?$AA3?$AA2?$AA?$AA@ 000000014000d4c0     libvcruntime:winapi_downlevel.obj
 0002:000004d8       ??_C@_1DM@KHCHBNEB@?$AAa?$AAp?$AAi?$AA?9?$AAm?$AAs?$AA?9?$AAw?$AAi?$AAn?$AA?9?$AAc?$AAo?$AAr?$AAe?$AA?9?$AAf?$AAi?$AAb?$AAe?$AAr?$AAs?$AA?9?$AAl?$AA1?$AA?9?$AA1?$AA?9?$AA1?$AA?$AA@ 000000014000d4d8     libvcruntime:winapi_downlevel.obj
 0002:00000518       ??_C@_1DK@LPPGFMPP@?$AAa?$AAp?$AAi?$AA?9?$AAm?$AAs?$AA?9?$AAw?$AAi?$AAn?$AA?9?$AAc?$AAo?$AAr?$AAe?$AA?9?$AAs?$AAy?$AAn?$AAc?$AAh?$AA?9?$AAl?$AA1?$AA?9?$AA2?$AA?9?$AA0?$AA?$AA@ 000000014000d518     libvcruntime:winapi_downlevel.obj
 0002:00000558       ??_C@_1BC@GDMECMAK@?$AAk?$AAe?$AAr?$AAn?$AAe?$AAl?$AA3?$AA2?$AA?$AA@ 000000014000d558     libvcruntime:winapi_downlevel.obj
 0002:00000570       ??_C@_0O@BAMBGLIE@EventRegister?$AA@ 000000014000d570     libvcruntime:winapi_downlevel.obj
 0002:00000588       ??_C@_0BE@BJEEGHGK@EventSetInformation?$AA@ 000000014000d588     libvcruntime:winapi_downlevel.obj
 0002:000005a0       ??_C@_0BA@FAKLIPIC@EventUnregister?$AA@ 000000014000d5a0     libvcruntime:winapi_downlevel.obj
 0002:000005b8       ??_C@_0BD@PKLHJPHD@EventWriteTransfer?$AA@ 000000014000d5b8     libvcruntime:winapi_downlevel.obj
 0002:000005d8       ??_C@_08KNHFBNJ@FlsAlloc?$AA@ 000000014000d5d8     libvcruntime:winapi_downlevel.obj
 0002:000005f0       ??_C@_07PEJMOBNF@FlsFree?$AA@ 000000014000d5f0     libvcruntime:winapi_downlevel.obj
 0002:000005f8       ??_C@_0M@GDNOONDI@FlsGetValue?$AA@ 000000014000d5f8     libvcruntime:winapi_downlevel.obj
 0002:00000610       ??_C@_0M@JCPCPOEF@FlsSetValue?$AA@ 000000014000d610     libvcruntime:winapi_downlevel.obj
 0002:00000628       ??_C@_0BM@HCFOFFN@InitializeCriticalSectionEx?$AA@ 000000014000d628     libvcruntime:winapi_downlevel.obj
 0002:00000644       ??_C@_01JOAMLHOP@?9?$AA@   000000014000d644     libvcruntime:undname.obj
 0002:00000648       ??_C@_01MIFGBAGJ@?$CL?$AA@ 000000014000d648     libvcruntime:undname.obj
 0002:0000064c       ??_C@_01HNPIGOCE@?$CG?$AA@ 000000014000d64c     libvcruntime:undname.obj
 0002:00000650       ??_C@_03MNHNFDLC@?9?$DO?$CK?$AA@ 000000014000d650     libvcruntime:undname.obj
 0002:00000654       ??_C@_01KMDKNFGN@?1?$AA@   000000014000d654     libvcruntime:undname.obj
 0002:00000658       ??_C@_01FGNFDNOH@?$CF?$AA@ 000000014000d658     libvcruntime:undname.obj
 0002:0000065c       ??_C@_01MNNFJEPP@?$DM?$AA@ 000000014000d65c     libvcruntime:undname.obj
 0002:00000660       ??_C@_02EHCHHCKH@?$DM?$DN?$AA@ 000000014000d660     libvcruntime:undname.obj
 0002:00000664       ??_C@_01PPODPGHN@?$DO?$AA@ 000000014000d664     libvcruntime:undname.obj
 0002:00000668       ??_C@_02EEKDKGMJ@?$DO?$DN?$AA@ 000000014000d668     libvcruntime:undname.obj
 0002:0000066c       ??_C@_01IHBHIGKO@?0?$AA@   000000014000d66c     libvcruntime:undname.obj
 0002:00000670       ??_C@_02HCKGKOFO@?$CI?$CJ?$AA@ 000000014000d670     libvcruntime:undname.obj
 0002:00000674       ??_C@_01PJKLJHI@?$HO?$AA@  000000014000d674     libvcruntime:undname.obj
 0002:00000678       ??_C@_01JKBOJNNK@?$FO?$AA@ 000000014000d678     libvcruntime:undname.obj
 0002:0000067c       ??_C@_01DNKMNLPK@?$HM?$AA@ 000000014000d67c     libvcruntime:undname.obj
 0002:00000680       ??_C@_02PPKAJPJL@?$CG?$CG?$AA@ 000000014000d680     libvcruntime:undname.obj
 0002:00000684       ??_C@_02NONPIBCD@?$HM?$HM?$AA@ 000000014000d684     libvcruntime:undname.obj
 0002:00000688       ??_C@_02FPIMKNGF@?$CK?$DN?$AA@ 000000014000d688     libvcruntime:undname.obj
 0002:0000068c       ??_C@_02FOEOMHFC@?$CL?$DN?$AA@ 000000014000d68c     libvcruntime:undname.obj
 0002:00000690       ??_C@_02FKMDLLOA@?9?$DN?$AA@ 000000014000d690     libvcruntime:undname.obj
 0002:00000694       ??_C@_02FJEHGPIO@?1?$DN?$AA@ 000000014000d694     libvcruntime:undname.obj
 0002:00000698       ??_C@_02FENAOKFI@?$CF?$DN?$AA@ 000000014000d698     libvcruntime:undname.obj
 0002:0000069c       ??_C@_03IKFCCPFF@?$DO?$DO?$DN?$AA@ 000000014000d69c     libvcruntime:undname.obj
 0002:000006a0       ??_C@_03CDNPDDLA@?$DM?$DM?$DN?$AA@ 000000014000d6a0     libvcruntime:undname.obj
 0002:000006a4       ??_C@_02FGJGFEAB@?$CG?$DN?$AA@ 000000014000d6a4     libvcruntime:undname.obj
 0002:000006a8       ??_C@_02DHLNPPGH@?$HM?$DN?$AA@ 000000014000d6a8     libvcruntime:undname.obj
 0002:000006ac       ??_C@_02MHEGNOJ@?$FO?$DN?$AA@ 000000014000d6ac     libvcruntime:undname.obj
 0002:000006b0       ??_C@_09IFPLHPGF@?$GAvftable?8?$AA@ 000000014000d6b0     libvcruntime:undname.obj
 0002:000006c0       ??_C@_09BLBHBJP@?$GAvbtable?8?$AA@ 000000014000d6c0     libvcruntime:undname.obj
 0002:000006d0       ??_C@_07FEEIOKP@?$GAvcall?8?$AA@ 000000014000d6d0     libvcruntime:undname.obj
 0002:000006d8       ??_C@_08LLFFHHDJ@?$GAtypeof?8?$AA@ 000000014000d6d8     libvcruntime:undname.obj
 0002:000006e8       ??_C@_0BF@KDPPACIK@?$GAlocal?5static?5guard?8?$AA@ 000000014000d6e8     libvcruntime:undname.obj
 0002:00000700       ??_C@_08OBABFOLI@?$GAstring?8?$AA@ 000000014000d700     libvcruntime:undname.obj
 0002:00000710       ??_C@_0BD@JDLKDPAB@?$GAvbase?5destructor?8?$AA@ 000000014000d710     libvcruntime:undname.obj
 0002:00000728       ??_C@_0BN@DEGPLNFK@?$GAvector?5deleting?5destructor?8?$AA@ 000000014000d728     libvcruntime:undname.obj
 0002:00000748       ??_C@_0BO@OBMKPJIG@?$GAdefault?5constructor?5closure?8?$AA@ 000000014000d748     libvcruntime:undname.obj
 0002:00000768       ??_C@_0BN@IMDCHIKM@?$GAscalar?5deleting?5destructor?8?$AA@ 000000014000d768     libvcruntime:undname.obj
 0002:00000788       ??_C@_0BO@PFGOCPJJ@?$GAvector?5constructor?5iterator?8?$AA@ 000000014000d788     libvcruntime:undname.obj
 0002:000007a8       ??_C@_0BN@LFPFMEDL@?$GAvector?5destructor?5iterator?8?$AA@ 000000014000d7a8     libvcruntime:undname.obj
 0002:000007c8       ??_C@_0CE@IKBNEHA@?$GAvector?5vbase?5constructor?5iterat@ 000000014000d7c8     libvcruntime:undname.obj
 0002:000007f0       ??_C@_0BL@NILFHHPC@?$GAvirtual?5displacement?5map?8?$AA@ 000000014000d7f0     libvcruntime:undname.obj
 0002:00000810       ??_C@_0CB@JONCMFFK@?$GAeh?5vector?5constructor?5iterator?8@ 000000014000d810     libvcruntime:undname.obj
 0002:00000838       ??_C@_0CA@GCEOPDGL@?$GAeh?5vector?5destructor?5iterator?8?$AA@ 000000014000d838     libvcruntime:undname.obj
 0002:00000858       ??_C@_0CH@OOJPLCPH@?$GAeh?5vector?5vbase?5constructor?5ite@ 000000014000d858     libvcruntime:undname.obj
 0002:00000880       ??_C@_0BL@LLKPOHJI@?$GAcopy?5constructor?5closure?8?$AA@ 000000014000d880     libvcruntime:undname.obj
 0002:000008a0       ??_C@_0BA@KBCDOMBN@?$GAudt?5returning?8?$AA@ 000000014000d8a0     libvcruntime:undname.obj
 0002:000008b0       ??_C@_03KLGMFNMG@?$GAEH?$AA@ 000000014000d8b0     libvcruntime:undname.obj
 0002:000008b4       ??_C@_05KHLCHHI@?$GARTTI?$AA@ 000000014000d8b4     libvcruntime:undname.obj
 0002:000008c0       ??_C@_0BA@KKLDJDLB@?$GAlocal?5vftable?8?$AA@ 000000014000d8c0     libvcruntime:undname.obj
 0002:000008d0       ??_C@_0CE@IIHCMGGL@?$GAlocal?5vftable?5constructor?5closu@ 000000014000d8d0     libvcruntime:undname.obj
 0002:000008f4       ??_C@_06FHBGPFGH@?5new?$FL?$FN?$AA@ 000000014000d8f4     libvcruntime:undname.obj
 0002:00000900       ??_C@_09LBNFPBCA@?5delete?$FL?$FN?$AA@ 000000014000d900     libvcruntime:undname.obj
 0002:00000910       ??_C@_0P@HJKNJFNN@?$GAomni?5callsig?8?$AA@ 000000014000d910     libvcruntime:undname.obj
 0002:00000920       ??_C@_0BL@CNOONJFP@?$GAplacement?5delete?5closure?8?$AA@ 000000014000d920     libvcruntime:undname.obj
 0002:00000940       ??_C@_0BN@CKNJLHMB@?$GAplacement?5delete?$FL?$FN?5closure?8?$AA@ 000000014000d940     libvcruntime:undname.obj
 0002:00000960       ??_C@_0CG@CFDHKGGD@?$GAmanaged?5vector?5constructor?5iter@ 000000014000d960     libvcruntime:undname.obj
 0002:00000988       ??_C@_0CF@IMGKMJNO@?$GAmanaged?5vector?5destructor?5itera@ 000000014000d988     libvcruntime:undname.obj
 0002:000009b0       ??_C@_0CG@HLDDJMAG@?$GAeh?5vector?5copy?5constructor?5iter@ 000000014000d9b0     libvcruntime:undname.obj
 0002:000009d8       ??_C@_0CM@FCBBDIGB@?$GAeh?5vector?5vbase?5copy?5constructo@ 000000014000d9d8     libvcruntime:undname.obj
 0002:00000a08       ??_C@_0BL@CLIPGLGB@?$GAdynamic?5initializer?5for?5?8?$AA@ 000000014000da08     libvcruntime:undname.obj
 0002:00000a28       ??_C@_0CB@PDBIFEP@?$GAdynamic?5atexit?5destructor?5for?5?8@ 000000014000da28     libvcruntime:undname.obj
 0002:00000a50       ??_C@_0CD@CGAJBKEJ@?$GAvector?5copy?5constructor?5iterato@ 000000014000da50     libvcruntime:undname.obj
 0002:00000a78       ??_C@_0CJ@GJELGAMM@?$GAvector?5vbase?5copy?5constructor?5i@ 000000014000da78     libvcruntime:undname.obj
 0002:00000aa8       ??_C@_0CL@FGIJHLCE@?$GAmanaged?5vector?5copy?5constructor@ 000000014000daa8     libvcruntime:undname.obj
 0002:00000ad8       ??_C@_0BM@PMGGMLDN@?$GAlocal?5static?5thread?5guard?8?$AA@ 000000014000dad8     libvcruntime:undname.obj
 0002:00000af8       ??_C@_0N@BDNMDMOL@operator?5?$CC?$CC?5?$AA@ 000000014000daf8     libvcruntime:undname.obj
 0002:00000e38       ??_C@_0BC@DAFEJGAK@?5Type?5Descriptor?8?$AA@ 000000014000de38     libvcruntime:undname.obj
 0002:00000e50       ??_C@_0BM@LDKODKLH@?5Base?5Class?5Descriptor?5at?5?$CI?$AA@ 000000014000de50     libvcruntime:undname.obj
 0002:00000e70       ??_C@_0BD@LGICGFMM@?5Base?5Class?5Array?8?$AA@ 000000014000de70     libvcruntime:undname.obj
 0002:00000e88       ??_C@_0BN@MECKDCOJ@?5Class?5Hierarchy?5Descriptor?8?$AA@ 000000014000de88     libvcruntime:undname.obj
 0002:00000ea8       ??_C@_0BK@CFCOFLF@?5Complete?5Object?5Locator?8?$AA@ 000000014000dea8     libvcruntime:undname.obj
 0002:00000ec8       ??_C@_08EHJDFFNH@__based?$CI?$AA@ 000000014000dec8     libvcruntime:undname.obj
 0002:00000ed8       ??_C@_07KOLFKCDI@__cdecl?$AA@ 000000014000ded8     libvcruntime:undname.obj
 0002:00000ee0       ??_C@_08GHMPAG@__pascal?$AA@ 000000014000dee0     libvcruntime:undname.obj
 0002:00000ef0       ??_C@_09IFJBGAPI@__stdcall?$AA@ 000000014000def0     libvcruntime:undname.obj
 0002:00000f00       ??_C@_0L@NPHFGOKO@__thiscall?$AA@ 000000014000df00     libvcruntime:undname.obj
 0002:00000f10       ??_C@_0L@JMKHOMEK@__fastcall?$AA@ 000000014000df10     libvcruntime:undname.obj
 0002:00000f20       ??_C@_0N@BCKKPABJ@__vectorcall?$AA@ 000000014000df20     libvcruntime:undname.obj
 0002:00000f30       ??_C@_09HIJEGCPM@__clrcall?$AA@ 000000014000df30     libvcruntime:undname.obj
 0002:00000f3c       ??_C@_06GHPCKEAG@__eabi?$AA@ 000000014000df3c     libvcruntime:undname.obj
 0002:00000f48       ??_C@_07JOMMBBKO@__ptr64?$AA@ 000000014000df48     libvcruntime:undname.obj
 0002:00000f50       ??_C@_0L@PILCLIHE@__restrict?$AA@ 000000014000df50     libvcruntime:undname.obj
 0002:00000f60       ??_C@_0M@GFIIJFMG@__unaligned?$AA@ 000000014000df60     libvcruntime:undname.obj
 0002:00000f70       ??_C@_09DHDLOLLB@restrict?$CI?$AA@ 000000014000df70     libvcruntime:undname.obj
 0002:00000f7c       ??_C@_04NIHEBCM@?5new?$AA@ 000000014000df7c     libvcruntime:undname.obj
 0002:00000f88       ??_C@_07FPCDHGMM@?5delete?$AA@ 000000014000df88     libvcruntime:undname.obj
 0002:00000f90       ??_C@_01NEMOKFLO@?$DN?$AA@ 000000014000df90     libvcruntime:undname.obj
 0002:00000f94       ??_C@_02GPIOPFAK@?$DO?$DO?$AA@ 000000014000df94     libvcruntime:undname.obj
 0002:00000f98       ??_C@_02FODMEDOG@?$DM?$DM?$AA@ 000000014000df98     libvcruntime:undname.obj
 0002:00000f9c       ??_C@_01DCLJPIOD@?$CB?$AA@ 000000014000df9c     libvcruntime:undname.obj
 0002:00000fa0       ??_C@_02EGOFBIJA@?$DN?$DN?$AA@ 000000014000dfa0     libvcruntime:undname.obj
 0002:00000fa4       ??_C@_02FDNJECIE@?$CB?$DN?$AA@ 000000014000dfa4     libvcruntime:undname.obj
 0002:00000fa8       ??_C@_02GPECMEKF@?$FL?$FN?$AA@ 000000014000dfa8     libvcruntime:undname.obj
 0002:00000fb0       ??_C@_08LHJFAFGD@operator?$AA@ 000000014000dfb0     libvcruntime:undname.obj
 0002:00000fbc       ??_C@_02HBOOOICD@?9?$DO?$AA@ 000000014000dfbc     libvcruntime:undname.obj
 0002:00000fc0       ??_C@_01NBENCBCI@?$CK?$AA@ 000000014000dfc0     libvcruntime:undname.obj
 0002:00000fc4       ??_C@_02ECNGHCIF@?$CL?$CL?$AA@ 000000014000dfc4     libvcruntime:undname.obj
 0002:00000fc8       ??_C@_02BAABKJLB@?9?9?$AA@ 000000014000dfc8     libvcruntime:undname.obj
 0002:00000fd0       __acrt_exception_action_table 000000014000dfd0     libucrt:exception_filter.obj
 0002:00001090       __acrt_signal_action_table_count 000000014000e090     libucrt:exception_filter.obj
 0002:00001098       __acrt_signal_action_first_fpe_index 000000014000e098     libucrt:exception_filter.obj
 0002:000010a0       __acrt_signal_action_fpe_count 000000014000e0a0     libucrt:exception_filter.obj
 0002:000010a8       ??_C@_1BI@BGOHAHKC@?$AAm?$AAs?$AAc?$AAo?$AAr?$AAe?$AAe?$AA?4?$AAd?$AAl?$AAl?$AA?$AA@ 000000014000e0a8     libucrt:exit.obj
 0002:000010c0       ??_C@_0P@MIGLKIOC@CorExitProcess?$AA@ 000000014000e0c0     libucrt:exit.obj
 0002:00001348       ??_C@_1M@HPNHIDJI@?$AAj?$AAa?$AA?9?$AAJ?$AAP?$AA?$AA@ 000000014000e348     libucrt:mbctype.obj
 0002:00001358       ??_C@_1M@BIBDDEMK@?$AAz?$AAh?$AA?9?$AAC?$AAN?$AA?$AA@ 000000014000e358     libucrt:mbctype.obj
 0002:00001368       ??_C@_1M@JLOOOEGK@?$AAk?$AAo?$AA?9?$AAK?$AAR?$AA?$AA@ 000000014000e368     libucrt:mbctype.obj
 0002:00001378       ??_C@_1M@CLNBBOPM@?$AAz?$AAh?$AA?9?$AAT?$AAW?$AA?$AA@ 000000014000e378     libucrt:mbctype.obj
 0002:00001430       ??_C@_1EG@CNNIPFIM@?$AAa?$AAp?$AAi?$AA?9?$AAm?$AAs?$AA?9?$AAw?$AAi?$AAn?$AA?9?$AAa?$AAp?$AAp?$AAm?$AAo?$AAd?$AAe?$AAl?$AA?9?$AAr?$AAu?$AAn?$AAt?$AAi?$AAm?$AAe?$AA?9?$AAl?$AA1?$AA?9?$AA1@ 000000014000e430     libucrt:winapi_thunks.obj
 0002:00001480       ??_C@_1EA@JGEFHKEI@?$AAa?$AAp?$AAi?$AA?9?$AAm?$AAs?$AA?9?$AAw?$AAi?$AAn?$AA?9?$AAc?$AAo?$AAr?$AAe?$AA?9?$AAd?$AAa?$AAt?$AAe?$AAt?$AAi?$AAm?$AAe?$AA?9?$AAl?$AA1?$AA?9?$AA1?$AA?9?$AA1?$AA?$AA@ 000000014000e480     libucrt:winapi_thunks.obj
 0002:000014c0       ??_C@_1DI@GCIAAENM@?$AAa?$AAp?$AAi?$AA?9?$AAm?$AAs?$AA?9?$AAw?$AAi?$AAn?$AA?9?$AAc?$AAo?$AAr?$AAe?$AA?9?$AAf?$AAi?$AAl?$AAe?$AA?9?$AAl?$AA2?$AA?9?$AA1?$AA?9?$AA1?$AA?$AA@ 000000014000e4c0     libucrt:winapi_thunks.obj
 0002:00001500       ??_C@_1EI@MPIAOHOC@?$AAa?$AAp?$AAi?$AA?9?$AAm?$AAs?$AA?9?$AAw?$AAi?$AAn?$AA?9?$AAc?$AAo?$AAr?$AAe?$AA?9?$AAl?$AAo?$AAc?$AAa?$AAl?$AAi?$AAz?$AAa?$AAt?$AAi?$AAo?$AAn?$AA?9?$AAl?$AA1?$AA?9@ 000000014000e500     libucrt:winapi_thunks.obj
 0002:00001550       ??_C@_1FK@FPHCKFIE@?$AAa?$AAp?$AAi?$AA?9?$AAm?$AAs?$AA?9?$AAw?$AAi?$AAn?$AA?9?$AAc?$AAo?$AAr?$AAe?$AA?9?$AAl?$AAo?$AAc?$AAa?$AAl?$AAi?$AAz?$AAa?$AAt?$AAi?$AAo?$AAn?$AA?9?$AAo?$AAb?$AAs@ 000000014000e550     libucrt:winapi_thunks.obj
 0002:000015b0       ??_C@_1EM@DILCGIIO@?$AAa?$AAp?$AAi?$AA?9?$AAm?$AAs?$AA?9?$AAw?$AAi?$AAn?$AA?9?$AAc?$AAo?$AAr?$AAe?$AA?9?$AAp?$AAr?$AAo?$AAc?$AAe?$AAs?$AAs?$AAt?$AAh?$AAr?$AAe?$AAa?$AAd?$AAs?$AA?9?$AAl@ 000000014000e5b0     libucrt:winapi_thunks.obj
 0002:00001600       ??_C@_1DM@LNCGDDPN@?$AAa?$AAp?$AAi?$AA?9?$AAm?$AAs?$AA?9?$AAw?$AAi?$AAn?$AA?9?$AAc?$AAo?$AAr?$AAe?$AA?9?$AAs?$AAt?$AAr?$AAi?$AAn?$AAg?$AA?9?$AAl?$AA1?$AA?9?$AA1?$AA?9?$AA0?$AA?$AA@ 000000014000e600     libucrt:winapi_thunks.obj
 0002:00001640       ??_C@_1DO@FPAPJEMD@?$AAa?$AAp?$AAi?$AA?9?$AAm?$AAs?$AA?9?$AAw?$AAi?$AAn?$AA?9?$AAc?$AAo?$AAr?$AAe?$AA?9?$AAs?$AAy?$AAs?$AAi?$AAn?$AAf?$AAo?$AA?9?$AAl?$AA1?$AA?9?$AA2?$AA?9?$AA1?$AA?$AA@ 000000014000e640     libucrt:winapi_thunks.obj
 0002:00001680       ??_C@_1DK@NDHNAHIO@?$AAa?$AAp?$AAi?$AA?9?$AAm?$AAs?$AA?9?$AAw?$AAi?$AAn?$AA?9?$AAc?$AAo?$AAr?$AAe?$AA?9?$AAw?$AAi?$AAn?$AAr?$AAt?$AA?9?$AAl?$AA1?$AA?9?$AA1?$AA?9?$AA0?$AA?$AA@ 000000014000e680     libucrt:winapi_thunks.obj
 0002:000016c0       ??_C@_1DM@KGHDGBCM@?$AAa?$AAp?$AAi?$AA?9?$AAm?$AAs?$AA?9?$AAw?$AAi?$AAn?$AA?9?$AAc?$AAo?$AAr?$AAe?$AA?9?$AAx?$AAs?$AAt?$AAa?$AAt?$AAe?$AA?9?$AAl?$AA2?$AA?9?$AA1?$AA?9?$AA0?$AA?$AA@ 000000014000e6c0     libucrt:winapi_thunks.obj
 0002:00001700       ??_C@_1EO@IJIOEFOH@?$AAa?$AAp?$AAi?$AA?9?$AAm?$AAs?$AA?9?$AAw?$AAi?$AAn?$AA?9?$AAr?$AAt?$AAc?$AAo?$AAr?$AAe?$AA?9?$AAn?$AAt?$AAu?$AAs?$AAe?$AAr?$AA?9?$AAw?$AAi?$AAn?$AAd?$AAo?$AAw?$AA?9@ 000000014000e700     libucrt:winapi_thunks.obj
 0002:00001750       ??_C@_1FG@HHGEKANL@?$AAa?$AAp?$AAi?$AA?9?$AAm?$AAs?$AA?9?$AAw?$AAi?$AAn?$AA?9?$AAs?$AAe?$AAc?$AAu?$AAr?$AAi?$AAt?$AAy?$AA?9?$AAs?$AAy?$AAs?$AAt?$AAe?$AAm?$AAf?$AAu?$AAn?$AAc?$AAt?$AAi@ 000000014000e750     libucrt:winapi_thunks.obj
 0002:000017b0       ??_C@_1FG@NCKKOLKO@?$AAe?$AAx?$AAt?$AA?9?$AAm?$AAs?$AA?9?$AAw?$AAi?$AAn?$AA?9?$AAk?$AAe?$AAr?$AAn?$AAe?$AAl?$AA3?$AA2?$AA?9?$AAp?$AAa?$AAc?$AAk?$AAa?$AAg?$AAe?$AA?9?$AAc?$AAu?$AAr?$AAr@ 000000014000e7b0     libucrt:winapi_thunks.obj
 0002:00001810       ??_C@_1EG@DBIOJECG@?$AAe?$AAx?$AAt?$AA?9?$AAm?$AAs?$AA?9?$AAw?$AAi?$AAn?$AA?9?$AAn?$AAt?$AAu?$AAs?$AAe?$AAr?$AA?9?$AAd?$AAi?$AAa?$AAl?$AAo?$AAg?$AAb?$AAo?$AAx?$AA?9?$AAl?$AA1?$AA?9?$AA1@ 000000014000e810     libucrt:winapi_thunks.obj
 0002:00001860       ??_C@_1EO@FIHMJCLF@?$AAe?$AAx?$AAt?$AA?9?$AAm?$AAs?$AA?9?$AAw?$AAi?$AAn?$AA?9?$AAn?$AAt?$AAu?$AAs?$AAe?$AAr?$AA?9?$AAw?$AAi?$AAn?$AAd?$AAo?$AAw?$AAs?$AAt?$AAa?$AAt?$AAi?$AAo?$AAn?$AA?9@ 000000014000e860     libucrt:winapi_thunks.obj
 0002:000018b0       ??_C@_1O@BCCLBEOE@?$AAu?$AAs?$AAe?$AAr?$AA3?$AA2?$AA?$AA@ 000000014000e8b0     libucrt:winapi_thunks.obj
 0002:000018e8       ??_C@_0BE@JOGNEJCI@GetCurrentPackageId?$AA@ 000000014000e8e8     libucrt:winapi_thunks.obj
 0002:00001910       ??_C@_0O@KKBNKAPF@LCMapStringEx?$AA@ 000000014000e910     libucrt:winapi_thunks.obj
 0002:00001928       ??_C@_0BB@HBDEELFH@LocaleNameToLCID?$AA@ 000000014000e928     libucrt:winapi_thunks.obj
 0002:00001940       __lc_time_c                000000014000e940     libucrt:nlsdata.obj
 0002:00001c00       ??_C@_03KOEHGMDN@Sun?$AA@  000000014000ec00     libucrt:nlsdata.obj
 0002:00001c04       ??_C@_03PDAGKDH@Mon?$AA@   000000014000ec04     libucrt:nlsdata.obj
 0002:00001c08       ??_C@_03NAGEINEP@Tue?$AA@  000000014000ec08     libucrt:nlsdata.obj
 0002:00001c0c       ??_C@_03MHOMLAJA@Wed?$AA@  000000014000ec0c     libucrt:nlsdata.obj
 0002:00001c10       ??_C@_03IOFIKPDN@Thu?$AA@  000000014000ec10     libucrt:nlsdata.obj
 0002:00001c14       ??_C@_03IDIOELNC@Fri?$AA@  000000014000ec14     libucrt:nlsdata.obj
 0002:00001c18       ??_C@_03FEFJNEK@Sat?$AA@   000000014000ec18     libucrt:nlsdata.obj
 0002:00001c1c       ??_C@_06OOPIFAJ@Sunday?$AA@ 000000014000ec1c     libucrt:nlsdata.obj
 0002:00001c24       ??_C@_06JLEDEDGH@Monday?$AA@ 000000014000ec24     libucrt:nlsdata.obj
 0002:00001c30       ??_C@_07BAAGCFCM@Tuesday?$AA@ 000000014000ec30     libucrt:nlsdata.obj
 0002:00001c38       ??_C@_09DLIGFAKA@Wednesday?$AA@ 000000014000ec38     libucrt:nlsdata.obj
 0002:00001c48       ??_C@_08HACCIKIA@Thursday?$AA@ 000000014000ec48     libucrt:nlsdata.obj
 0002:00001c54       ??_C@_06JECMNKMI@Friday?$AA@ 000000014000ec54     libucrt:nlsdata.obj
 0002:00001c60       ??_C@_08INBOOONO@Saturday?$AA@ 000000014000ec60     libucrt:nlsdata.obj
 0002:00001c6c       ??_C@_03JIHJHPIE@Jan?$AA@  000000014000ec6c     libucrt:nlsdata.obj
 0002:00001c70       ??_C@_03HJBDCHOM@Feb?$AA@  000000014000ec70     libucrt:nlsdata.obj
 0002:00001c74       ??_C@_03ODNJBKGA@Mar?$AA@  000000014000ec74     libucrt:nlsdata.obj
 0002:00001c78       ??_C@_03LEOLGMJP@Apr?$AA@  000000014000ec78     libucrt:nlsdata.obj
 0002:00001c7c       ??_C@_03CNMDKL@May?$AA@    000000014000ec7c     libucrt:nlsdata.obj
 0002:00001c80       ??_C@_03IDFGHECI@Jun?$AA@  000000014000ec80     libucrt:nlsdata.obj
 0002:00001c84       ??_C@_03LBGABGKK@Jul?$AA@  000000014000ec84     libucrt:nlsdata.obj
 0002:00001c88       ??_C@_03IFJFEIGA@Aug?$AA@  000000014000ec88     libucrt:nlsdata.obj
 0002:00001c8c       ??_C@_03GGCAPAJC@Sep?$AA@  000000014000ec8c     libucrt:nlsdata.obj
 0002:00001c90       ??_C@_03BMAOKBAD@Oct?$AA@  000000014000ec90     libucrt:nlsdata.obj
 0002:00001c94       ??_C@_03JPJOFNIA@Nov?$AA@  000000014000ec94     libucrt:nlsdata.obj
 0002:00001c98       ??_C@_03MKABNOCG@Dec?$AA@  000000014000ec98     libucrt:nlsdata.obj
 0002:00001ca0       ??_C@_07CGJPFGJA@January?$AA@ 000000014000eca0     libucrt:nlsdata.obj
 0002:00001ca8       ??_C@_08GNJGEPFN@February?$AA@ 000000014000eca8     libucrt:nlsdata.obj
 0002:00001cb4       ??_C@_05HPCKOFNC@March?$AA@ 000000014000ecb4     libucrt:nlsdata.obj
 0002:00001cbc       ??_C@_05DMJDNLEJ@April?$AA@ 000000014000ecbc     libucrt:nlsdata.obj
 0002:00001cc4       ??_C@_04CNLMGBGM@June?$AA@ 000000014000ecc4     libucrt:nlsdata.obj
 0002:00001ccc       ??_C@_04MIEPOIFP@July?$AA@ 000000014000eccc     libucrt:nlsdata.obj
 0002:00001cd4       ??_C@_06LBBHFDDG@August?$AA@ 000000014000ecd4     libucrt:nlsdata.obj
 0002:00001ce0       ??_C@_09BHHEALKD@September?$AA@ 000000014000ece0     libucrt:nlsdata.obj
 0002:00001cf0       ??_C@_07JJNFCEND@October?$AA@ 000000014000ecf0     libucrt:nlsdata.obj
 0002:00001cf8       ??_C@_08HCHEGEOA@November?$AA@ 000000014000ecf8     libucrt:nlsdata.obj
 0002:00001d08       ??_C@_08EDHMEBNP@December?$AA@ 000000014000ed08     libucrt:nlsdata.obj
 0002:00001d14       ??_C@_02DEDBPAFC@AM?$AA@   000000014000ed14     libucrt:nlsdata.obj
 0002:00001d18       ??_C@_02CJNFDJBF@PM?$AA@   000000014000ed18     libucrt:nlsdata.obj
 0002:00001d20       ??_C@_08BPBNCDIB@MM?1dd?1yy?$AA@ 000000014000ed20     libucrt:nlsdata.obj
 0002:00001d30       ??_C@_0BE@CKGJFCPC@dddd?0?5MMMM?5dd?0?5yyyy?$AA@ 000000014000ed30     libucrt:nlsdata.obj
 0002:00001d48       ??_C@_08JCCMCCIL@HH?3mm?3ss?$AA@ 000000014000ed48     libucrt:nlsdata.obj
 0002:00001d58       ??_C@_17MBGCMIPB@?$AAS?$AAu?$AAn?$AA?$AA@ 000000014000ed58     libucrt:nlsdata.obj
 0002:00001d60       ??_C@_17KBOMKBF@?$AAM?$AAo?$AAn?$AA?$AA@ 000000014000ed60     libucrt:nlsdata.obj
 0002:00001d68       ??_C@_17BMKGEGOJ@?$AAT?$AAu?$AAe?$AA?$AA@ 000000014000ed68     libucrt:nlsdata.obj
 0002:00001d70       ??_C@_17CJEDCEPE@?$AAW?$AAe?$AAd?$AA?$AA@ 000000014000ed70     libucrt:nlsdata.obj
 0002:00001d78       ??_C@_17PDPHAADD@?$AAT?$AAh?$AAu?$AA?$AA@ 000000014000ed78     libucrt:nlsdata.obj
 0002:00001d80       ??_C@_17HFOLPPLP@?$AAF?$AAr?$AAi?$AA?$AA@ 000000014000ed80     libucrt:nlsdata.obj
 0002:00001d88       ??_C@_17GGIBDPIH@?$AAS?$AAa?$AAt?$AA?$AA@ 000000014000ed88     libucrt:nlsdata.obj
 0002:00001d90       ??_C@_1O@IHNHDHPB@?$AAS?$AAu?$AAn?$AAd?$AAa?$AAy?$AA?$AA@ 000000014000ed90     libucrt:nlsdata.obj
 0002:00001da0       ??_C@_1O@MMNBFLIA@?$AAM?$AAo?$AAn?$AAd?$AAa?$AAy?$AA?$AA@ 000000014000eda0     libucrt:nlsdata.obj
 0002:00001db0       ??_C@_1BA@ENFBFFEK@?$AAT?$AAu?$AAe?$AAs?$AAd?$AAa?$AAy?$AA?$AA@ 000000014000edb0     libucrt:nlsdata.obj
 0002:00001dc0       ??_C@_1BE@EBOGMDOH@?$AAW?$AAe?$AAd?$AAn?$AAe?$AAs?$AAd?$AAa?$AAy?$AA?$AA@ 000000014000edc0     libucrt:nlsdata.obj
 0002:00001dd8       ??_C@_1BC@HHMNLIHE@?$AAT?$AAh?$AAu?$AAr?$AAs?$AAd?$AAa?$AAy?$AA?$AA@ 000000014000edd8     libucrt:nlsdata.obj
 0002:00001df0       ??_C@_1O@PDICJHAG@?$AAF?$AAr?$AAi?$AAd?$AAa?$AAy?$AA?$AA@ 000000014000edf0     libucrt:nlsdata.obj
 0002:00001e00       ??_C@_1BC@ENMNNPAJ@?$AAS?$AAa?$AAt?$AAu?$AAr?$AAd?$AAa?$AAy?$AA?$AA@ 000000014000ee00     libucrt:nlsdata.obj
 0002:00001e18       ??_C@_17DKNBKCHM@?$AAJ?$AAa?$AAn?$AA?$AA@ 000000014000ee18     libucrt:nlsdata.obj
 0002:00001e20       ??_C@_17LMDJEKJN@?$AAF?$AAe?$AAb?$AA?$AA@ 000000014000ee20     libucrt:nlsdata.obj
 0002:00001e28       ??_C@_17CKNLEDEC@?$AAM?$AAa?$AAr?$AA?$AA@ 000000014000ee28     libucrt:nlsdata.obj
 0002:00001e30       ??_C@_17LFPOIHDD@?$AAA?$AAp?$AAr?$AA?$AA@ 000000014000ee30     libucrt:nlsdata.obj
 0002:00001e38       ??_C@_17PNNKMEED@?$AAM?$AAa?$AAy?$AA?$AA@ 000000014000ee38     libucrt:nlsdata.obj
 0002:00001e40       ??_C@_17KCJGOCPB@?$AAJ?$AAu?$AAn?$AA?$AA@ 000000014000ee40     libucrt:nlsdata.obj
 0002:00001e48       ??_C@_17IJPCKHK@?$AAJ?$AAu?$AAl?$AA?$AA@ 000000014000ee48     libucrt:nlsdata.obj
 0002:00001e50       ??_C@_17ICPELBCN@?$AAA?$AAu?$AAg?$AA?$AA@ 000000014000ee50     libucrt:nlsdata.obj
 0002:00001e58       ??_C@_17HCHCOKMG@?$AAS?$AAe?$AAp?$AA?$AA@ 000000014000ee58     libucrt:nlsdata.obj
 0002:00001e60       ??_C@_17FNLKOI@?$AAO?$AAc?$AAt?$AA?$AA@ 000000014000ee60     libucrt:nlsdata.obj
 0002:00001e68       ??_C@_17BBDMLCIG@?$AAN?$AAo?$AAv?$AA?$AA@ 000000014000ee68     libucrt:nlsdata.obj
 0002:00001e70       ??_C@_17EGKACKIF@?$AAD?$AAe?$AAc?$AA?$AA@ 000000014000ee70     libucrt:nlsdata.obj
 0002:00001e78       ??_C@_1BA@EFMEIEBA@?$AAJ?$AAa?$AAn?$AAu?$AAa?$AAr?$AAy?$AA?$AA@ 000000014000ee78     libucrt:nlsdata.obj
 0002:00001e88       ??_C@_1BC@JGDDFFAM@?$AAF?$AAe?$AAb?$AAr?$AAu?$AAa?$AAr?$AAy?$AA?$AA@ 000000014000ee88     libucrt:nlsdata.obj
 0002:00001ea0       ??_C@_1M@IKEENEDF@?$AAM?$AAa?$AAr?$AAc?$AAh?$AA?$AA@ 000000014000eea0     libucrt:nlsdata.obj
 0002:00001eb0       ??_C@_1M@GJNLMHFD@?$AAA?$AAp?$AAr?$AAi?$AAl?$AA?$AA@ 000000014000eeb0     libucrt:nlsdata.obj
 0002:00001ec0       ??_C@_19EPFLPGAP@?$AAJ?$AAu?$AAn?$AAe?$AA?$AA@ 000000014000eec0     libucrt:nlsdata.obj
 0002:00001ed0       ??_C@_19BIFMLPCD@?$AAJ?$AAu?$AAl?$AAy?$AA?$AA@ 000000014000eed0     libucrt:nlsdata.obj
 0002:00001ee0       ??_C@_1O@PAHLKOAC@?$AAA?$AAu?$AAg?$AAu?$AAs?$AAt?$AA?$AA@ 000000014000eee0     libucrt:nlsdata.obj
 0002:00001ef0       ??_C@_1BE@DKAAMBJL@?$AAS?$AAe?$AAp?$AAt?$AAe?$AAm?$AAb?$AAe?$AAr?$AA?$AA@ 000000014000eef0     libucrt:nlsdata.obj
 0002:00001f08       ??_C@_1BA@EPANDLNG@?$AAO?$AAc?$AAt?$AAo?$AAb?$AAe?$AAr?$AA?$AA@ 000000014000ef08     libucrt:nlsdata.obj
 0002:00001f18       ??_C@_1BC@BGLIFPF@?$AAN?$AAo?$AAv?$AAe?$AAm?$AAb?$AAe?$AAr?$AA?$AA@ 000000014000ef18     libucrt:nlsdata.obj
 0002:00001f30       ??_C@_1BC@FEMKIFH@?$AAD?$AAe?$AAc?$AAe?$AAm?$AAb?$AAe?$AAr?$AA?$AA@ 000000014000ef30     libucrt:nlsdata.obj
 0002:00001f44       ??_C@_15ODEHAHHF@?$AAA?$AAM?$AA?$AA@ 000000014000ef44     libucrt:nlsdata.obj
 0002:00001f4c       ??_C@_15CLMNNGEL@?$AAP?$AAM?$AA?$AA@ 000000014000ef4c     libucrt:nlsdata.obj
 0002:00001f58       ??_C@_1BC@IEBCMHCM@?$AAM?$AAM?$AA?1?$AAd?$AAd?$AA?1?$AAy?$AAy?$AA?$AA@ 000000014000ef58     libucrt:nlsdata.obj
 0002:00001f70       ??_C@_1CI@KNAKOEBC@?$AAd?$AAd?$AAd?$AAd?$AA?0?$AA?5?$AAM?$AAM?$AAM?$AAM?$AA?5?$AAd?$AAd?$AA?0?$AA?5?$AAy?$AAy?$AAy?$AAy?$AA?$AA@ 000000014000ef70     libucrt:nlsdata.obj
 0002:00001f98       ??_C@_1BC@GDGBMEMK@?$AAH?$AAH?$AA?3?$AAm?$AAm?$AA?3?$AAs?$AAs?$AA?$AA@ 000000014000ef98     libucrt:nlsdata.obj
 0002:00001fb0       ??_C@_1M@BMHNFIME@?$AAe?$AAn?$AA?9?$AAU?$AAS?$AA?$AA@ 000000014000efb0     libucrt:nlsdata.obj
 0002:00001fc0       __newctype                 000000014000efc0     libucrt:ctype.obj
 0002:000022c0       __newclmap                 000000014000f2c0     libucrt:ctype.obj
 0002:00002440       __newcumap                 000000014000f440     libucrt:ctype.obj
 0002:000025c0       ??_C@_15PJPFLCCM@?$AAu?$AAk?$AA?$AA@ 000000014000f5c0     libucrt:get_qualified_locale.obj
 0002:00003410       ??_C@_15EMKDOKLE@?$AAa?$AAr?$AA?$AA@ 0000000140010410     libucrt:lcidtoname_downlevel.obj
 0002:00003418       ??_C@_15KNPADPLH@?$AAb?$AAg?$AA?$AA@ 0000000140010418     libucrt:lcidtoname_downlevel.obj
 0002:00003420       ??_C@_15EDMHLDMO@?$AAc?$AAa?$AA?$AA@ 0000000140010420     libucrt:lcidtoname_downlevel.obj
 0002:00003428       ??_C@_1O@BPEAJADD@?$AAz?$AAh?$AA?9?$AAC?$AAH?$AAS?$AA?$AA@ 0000000140010428     libucrt:lcidtoname_downlevel.obj
 0002:00003438       ??_C@_15LJNHCMNK@?$AAc?$AAs?$AA?$AA@ 0000000140010438     libucrt:lcidtoname_downlevel.obj
 0002:00003440       ??_C@_15FOMCIDHG@?$AAd?$AAa?$AA?$AA@ 0000000140010440     libucrt:lcidtoname_downlevel.obj
 0002:00003448       ??_C@_15NBKABECB@?$AAd?$AAe?$AA?$AA@ 0000000140010448     libucrt:lcidtoname_downlevel.obj
 0002:00003450       ??_C@_15GHPEIIAO@?$AAe?$AAl?$AA?$AA@ 0000000140010450     libucrt:lcidtoname_downlevel.obj
 0002:00003458       ??_C@_15MNPNEAIF@?$AAe?$AAn?$AA?$AA@ 0000000140010458     libucrt:lcidtoname_downlevel.obj
 0002:00003460       ??_C@_15GPIOMPMH@?$AAe?$AAs?$AA?$AA@ 0000000140010460     libucrt:lcidtoname_downlevel.obj
 0002:00003468       ??_C@_15NGLOAKJC@?$AAf?$AAi?$AA?$AA@ 0000000140010468     libucrt:lcidtoname_downlevel.obj
 0002:00003470       ??_C@_15FBKGNKAM@?$AAf?$AAr?$AA?$AA@ 0000000140010470     libucrt:lcidtoname_downlevel.obj
 0002:00003478       ??_C@_15KGGCNEFK@?$AAh?$AAe?$AA?$AA@ 0000000140010478     libucrt:lcidtoname_downlevel.obj
 0002:00003480       ??_C@_15PGHLIDMF@?$AAh?$AAu?$AA?$AA@ 0000000140010480     libucrt:lcidtoname_downlevel.obj
 0002:00003488       ??_C@_15BIEMAPLM@?$AAi?$AAs?$AA?$AA@ 0000000140010488     libucrt:lcidtoname_downlevel.obj
 0002:00003490       ??_C@_15IFJLDHAF@?$AAi?$AAt?$AA?$AA@ 0000000140010490     libucrt:lcidtoname_downlevel.obj
 0002:00003498       ??_C@_15GEMIOCAG@?$AAj?$AAa?$AA?$AA@ 0000000140010498     libucrt:lcidtoname_downlevel.obj
 0002:000034a0       ??_C@_15EPELEGJA@?$AAk?$AAo?$AA?$AA@ 00000001400104a0     libucrt:lcidtoname_downlevel.obj
 0002:000034a8       ??_C@_15NDDHIMN@?$AAn?$AAl?$AA?$AA@ 00000001400104a8     libucrt:lcidtoname_downlevel.obj
 0002:000034b0       ??_C@_15BPIGNHCD@?$AAn?$AAo?$AA?$AA@ 00000001400104b0     libucrt:lcidtoname_downlevel.obj
 0002:000034b8       ??_C@_15DEOPBLCG@?$AAp?$AAl?$AA?$AA@ 00000001400104b8     libucrt:lcidtoname_downlevel.obj
 0002:000034c0       ??_C@_15KBECGEFG@?$AAp?$AAt?$AA?$AA@ 00000001400104c0     libucrt:lcidtoname_downlevel.obj
 0002:000034c8       ??_C@_15GLJCBFMD@?$AAr?$AAo?$AA?$AA@ 00000001400104c8     libucrt:lcidtoname_downlevel.obj
 0002:000034d0       ??_C@_15FEDGKCDI@?$AAr?$AAu?$AA?$AA@ 00000001400104d0     libucrt:lcidtoname_downlevel.obj
 0002:000034d8       ??_C@_15GLKMLLHM@?$AAh?$AAr?$AA?$AA@ 00000001400104d8     libucrt:lcidtoname_downlevel.obj
 0002:000034e0       ??_C@_15CPKMFBDB@?$AAs?$AAk?$AA?$AA@ 00000001400104e0     libucrt:lcidtoname_downlevel.obj
 0002:000034e8       ??_C@_15BAAIOGMK@?$AAs?$AAq?$AA?$AA@ 00000001400104e8     libucrt:lcidtoname_downlevel.obj
 0002:000034f0       ??_C@_15INNPNOHD@?$AAs?$AAv?$AA?$AA@ 00000001400104f0     libucrt:lcidtoname_downlevel.obj
 0002:000034f8       ??_C@_15CABMMOGH@?$AAt?$AAh?$AA?$AA@ 00000001400104f8     libucrt:lcidtoname_downlevel.obj
 0002:00003500       ??_C@_15BPLIHJJM@?$AAt?$AAr?$AA?$AA@ 0000000140010500     libucrt:lcidtoname_downlevel.obj
 0002:00003508       ??_C@_15NEOEKKDJ@?$AAu?$AAr?$AA?$AA@ 0000000140010508     libucrt:lcidtoname_downlevel.obj
 0002:00003510       ??_C@_15NFICGAJK@?$AAi?$AAd?$AA?$AA@ 0000000140010510     libucrt:lcidtoname_downlevel.obj
 0002:00003518       ??_C@_15HPJPHDM@?$AAb?$AAe?$AA?$AA@ 0000000140010518     libucrt:lcidtoname_downlevel.obj
 0002:00003520       ??_C@_15LCHLGJII@?$AAs?$AAl?$AA?$AA@ 0000000140010520     libucrt:lcidtoname_downlevel.obj
 0002:00003528       ??_C@_15PCFJPHHO@?$AAe?$AAt?$AA?$AA@ 0000000140010528     libucrt:lcidtoname_downlevel.obj
 0002:00003530       ??_C@_15HPFPGODN@?$AAl?$AAv?$AA?$AA@ 0000000140010530     libucrt:lcidtoname_downlevel.obj
 0002:00003538       ??_C@_15NFFGKGLG@?$AAl?$AAt?$AA?$AA@ 0000000140010538     libucrt:lcidtoname_downlevel.obj
 0002:00003540       ??_C@_15BDAKCCHN@?$AAf?$AAa?$AA?$AA@ 0000000140010540     libucrt:lcidtoname_downlevel.obj
 0002:00003548       ??_C@_15NFGIAIAJ@?$AAv?$AAi?$AA?$AA@ 0000000140010548     libucrt:lcidtoname_downlevel.obj
 0002:00003550       ??_C@_15LMKNDMHN@?$AAh?$AAy?$AA?$AA@ 0000000140010550     libucrt:lcidtoname_downlevel.obj
 0002:00003558       ??_C@_15IJBHMCFL@?$AAa?$AAz?$AA?$AA@ 0000000140010558     libucrt:lcidtoname_downlevel.obj
 0002:00003560       ??_C@_15EKOFJABL@?$AAe?$AAu?$AA?$AA@ 0000000140010560     libucrt:lcidtoname_downlevel.obj
 0002:00003568       ??_C@_15BGHADCNK@?$AAm?$AAk?$AA?$AA@ 0000000140010568     libucrt:lcidtoname_downlevel.obj
 0002:00003570       ??_C@_15JDNICKHM@?$AAa?$AAf?$AA?$AA@ 0000000140010570     libucrt:lcidtoname_downlevel.obj
 0002:00003578       ??_C@_15KPJEDBKD@?$AAk?$AAa?$AA?$AA@ 0000000140010578     libucrt:lcidtoname_downlevel.obj
 0002:00003580       ??_C@_15PDNFFFEO@?$AAf?$AAo?$AA?$AA@ 0000000140010580     libucrt:lcidtoname_downlevel.obj
 0002:00003588       ??_C@_15OMLEGLOC@?$AAh?$AAi?$AA?$AA@ 0000000140010588     libucrt:lcidtoname_downlevel.obj
 0002:00003590       ??_C@_15IDNNENKK@?$AAm?$AAs?$AA?$AA@ 0000000140010590     libucrt:lcidtoname_downlevel.obj
 0002:00003598       ??_C@_15MACJNBMH@?$AAk?$AAk?$AA?$AA@ 0000000140010598     libucrt:lcidtoname_downlevel.obj
 0002:000035a0       ??_C@_15DKDJEOND@?$AAk?$AAy?$AA?$AA@ 00000001400105a0     libucrt:lcidtoname_downlevel.obj
 0002:000035a8       ??_C@_15DFGDLJBG@?$AAs?$AAw?$AA?$AA@ 00000001400105a8     libucrt:lcidtoname_downlevel.obj
 0002:000035b0       ??_C@_15BBFAICNG@?$AAu?$AAz?$AA?$AA@ 00000001400105b0     libucrt:lcidtoname_downlevel.obj
 0002:000035b8       ??_C@_15DKNDCGEA@?$AAt?$AAt?$AA?$AA@ 00000001400105b8     libucrt:lcidtoname_downlevel.obj
 0002:000035c0       ??_C@_15MGIFMDPL@?$AAp?$AAa?$AA?$AA@ 00000001400105c0     libucrt:lcidtoname_downlevel.obj
 0002:000035c8       ??_C@_15HCNDBBA@?$AAg?$AAu?$AA?$AA@ 00000001400105c8     libucrt:lcidtoname_downlevel.obj
 0002:000035d0       ??_C@_15FNBEIBON@?$AAt?$AAa?$AA?$AA@ 00000001400105d0     libucrt:lcidtoname_downlevel.obj
 0002:000035d8       ??_C@_15NCHGBGLK@?$AAt?$AAe?$AA?$AA@ 00000001400105d8     libucrt:lcidtoname_downlevel.obj
 0002:000035e0       ??_C@_15PHPHCBPF@?$AAk?$AAn?$AA?$AA@ 00000001400105e0     libucrt:lcidtoname_downlevel.obj
 0002:000035e8       ??_C@_15DLGBCKMP@?$AAm?$AAr?$AA?$AA@ 00000001400105e8     libucrt:lcidtoname_downlevel.obj
 0002:000035f0       ??_C@_15EABBLBFF@?$AAs?$AAa?$AA?$AA@ 00000001400105f0     libucrt:lcidtoname_downlevel.obj
 0002:000035f8       ??_C@_15CBKOMCOI@?$AAm?$AAn?$AA?$AA@ 00000001400105f8     libucrt:lcidtoname_downlevel.obj
 0002:00003600       ??_C@_15CKDMCJAF@?$AAg?$AAl?$AA?$AA@ 0000000140010600     libucrt:lcidtoname_downlevel.obj
 0002:00003608       ??_C@_17CNJFBPG@?$AAk?$AAo?$AAk?$AA?$AA@ 0000000140010608     libucrt:lcidtoname_downlevel.obj
 0002:00003610       ??_C@_17FFBJICPL@?$AAs?$AAy?$AAr?$AA?$AA@ 0000000140010610     libucrt:lcidtoname_downlevel.obj
 0002:00003618       ??_C@_17KPNDCPAF@?$AAd?$AAi?$AAv?$AA?$AA@ 0000000140010618     libucrt:lcidtoname_downlevel.obj
 0002:00003620       ??_C@_1M@OKAHONE@?$AAa?$AAr?$AA?9?$AAS?$AAA?$AA?$AA@ 0000000140010620     libucrt:lcidtoname_downlevel.obj
 0002:00003630       ??_C@_1M@FFFIGIGK@?$AAb?$AAg?$AA?9?$AAB?$AAG?$AA?$AA@ 0000000140010630     libucrt:lcidtoname_downlevel.obj
 0002:00003640       ??_C@_1M@BJNKEDC@?$AAc?$AAa?$AA?9?$AAE?$AAS?$AA?$AA@ 0000000140010640     libucrt:lcidtoname_downlevel.obj
 0002:00003650       ??_C@_1M@IJJHFJHA@?$AAc?$AAs?$AA?9?$AAC?$AAZ?$AA?$AA@ 0000000140010650     libucrt:lcidtoname_downlevel.obj
 0002:00003660       ??_C@_1M@CLPEOBGI@?$AAd?$AAa?$AA?9?$AAD?$AAK?$AA?$AA@ 0000000140010660     libucrt:lcidtoname_downlevel.obj
 0002:00003670       ??_C@_1M@MCMADGCB@?$AAd?$AAe?$AA?9?$AAD?$AAE?$AA?$AA@ 0000000140010670     libucrt:lcidtoname_downlevel.obj
 0002:00003680       ??_C@_1M@OOCKEMAM@?$AAe?$AAl?$AA?9?$AAG?$AAR?$AA?$AA@ 0000000140010680     libucrt:lcidtoname_downlevel.obj
 0002:00003690       ??_C@_1M@DDNJFGID@?$AAf?$AAi?$AA?9?$AAF?$AAI?$AA?$AA@ 0000000140010690     libucrt:lcidtoname_downlevel.obj
 0002:000036a0       ??_C@_1M@GLIPPMAC@?$AAf?$AAr?$AA?9?$AAF?$AAR?$AA?$AA@ 00000001400106a0     libucrt:lcidtoname_downlevel.obj
 0002:000036b0       ??_C@_1M@GFMCHPE@?$AAh?$AAe?$AA?9?$AAI?$AAL?$AA?$AA@ 00000001400106b0     libucrt:lcidtoname_downlevel.obj
 0002:000036c0       ??_C@_1M@MHLPGNKM@?$AAh?$AAu?$AA?9?$AAH?$AAU?$AA?$AA@ 00000001400106c0     libucrt:lcidtoname_downlevel.obj
 0002:000036d0       ??_C@_1M@LPDDNNPN@?$AAi?$AAs?$AA?9?$AAI?$AAS?$AA?$AA@ 00000001400106d0     libucrt:lcidtoname_downlevel.obj
 0002:000036e0       ??_C@_1M@MADIPODN@?$AAi?$AAt?$AA?9?$AAI?$AAT?$AA?$AA@ 00000001400106e0     libucrt:lcidtoname_downlevel.obj
 0002:000036f0       ??_C@_1M@IHBJJGG@?$AAn?$AAl?$AA?9?$AAN?$AAL?$AA?$AA@ 00000001400106f0     libucrt:lcidtoname_downlevel.obj
 0002:00003700       ??_C@_1M@EANAGDL@?$AAn?$AAb?$AA?9?$AAN?$AAO?$AA?$AA@ 0000000140010700     libucrt:lcidtoname_downlevel.obj
 0002:00003710       ??_C@_1M@NEIEMEGP@?$AAp?$AAl?$AA?9?$AAP?$AAL?$AA?$AA@ 0000000140010710     libucrt:lcidtoname_downlevel.obj
 0002:00003720       ??_C@_1M@BOCFIGEP@?$AAp?$AAt?$AA?9?$AAB?$AAR?$AA?$AA@ 0000000140010720     libucrt:lcidtoname_downlevel.obj
 0002:00003730       ??_C@_1M@IMPFOPBG@?$AAr?$AAo?$AA?9?$AAR?$AAO?$AA?$AA@ 0000000140010730     libucrt:lcidtoname_downlevel.obj
 0002:00003740       ??_C@_1M@IDNNEJMM@?$AAr?$AAu?$AA?9?$AAR?$AAU?$AA?$AA@ 0000000140010740     libucrt:lcidtoname_downlevel.obj
 0002:00003750       ??_C@_1M@LILEEOGM@?$AAh?$AAr?$AA?9?$AAH?$AAR?$AA?$AA@ 0000000140010750     libucrt:lcidtoname_downlevel.obj
 0002:00003760       ??_C@_1M@FKIFEHPB@?$AAs?$AAk?$AA?9?$AAS?$AAK?$AA?$AA@ 0000000140010760     libucrt:lcidtoname_downlevel.obj
 0002:00003770       ??_C@_1M@LJMAMNPJ@?$AAs?$AAq?$AA?9?$AAA?$AAL?$AA?$AA@ 0000000140010770     libucrt:lcidtoname_downlevel.obj
 0002:00003780       ??_C@_1M@GIAKDKJK@?$AAs?$AAv?$AA?9?$AAS?$AAE?$AA?$AA@ 0000000140010780     libucrt:lcidtoname_downlevel.obj
 0002:00003790       ??_C@_1M@MKJKIKCL@?$AAt?$AAh?$AA?9?$AAT?$AAH?$AA?$AA@ 0000000140010790     libucrt:lcidtoname_downlevel.obj
 0002:000037a0       ??_C@_1M@MFLCCMPB@?$AAt?$AAr?$AA?9?$AAT?$AAR?$AA?$AA@ 00000001400107a0     libucrt:lcidtoname_downlevel.obj
 0002:000037b0       ??_C@_1M@OIJHDKJN@?$AAu?$AAr?$AA?9?$AAP?$AAK?$AA?$AA@ 00000001400107b0     libucrt:lcidtoname_downlevel.obj
 0002:000037c0       ??_C@_1M@LHIPCIEK@?$AAi?$AAd?$AA?9?$AAI?$AAD?$AA?$AA@ 00000001400107c0     libucrt:lcidtoname_downlevel.obj
 0002:000037d0       ??_C@_1M@MFMOBGI@?$AAu?$AAk?$AA?9?$AAU?$AAA?$AA?$AA@ 00000001400107d0     libucrt:lcidtoname_downlevel.obj
[...]
 0004:0000066c       $pdata$?setSBCS@@YAXPEAU__crt_multibyte_data@@@Z 000000014001866c     libucrt:mbctype.obj
 0004:00000678       $pdata$?setSBUpLow@@YAXPEAU__crt_multibyte_data@@@Z 0000000140018678     libucrt:mbctype.obj
 0004:00000684       $pdata$?setmbcp_internal@@YAHH_N@Z 0000000140018684     libucrt:mbctype.obj
 0004:00000690       $pdata$__acrt_initialize_multibyte 0000000140018690     libucrt:mbctype.obj
 0004:0000069c       $pdata$__acrt_update_thread_multibyte_data 000000014001869c     libucrt:mbctype.obj
 0004:000006a8       $pdata$_setmbcp_nolock     00000001400186a8     libucrt:mbctype.obj
 0004:000006b4       $pdata$?x_ismbbtype_l@@YAHPEAU__crt_locale_pointers@@IHH@Z 00000001400186b4     libucrt:ismbbyte.obj
 0004:000006c0       $pdata$__acrt_initialize_command_line 00000001400186c0     libucrt:argv_data.obj
 0004:000006cc       $pdata$__dcrt_get_narrow_environment_from_os 00000001400186cc     libucrt:get_environment_from_os.obj
 0004:000006d8       $pdata$__acrt_initialize_locks 00000001400186d8     libucrt:locks.obj
 0004:000006e4       $pdata$__acrt_uninitialize_locks 00000001400186e4     libucrt:locks.obj
 0004:000006f0       $pdata$?try_get_function@@YAPEAXW4function_id@?A0x63058377@@QEBDQEBW4module_id@2@2@Z 00000001400186f0     libucrt:winapi_thunks.obj
 0004:000006fc       $pdata$__acrt_FlsAlloc     00000001400186fc     libucrt:winapi_thunks.obj
 0004:00000708       $pdata$__acrt_FlsFree      0000000140018708     libucrt:winapi_thunks.obj
 0004:00000714       $pdata$__acrt_FlsGetValue  0000000140018714     libucrt:winapi_thunks.obj
 0004:00000720       $pdata$__acrt_FlsSetValue  0000000140018720     libucrt:winapi_thunks.obj
 0004:0000072c       $pdata$__acrt_InitializeCriticalSectionEx 000000014001872c     libucrt:winapi_thunks.obj
 0004:00000738       $pdata$__acrt_LCMapStringEx 0000000140018738     libucrt:winapi_thunks.obj
 0004:00000744       $pdata$__acrt_LocaleNameToLCID 0000000140018744     libucrt:winapi_thunks.obj
 0004:00000750       $pdata$__acrt_initialize_winapi_thunks 0000000140018750     libucrt:winapi_thunks.obj
 0004:0000075c       $pdata$__acrt_is_packaged_app 000000014001875c     libucrt:winapi_thunks.obj
 0004:00000768       $pdata$__acrt_uninitialize_winapi_thunks 0000000140018768     libucrt:winapi_thunks.obj
 0004:00000774       $pdata$__acrt_lowio_create_handle_array 0000000140018774     libucrt:osfinfo.obj
 0004:00000780       $pdata$__acrt_lowio_destroy_handle_array 0000000140018780     libucrt:osfinfo.obj
 0004:0000078c       $pdata$__acrt_lowio_ensure_fh_exists 000000014001878c     libucrt:osfinfo.obj
 0004:00000798       $pdata$_free_osfhnd        0000000140018798     libucrt:osfinfo.obj
 0004:000007a4       $pdata$_get_osfhandle      00000001400187a4     libucrt:osfinfo.obj
 0004:000007b0       $pdata$?initialize_inherited_file_handles_nolock@@YAXXZ 00000001400187b0     libucrt:ioinit.obj
 0004:000007bc       $pdata$?initialize_stdio_handles_nolock@@YAXXZ 00000001400187bc     libucrt:ioinit.obj
 0004:000007c8       $pdata$__acrt_initialize_lowio 00000001400187c8     libucrt:ioinit.obj
 0004:000007d4       $pdata$__acrt_uninitialize_lowio 00000001400187d4     libucrt:ioinit.obj
 0004:000007e0       $pdata$__acrt_locale_free_monetary 00000001400187e0     libucrt:initmon.obj
 0004:000007ec       $pdata$__acrt_locale_free_numeric 00000001400187ec     libucrt:initnum.obj
 0004:000007f8       $pdata$?free_crt_array_internal@@YAXQEAPEBX_K@Z 00000001400187f8     libucrt:inittime.obj
 0004:00000804       $pdata$__acrt_locale_free_time 0000000140018804     libucrt:inittime.obj
 0004:00000810       $pdata$__pctype_func       0000000140018810     libucrt:ctype.obj
 0004:0000081c       $pdata$__acrt_GetStringTypeA 000000014001881c     libucrt:getstringtypea.obj
 0004:00000828       $pdata$__acrt_free_locale  0000000140018828     libucrt:locale_refcounting.obj
 0004:00000834       $pdata$__acrt_locale_free_lc_time_if_unreferenced 0000000140018834     libucrt:locale_refcounting.obj
 0004:00000840       $pdata$__acrt_release_locale_ref 0000000140018840     libucrt:locale_refcounting.obj
 0004:0000084c       $pdata$__acrt_update_thread_locale_data 000000014001884c     libucrt:locale_refcounting.obj
 0004:00000858       $pdata$_updatetlocinfoEx_nolock 0000000140018858     libucrt:locale_refcounting.obj
 0004:00000864       $pdata$_recalloc_base      0000000140018864     libucrt:recalloc.obj
 0004:00000870       $pdata$__acrt_initialize_heap 0000000140018870     libucrt:heap_handle.obj
 0004:0000087c       $pdata$__acrt_execute_initializers 000000014001887c     libucrt:shared_initialization.obj
 0004:00000888       $pdata$__acrt_execute_uninitializers 0000000140018888     libucrt:shared_initialization.obj
 0004:00000894       $pdata$_callnewh           0000000140018894     libucrt:new_handler.obj
 0004:000008a0       $pdata$_query_new_handler  00000001400188a0     libucrt:new_handler.obj
 0004:000008ac       $pdata$??$?RV<lambda_c36588078e9f5dfd39652860aa6b3aaf>@@AEAV<lambda_ec61778202f4f5fc7e7711acc23c3bca>@@V<lambda_dc9d2797ccde5d239b4a0efae8ebd7db>@@@?$__crt_seh_guarded_call@P6AXH@Z@@QEAAP6AXH@Z$$QEAV<lambda_c36588078e9f5dfd39652860aa6b3aaf>@@AEAV<lambda_ec61778202f4f5fc7e7711acc23c3bca>@@$$QEAV<lambda_dc9d2797ccde5d239b4a0efae8ebd7db>@@@Z 00000001400188ac     libucrt:signal.obj
 0004:000008b8       $pdata$__acrt_get_sigabrt_handler 00000001400188b8     libucrt:signal.obj
 0004:000008c4       $pdata$raise               00000001400188c4     libucrt:signal.obj
 0004:000008d0       $pdata$_mbtowc_l           00000001400188d0     libucrt:mbtowc.obj
 0004:000008dc       $pdata$__acrt_update_locale_info 00000001400188dc     libucrt:locale_update.obj
 0004:000008e8       $pdata$__acrt_update_multibyte_info 00000001400188e8     libucrt:locale_update.obj
 0004:000008f4       $pdata$_fileno             00000001400188f4     libucrt:fileno.obj
 0004:00000900       $pdata$__acrt_initialize_stdio 0000000140018900     libucrt:_file.obj
 0004:0000090c       $pdata$__acrt_uninitialize_stdio 000000014001890c     libucrt:_file.obj
 0004:00000918       $pdata$?shortsort@@YAXPEAD0_KP6AHPEBX2@Z@Z 0000000140018918     libucrt:qsort.obj
 0004:00000924       $pdata$2$?shortsort@@YAXPEAD0_KP6AHPEBX2@Z@Z 0000000140018924     libucrt:qsort.obj
 0004:00000930       $pdata$3$?shortsort@@YAXPEAD0_KP6AHPEBX2@Z@Z 0000000140018930     libucrt:qsort.obj
 0004:0000093c       $pdata$qsort               000000014001893c     libucrt:qsort.obj
 0004:00000948       $pdata$4$qsort             0000000140018948     libucrt:qsort.obj
 0004:00000954       $pdata$5$qsort             0000000140018954     libucrt:qsort.obj
 0004:00000960       $pdata$strncpy_s           0000000140018960     libucrt:strncpy_s.obj
 0004:0000096c       $pdata$strpbrk             000000014001896c     libucrt:strpbrk.obj
 0004:00000978       $pdata$_mbsdec_l           0000000140018978     libucrt:mbsdec.obj
 0004:00000984       $pdata$?initialize_multibyte@@YAHXZ 0000000140018984     libucrt:multibyte_initializer.obj
 0004:00000990       $pdata$?__acrt_LCMapStringA_stat@@YAHPEAU__crt_locale_pointers@@PEB_WKPEBDHPEADHHH@Z 0000000140018990     libucrt:lcmapstringa.obj
 0004:0000099c       $pdata$__acrt_LCMapStringA 000000014001899c     libucrt:lcmapstringa.obj
 0004:000009a8       $pdata$?GetTableIndexFromLocaleName@@YAHPEB_W@Z 00000001400189a8     libucrt:lcidtoname_downlevel.obj
 0004:000009b4       $pdata$__acrt_DownlevelLocaleNameToLCID 00000001400189b4     libucrt:lcidtoname_downlevel.obj
 0004:000009c0       $pdata$_msize              00000001400189c0     libucrt:msize.obj
 0004:000009cc       $pdata$_realloc_base       00000001400189cc     libucrt:realloc_base.obj
 0004:000009d8       $pdata$_isatty             00000001400189d8     libucrt:isatty.obj
 0004:000009e4       $pdata$__acrt_stdio_flush_nolock 00000001400189e4     libucrt:fflush.obj
 0004:000009f0       $pdata$_fflush_nolock      00000001400189f0     libucrt:fflush.obj
 0004:000009fc       $pdata$common_flush_all    00000001400189fc     libucrt:fflush.obj
 0004:00000a08       $pdata$_isleadbyte_l       0000000140018a08     libucrt:_wctype.obj
 0004:00000a14       $pdata$_fcloseall          0000000140018a14     libucrt:closeall.obj
 0004:00000a20       $pdata$__acrt_stdio_free_buffer_nolock 0000000140018a20     libucrt:_freebuf.obj
 0004:00000a2c       $pdata$??$?RV<lambda_b521505b218e5242e90febf6bfebc422>@@AEAV<lambda_6978c1fb23f02e42e1d9e99668cc68aa>@@V<lambda_314360699dd331753a4119843814e9a7>@@@?$__crt_seh_guarded_call@H@@QEAAH$$QEAV<lambda_b521505b218e5242e90febf6bfebc422>@@AEAV<lambda_6978c1fb23f02e42e1d9e99668cc68aa>@@$$QEAV<lambda_314360699dd331753a4119843814e9a7>@@@Z 0000000140018a2c     libucrt:commit.obj
 0004:00000a38       $pdata$_commit             0000000140018a38     libucrt:commit.obj
 0004:00000a44       $pdata$?write_double_translated_ansi_nolock@@YA?AUwrite_result@?A0x9c548279@@HQEBDI@Z 0000000140018a44     libucrt:write.obj
 0004:00000a50       $pdata$?write_text_ansi_nolock@@YA?AUwrite_result@?A0x9c548279@@HQEBDI@Z 0000000140018a50     libucrt:write.obj
 0004:00000a5c       $pdata$?write_text_utf16le_nolock@@YA?AUwrite_result@?A0x9c548279@@HQEBDI@Z 0000000140018a5c     libucrt:write.obj
 0004:00000a68       $pdata$?write_text_utf8_nolock@@YA?AUwrite_result@?A0x9c548279@@HQEBDI@Z 0000000140018a68     libucrt:write.obj
 0004:00000a74       $pdata$_write              0000000140018a74     libucrt:write.obj
 0004:00000a80       $pdata$_write_nolock       0000000140018a80     libucrt:write.obj
 0004:00000a98       $pdata$??$common_lseek_nolock@_J@@YA_JH_JH@Z 0000000140018a98     libucrt:lseek.obj
 0004:00000aa4       $pdata$_fclose_nolock      0000000140018aa4     libucrt:fclose.obj
 0004:00000ab0       $pdata$fclose              0000000140018ab0     libucrt:fclose.obj
 0004:00000abc       $pdata$_putwch_nolock      0000000140018abc     libucrt:putwch.obj
 0004:00000ac8       $pdata$_call_matherr       0000000140018ac8     libucrt:libm_error.obj
 0004:00000ad4       $pdata$_exception_enabled  0000000140018ad4     libucrt:libm_error.obj
 0004:00000ae0       $pdata$_handle_error       0000000140018ae0     libucrt:libm_error.obj
 0004:00000aec       $pdata$__acrt_initialize_fma3 0000000140018aec     libucrt:fma3_available.obj
 0004:00000af8       $pdata$_log10_special      0000000140018af8     libucrt:log_special.obj
 0004:00000b04       $pdata$_log_special_common 0000000140018b04     libucrt:log_special.obj
 0004:00000b10       $pdata$??$?RV<lambda_bfedae4ebbf01fab1bb6dcc6a9e276e0>@@AEAV<lambda_2fe9b910cf3cbf4a0ab98a02ba45b3ec>@@V<lambda_237c231691f317818eb88cc1d5d642d6>@@@?$__crt_seh_guarded_call@H@@QEAAH$$QEAV<lambda_bfedae4ebbf01fab1bb6dcc6a9e276e0>@@AEAV<lambda_2fe9b910cf3cbf4a0ab98a02ba45b3ec>@@$$QEAV<lambda_237c231691f317818eb88cc1d5d642d6>@@@Z 0000000140018b10     libucrt:close.obj
 0004:00000b1c       $pdata$_close              0000000140018b1c     libucrt:close.obj
 0004:00000b28       $pdata$_close_nolock       0000000140018b28     libucrt:close.obj
 0004:00000b34       $pdata$__dcrt_lowio_initialize_console_output 0000000140018b34     libucrt:initcon.obj
 0004:00000b40       $pdata$__dcrt_terminate_console_output 0000000140018b40     libucrt:initcon.obj
 0004:00000b58       $pdata$_raise_exc          0000000140018b58     libucrt:fpexcept.obj
 0004:00000b64       $pdata$_raise_exc_ex       0000000140018b64     libucrt:fpexcept.obj
 0004:00000b70       $pdata$_set_errno_from_matherr 0000000140018b70     libucrt:fpexcept.obj
 0004:00000b7c       $pdata$_clrfp              0000000140018b7c     libucrt:fpctrl.obj
 0004:00000b88       $pdata$_ctrlfp             0000000140018b88     libucrt:fpctrl.obj
 0004:00000b94       $pdata$_set_statfp         0000000140018b94     libucrt:fpctrl.obj
 0004:00000ba0       $pdata$_statfp             0000000140018ba0     libucrt:fpctrl.obj
 0004:00000bac       $pdata$_IsNonwritableInCurrentImage 0000000140018bac     LIBCMT:pesect.obj
 0004:00000be8       $pdata$?filt$0@?0??__scrt_common_main_seh@@YAHXZ@4HA 0000000140018be8     LIBCMT:exe_winmain.obj
 0004:00000bf4       $pdata$__scrt_is_nonwritable_in_current_image$filt$0 0000000140018bf4     LIBCMT:utility.obj
 0004:00000c00       $pdata$?filt$0@?0??common_exit@@YAXHW4_crt_exit_cleanup_mode@@W4_crt_exit_return_mode@@@Z@4HA 0000000140018c00     libucrt:exit.obj
 0004:00000c0c       $pdata$?fin$1@?0??common_exit@@YAXHW4_crt_exit_cleanup_mode@@W4_crt_exit_return_mode@@@Z@4HA 0000000140018c0c     libucrt:exit.obj
 0004:00000c18       $pdata$?fin$0@?0???$?RV<lambda_e24bbb7b643b32fcea6fa61b31d4c984>@@AEAV<lambda_275893d493268fdec8709772e3fcec0e>@@V<lambda_9d71df4d7cf3f480f8d633942495c3b0>@@@?$__crt_seh_guarded_call@H@@QEAAH$$QEAV<lambda_e24bbb7b643b32fcea6fa61b31d4c984>@@AEAV<lambda_275893d493268fdec8709772e3fcec0e>@@$$QEAV<lambda_9d71df4d7cf3f480f8d633942495c3b0>@@@Z@4HA 0000000140018c18     libucrt:onexit.obj
 0004:00000c24       $pdata$?fin$0@?0???$?RV<lambda_5e887d1dcbef67a5eb4283622ba103bf>@@AEAV<lambda_4466841279450cc726390878d4a41900>@@V<lambda_341c25c0346d94847f1f3c463c57e077>@@@?$__crt_seh_guarded_call@X@@QEAAX$$QEAV<lambda_5e887d1dcbef67a5eb4283622ba103bf>@@AEAV<lambda_4466841279450cc726390878d4a41900>@@$$QEAV<lambda_341c25c0346d94847f1f3c463c57e077>@@@Z@4HA 0000000140018c24     libucrt:per_thread_data.obj
 0004:00000c24       $pdata$?fin$0@?0???$?RV<lambda_99476a1ad63dd22509b5d3e65b0ffc95>@@AEAV<lambda_ad1ced32f4ac17aa236e5ef05d6b3b7c>@@V<lambda_f7424dd8d45958661754dc4f2697e9c3>@@@?$__crt_seh_guarded_call@X@@QEAAX$$QEAV<lambda_99476a1ad63dd22509b5d3e65b0ffc95>@@AEAV<lambda_ad1ced32f4ac17aa236e5ef05d6b3b7c>@@$$QEAV<lambda_f7424dd8d45958661754dc4f2697e9c3>@@@Z@4HA 0000000140018c24     libucrt:mbctype.obj
 0004:00000c24       $pdata$?fin$0@?0???$?RV<lambda_b8c45f8f788dd370798f47cfe8ac3a86>@@AEAV<lambda_4e60a939b0d047cfe11ddc22648dfba9>@@V<lambda_332c3edc96d0294ec56c57d38c1cdfd5>@@@?$__crt_seh_guarded_call@H@@QEAAH$$QEAV<lambda_b8c45f8f788dd370798f47cfe8ac3a86>@@AEAV<lambda_4e60a939b0d047cfe11ddc22648dfba9>@@$$QEAV<lambda_332c3edc96d0294ec56c57d38c1cdfd5>@@@Z@4HA 0000000140018c24     libucrt:onexit.obj
 0004:00000c24       $pdata$?fin$0@?0???$?RV<lambda_fb3a7dec4e47f37f22dae91bb15c9095>@@AEAV<lambda_698284760c8add0bfb0756c19673e34b>@@V<lambda_dfb8eca1e75fef3034a8fb18dd509707>@@@?$__crt_seh_guarded_call@X@@QEAAX$$QEAV<lambda_fb3a7dec4e47f37f22dae91bb15c9095>@@AEAV<lambda_698284760c8add0bfb0756c19673e34b>@@$$QEAV<lambda_dfb8eca1e75fef3034a8fb18dd509707>@@@Z@4HA 0000000140018c24     libucrt:per_thread_data.obj
 0004:00000c24       $pdata$?fin$0@?0???$?RV<lambda_46352004c1216016012b18bd6f87e700>@@AEAV<lambda_3bd07e1a1191394380780325891bf33f>@@V<lambda_334532d3f185bcaa59b5be82d7d22bff>@@@?$__crt_seh_guarded_call@X@@QEAAX$$QEAV<lambda_46352004c1216016012b18bd6f87e700>@@AEAV<lambda_3bd07e1a1191394380780325891bf33f>@@$$QEAV<lambda_334532d3f185bcaa59b5be82d7d22bff>@@@Z@4HA 0000000140018c24     libucrt:per_thread_data.obj
 0004:00000c24       $pdata$?fin$0@?0???$?RV<lambda_72d1df2b273a38828b1ce30cbf4cdab5>@@AEAV<lambda_876a65b173b8412d3a47c70a915b0cf4>@@V<lambda_41932305e351933ebe8f8be3ed8bb5dc>@@@?$__crt_seh_guarded_call@X@@QEAAX$$QEAV<lambda_72d1df2b273a38828b1ce30cbf4cdab5>@@AEAV<lambda_876a65b173b8412d3a47c70a915b0cf4>@@$$QEAV<lambda_41932305e351933ebe8f8be3ed8bb5dc>@@@Z@4HA 0000000140018c24     libucrt:per_thread_data.obj
 0004:00000c24       $pdata$?fin$0@?0???$?RV<lambda_c36588078e9f5dfd39652860aa6b3aaf>@@AEAV<lambda_ec61778202f4f5fc7e7711acc23c3bca>@@V<lambda_dc9d2797ccde5d239b4a0efae8ebd7db>@@@?$__crt_seh_guarded_call@P6AXH@Z@@QEAAP6AXH@Z$$QEAV<lambda_c36588078e9f5dfd39652860aa6b3aaf>@@AEAV<lambda_ec61778202f4f5fc7e7711acc23c3bca>@@$$QEAV<lambda_dc9d2797ccde5d239b4a0efae8ebd7db>@@@Z@4HA 0000000140018c24     libucrt:signal.obj
 0004:00000c30       $pdata$__acrt_update_thread_multibyte_data$fin$0 0000000140018c30     libucrt:mbctype.obj
 0004:00000c3c       $pdata$__acrt_initialize_lowio$fin$0 0000000140018c3c     libucrt:ioinit.obj
 0004:00000c3c       $pdata$__acrt_lowio_ensure_fh_exists$fin$0 0000000140018c3c     libucrt:osfinfo.obj
 0004:00000c48       $pdata$__acrt_uninitialize_locale$fin$0 0000000140018c48     libucrt:wsetlocale.obj
 0004:00000c48       $pdata$__acrt_update_thread_locale_data$fin$0 0000000140018c48     libucrt:locale_refcounting.obj
 0004:00000c54       $pdata$_query_new_handler$fin$0 0000000140018c54     libucrt:new_handler.obj
 0004:00000c60       $pdata$raise$fin$0         0000000140018c60     libucrt:signal.obj
 0004:00000c6c       $pdata$common_flush_all$fin$0 0000000140018c6c     libucrt:fflush.obj
 0004:00000c78       $pdata$common_flush_all$fin$1 0000000140018c78     libucrt:fflush.obj
 0004:00000c84       $pdata$_fcloseall$fin$0    0000000140018c84     libucrt:closeall.obj
 0004:00000c90       $pdata$?fin$0@?0???$?RV<lambda_bfedae4ebbf01fab1bb6dcc6a9e276e0>@@AEAV<lambda_2fe9b910cf3cbf4a0ab98a02ba45b3ec>@@V<lambda_237c231691f317818eb88cc1d5d642d6>@@@?$__crt_seh_guarded_call@H@@QEAAH$$QEAV<lambda_bfedae4ebbf01fab1bb6dcc6a9e276e0>@@AEAV<lambda_2fe9b910cf3cbf4a0ab98a02ba45b3ec>@@$$QEAV<lambda_237c231691f317818eb88cc1d5d642d6>@@@Z@4HA 0000000140018c90     libucrt:close.obj
 0004:00000c90       $pdata$?fin$0@?0???$?RV<lambda_b521505b218e5242e90febf6bfebc422>@@AEAV<lambda_6978c1fb23f02e42e1d9e99668cc68aa>@@V<lambda_314360699dd331753a4119843814e9a7>@@@?$__crt_seh_guarded_call@H@@QEAAH$$QEAV<lambda_b521505b218e5242e90febf6bfebc422>@@AEAV<lambda_6978c1fb23f02e42e1d9e99668cc68aa>@@$$QEAV<lambda_314360699dd331753a4119843814e9a7>@@@Z@4HA 0000000140018c90     libucrt:commit.obj
 0004:00000c9c       $pdata$_write$fin$0        0000000140018c9c     libucrt:write.obj
 0004:00000ca8       $pdata$fclose$fin$0        0000000140018ca8     libucrt:fclose.obj
 0004:00000cb4       $pdata$_ctrlfp$filt$0      0000000140018cb4     libucrt:fpctrl.obj
 0004:00000cc0       $pdata$_IsNonwritableInCurrentImage$filt$0 0000000140018cc0     LIBCMT:pesect.obj
 0005:00000000       __guard_fids__             0000000140019000     libucrt:initialization.obj
 0005:00000060       __guard_fids___acrt_initialize_ptd 0000000140019060     libucrt:per_thread_data.obj
 0005:00000064       __guard_fids_??$expand_argument_wildcards@D@@YAHQEAD0AEAV?$argument_list@D@?A0xca0879c4@@@Z 0000000140019064     libucrt:argv_wildcards.obj
 0005:00000068       __guard_fids__             0000000140019068     libucrt:locale_initializer.obj
 0005:0000006c       __guard_fids__             000000014001906c     libucrt:multibyte_initializer.obj
 0005:00000070       __guard_fids__             0000000140019070     libucrt:stdio_initializer.obj
 0005:00000074       __guard_fids__             0000000140019074     libucrt:stdio_initializer.obj
 0005:00000078       __guard_fids__             0000000140019078     libucrt:fma3_initializer.obj
 0005:0000007c       __guard_fids__             000000014001907c     libucrt:console_output_initializer.obj
 0005:00000080       __guard_fids__             0000000140019080     LIBCMT:exe_winmain.obj
 0005:00000084       __guard_fids__             0000000140019084     LIBCMT:exe_winmain.obj
 0005:00000088       __guard_fids__             0000000140019088     LIBCMT:exe_winmain.obj
 0005:0000008c       __guard_fids_?pre_c_initialization@@YAHXZ 000000014001908c     LIBCMT:exe_winmain.obj
 0005:00000094       __guard_fids___scrt_set_unhandled_exception_filter 0000000140019094     LIBCMT:utility_desktop.obj
 0005:00000098       __guard_fids__             0000000140019098     LIBCMT:guard_support.obj
 0005:0000009c       __guard_fids__             000000014001909c     libvcruntime:telemetry.obj
 0005:000000a0       __guard_fids_?TraceLoggingRegister@__vcrt_trace_logging_provider@@YAJPEBU_TlgProvider_t@1@PEBU_GUID@@P6AX1KE_K2PEAU_EVENT_FILTER_DESCRIPTOR@@PEAX@Z4@Z 00000001400190a0     libvcruntime:telemetry.obj
 0005:000000a4       __guard_fids___vcrt_initialize_ptd 00000001400190a4     libvcruntime:per_thread_data.obj
